Archive member included to satisfy reference by file (symbol)

/Applications/STM32CubeIDE.app/Contents/Eclipse/plugins/com.st.stm32cube.ide.mcu.externaltools.gnu-tools-for-stm32.13.3.rel1.macos64_1.0.0.202411102158/tools/bin/../lib/gcc/arm-none-eabi/13.3.1/../../../../arm-none-eabi/lib/thumb/v7e-m+fp/hard/libc_nano.a(libc_a-exit.o)
                              /Applications/STM32CubeIDE.app/Contents/Eclipse/plugins/com.st.stm32cube.ide.mcu.externaltools.gnu-tools-for-stm32.13.3.rel1.macos64_1.0.0.202411102158/tools/bin/../lib/gcc/arm-none-eabi/13.3.1/../../../../arm-none-eabi/lib/thumb/v7e-m+fp/hard/crt0.o (exit)
/Applications/STM32CubeIDE.app/Contents/Eclipse/plugins/com.st.stm32cube.ide.mcu.externaltools.gnu-tools-for-stm32.13.3.rel1.macos64_1.0.0.202411102158/tools/bin/../lib/gcc/arm-none-eabi/13.3.1/../../../../arm-none-eabi/lib/thumb/v7e-m+fp/hard/libc_nano.a(libc_a-snprintf.o)
                              ./Core/Src/protocol.o (snprintf)
/Applications/STM32CubeIDE.app/Contents/Eclipse/plugins/com.st.stm32cube.ide.mcu.externaltools.gnu-tools-for-stm32.13.3.rel1.macos64_1.0.0.202411102158/tools/bin/../lib/gcc/arm-none-eabi/13.3.1/../../../../arm-none-eabi/lib/thumb/v7e-m+fp/hard/libc_nano.a(libc_a-sprintf.o)
                              ./Core/Src/protocol.o (sprintf)
/Applications/STM32CubeIDE.app/Contents/Eclipse/plugins/com.st.stm32cube.ide.mcu.externaltools.gnu-tools-for-stm32.13.3.rel1.macos64_1.0.0.202411102158/tools/bin/../lib/gcc/arm-none-eabi/13.3.1/../../../../arm-none-eabi/lib/thumb/v7e-m+fp/hard/libc_nano.a(libc_a-findfp.o)
                              /Applications/STM32CubeIDE.app/Contents/Eclipse/plugins/com.st.stm32cube.ide.mcu.externaltools.gnu-tools-for-stm32.13.3.rel1.macos64_1.0.0.202411102158/tools/bin/../lib/gcc/arm-none-eabi/13.3.1/../../../../arm-none-eabi/lib/thumb/v7e-m+fp/hard/libc_nano.a(libc_a-exit.o) (__stdio_exit_handler)
/Applications/STM32CubeIDE.app/Contents/Eclipse/plugins/com.st.stm32cube.ide.mcu.externaltools.gnu-tools-for-stm32.13.3.rel1.macos64_1.0.0.202411102158/tools/bin/../lib/gcc/arm-none-eabi/13.3.1/../../../../arm-none-eabi/lib/thumb/v7e-m+fp/hard/libc_nano.a(libc_a-vsprintf.o)
                              ./Core/Src/circular_buffer.o (vsprintf)
/Applications/STM32CubeIDE.app/Contents/Eclipse/plugins/com.st.stm32cube.ide.mcu.externaltools.gnu-tools-for-stm32.13.3.rel1.macos64_1.0.0.202411102158/tools/bin/../lib/gcc/arm-none-eabi/13.3.1/../../../../arm-none-eabi/lib/thumb/v7e-m+fp/hard/libc_nano.a(libc_a-fwalk.o)
                              /Applications/STM32CubeIDE.app/Contents/Eclipse/plugins/com.st.stm32cube.ide.mcu.externaltools.gnu-tools-for-stm32.13.3.rel1.macos64_1.0.0.202411102158/tools/bin/../lib/gcc/arm-none-eabi/13.3.1/../../../../arm-none-eabi/lib/thumb/v7e-m+fp/hard/libc_nano.a(libc_a-findfp.o) (_fwalk_sglue)
/Applications/STM32CubeIDE.app/Contents/Eclipse/plugins/com.st.stm32cube.ide.mcu.externaltools.gnu-tools-for-stm32.13.3.rel1.macos64_1.0.0.202411102158/tools/bin/../lib/gcc/arm-none-eabi/13.3.1/../../../../arm-none-eabi/lib/thumb/v7e-m+fp/hard/libc_nano.a(libc_a-memset.o)
                              /Applications/STM32CubeIDE.app/Contents/Eclipse/plugins/com.st.stm32cube.ide.mcu.externaltools.gnu-tools-for-stm32.13.3.rel1.macos64_1.0.0.202411102158/tools/bin/../lib/gcc/arm-none-eabi/13.3.1/../../../../arm-none-eabi/lib/thumb/v7e-m+fp/hard/crt0.o (memset)
/Applications/STM32CubeIDE.app/Contents/Eclipse/plugins/com.st.stm32cube.ide.mcu.externaltools.gnu-tools-for-stm32.13.3.rel1.macos64_1.0.0.202411102158/tools/bin/../lib/gcc/arm-none-eabi/13.3.1/../../../../arm-none-eabi/lib/thumb/v7e-m+fp/hard/libc_nano.a(libc_a-strncpy.o)
                              ./Core/Src/protocol.o (strncpy)
/Applications/STM32CubeIDE.app/Contents/Eclipse/plugins/com.st.stm32cube.ide.mcu.externaltools.gnu-tools-for-stm32.13.3.rel1.macos64_1.0.0.202411102158/tools/bin/../lib/gcc/arm-none-eabi/13.3.1/../../../../arm-none-eabi/lib/thumb/v7e-m+fp/hard/libc_nano.a(libc_a-errno.o)
                              ./Core/Src/syscalls.o (__errno)
/Applications/STM32CubeIDE.app/Contents/Eclipse/plugins/com.st.stm32cube.ide.mcu.externaltools.gnu-tools-for-stm32.13.3.rel1.macos64_1.0.0.202411102158/tools/bin/../lib/gcc/arm-none-eabi/13.3.1/../../../../arm-none-eabi/lib/thumb/v7e-m+fp/hard/libc_nano.a(libc_a-init.o)
                              /Applications/STM32CubeIDE.app/Contents/Eclipse/plugins/com.st.stm32cube.ide.mcu.externaltools.gnu-tools-for-stm32.13.3.rel1.macos64_1.0.0.202411102158/tools/bin/../lib/gcc/arm-none-eabi/13.3.1/../../../../arm-none-eabi/lib/thumb/v7e-m+fp/hard/crt0.o (__libc_init_array)
/Applications/STM32CubeIDE.app/Contents/Eclipse/plugins/com.st.stm32cube.ide.mcu.externaltools.gnu-tools-for-stm32.13.3.rel1.macos64_1.0.0.202411102158/tools/bin/../lib/gcc/arm-none-eabi/13.3.1/../../../../arm-none-eabi/lib/thumb/v7e-m+fp/hard/libc_nano.a(libc_a-lock.o)
[...]
Memory Configuration

Name             Origin             Length             Attributes
RAM              0x20000000         0x00020000         xrw
FLASH            0x08000000         0x00080000         xr
*default*        0x00000000         0xffffffff

Linker script and memory map

LOAD /Applications/STM32CubeIDE.app/Contents/Eclipse/plugins/com.st.stm32cube.ide.mcu.externaltools.gnu-tools-for-stm32.13.3.rel1.macos64_1.0.0.202411102158/tools/bin/../lib/gcc/arm-none-eabi/13.3.1/thumb/v7e-m+fp/hard/crti.o
LOAD /Applications/STM32CubeIDE.app/Contents/Eclipse/plugins/com.st.stm32cube.ide.mcu.externaltools.gnu-tools-for-stm32.13.3.rel1.macos64_1.0.0.202411102158/tools/bin/../lib/gcc/arm-none-eabi/13.3.1/thumb/v7e-m+fp/hard/crtbegin.o
LOAD /Applications/STM32CubeIDE.app/Contents/Eclipse/plugins/com.st.stm32cube.ide.mcu.externaltools.gnu-tools-for-stm32.13.3.rel1.macos64_1.0.0.202411102158/tools/bin/../lib/gcc/arm-none-eabi/13.3.1/../../../../arm-none-eabi/lib/thumb/v7e-m+fp/hard/crt0.o
LOAD ./Core/Src/circular_buffer.o
LOAD ./Core/Src/crc16.o
LOAD ./Core/Src/dma.o
LOAD ./Core/Src/gpio.o
LOAD ./Core/Src/i2c.o
LOAD ./Core/Src/main.o
LOAD ./Core/Src/protocol.o
LOAD ./Core/Src/stm32f4xx_hal_msp.o
LOAD ./Core/Src/stm32f4xx_it.o
LOAD ./Core/Src/syscalls.o
LOAD ./Core/Src/sysmem.o
LOAD ./Core/Src/system_stm32f4xx.o
LOAD ./Core/Src/tcs34725.o
LOAD ./Core/Src/tim.o
LOAD ./Core/Src/usart.o
LOAD ./Core/Startup/startup_stm32f446retx.o
LOAD ./Drivers/STM32F4xx_HAL_Driver/Src/stm32f4xx_hal.o
LOAD ./Drivers/STM32F4xx_HAL_Driver/Src/stm32f4xx_hal_cortex.o
LOAD ./Drivers/STM32F4xx_HAL_Driver/Src/stm32f4xx_hal_dma.o
LOAD ./Drivers/STM32F4xx_HAL_Driver/Src/stm32f4xx_hal_dma_ex.o
LOAD ./Drivers/STM32F4xx_HAL_Driver/Src/stm32f4xx_hal_exti.o
LOAD ./Drivers/STM32F4xx_HAL_Driver/Src/stm32f4xx_hal_flash.o
LOAD ./Drivers/STM32F4xx_HAL_Driver/Src/stm32f4xx_hal_flash_ex.o
LOAD ./Drivers/STM32F4xx_HAL_Driver/Src/stm32f4xx_hal_flash_ramfunc.o
LOAD ./Drivers/STM32F4xx_HAL_Driver/Src/stm32f4xx_hal_gpio.o
LOAD ./Drivers/STM32F4xx_HAL_Driver/Src/stm32f4xx_hal_i2c.o
LOAD ./Drivers/STM32F4xx_HAL_Driver/Src/stm32f4xx_hal_i2c_ex.o
LOAD ./Drivers/STM32F4xx_HAL_Driver/Src/stm32f4xx_hal_pwr.o
LOAD ./Drivers/STM32F4xx_HAL_Driver/Src/stm32f4xx_hal_pwr_ex.o
LOAD ./Drivers/STM32F4xx_HAL_Driver/Src/stm32f4xx_hal_rcc.o
LOAD ./Drivers/STM32F4xx_HAL_Driver/Src/stm32f4xx_hal_rcc_ex.o
LOAD ./Drivers/STM32F4xx_HAL_Driver/Src/stm32f4xx_hal_tim.o
LOAD ./Drivers/STM32F4xx_HAL_Driver/Src/stm32f4xx_hal_tim_ex.o
LOAD ./Drivers/STM32F4xx_HAL_Driver/Src/stm32f4xx_hal_uart.o
START GROUP
LOAD /Applications/STM32CubeIDE.app/Contents/Eclipse/plugins/com.st.stm32cube.ide.mcu.externaltools.gnu-tools-for-stm32.13.3.rel1.macos64_1.0.0.202411102158/tools/bin/../lib/gcc/arm-none-eabi/13.3.1/../../../../arm-none-eabi/lib/thumb/v7e-m+fp/hard/libc_nano.a
LOAD /Applications/STM32CubeIDE.app/Contents/Eclipse/plugins/com.st.stm32cube.ide.mcu.externaltools.gnu-tools-for-stm32.13.3.rel1.macos64_1.0.0.202411102158/tools/bin/../lib/gcc/arm-none-eabi/13.3.1/../../../../arm-none-eabi/lib/thumb/v7e-m+fp/hard/libm.a
END GROUP
START GROUP
LOAD /Applications/STM32CubeIDE.app/Contents/Eclipse/plugins/com.st.stm32cube.ide.mcu.externaltools.gnu-tools-for-stm32.13.3.rel1.macos64_1.0.0.202411102158/tools/bin/../lib/gcc/arm-none-eabi/13.3.1/thumb/v7e-m+fp/hard/libgcc.a
LOAD /Applications/STM32CubeIDE.app/Contents/Eclipse/plugins/com.st.stm32cube.ide.mcu.externaltools.gnu-tools-for-stm32.13.3.rel1.macos64_1.0.0.202411102158/tools/bin/../lib/gcc/arm-none-eabi/13.3.1/../../../../arm-none-eabi/lib/thumb/v7e-m+fp/hard/libc_nano.a
END GROUP
START GROUP
LOAD /Applications/STM32CubeIDE.app/Contents/Eclipse/plugins/com.st.stm32cube.ide.mcu.externaltools.gnu-tools-for-stm32.13.3.rel1.macos64_1.0.0.202411102158/tools/bin/../lib/gcc/arm-none-eabi/13.3.1/thumb/v7e-m+fp/hard/libgcc.a
LOAD /Applications/STM32CubeIDE.app/Contents/Eclipse/plugins/com.st.stm32cube.ide.mcu.externaltools.gnu-tools-for-stm32.13.3.rel1.macos64_1.0.0.202411102158/tools/bin/../lib/gcc/arm-none-eabi/13.3.1/../../../../arm-none-eabi/lib/thumb/v7e-m+fp/hard/libc_nano.a
LOAD /Applications/STM32CubeIDE.app/Contents/Eclipse/plugins/com.st.stm32cube.ide.mcu.externaltools.gnu-tools-for-stm32.13.3.rel1.macos64_1.0.0.202411102158/tools/bin/../lib/gcc/arm-none-eabi/13.3.1/../../../../arm-none-eabi/lib/thumb/v7e-m+fp/hard/libnosys.a
END GROUP
START GROUP
LOAD /Applications/STM32CubeIDE.app/Contents/Eclipse/plugins/com.st.stm32cube.ide.mcu.externaltools.gnu-tools-for-stm32.13.3.rel1.macos64_1.0.0.202411102158/tools/bin/../lib/gcc/arm-none-eabi/13.3.1/thumb/v7e-m+fp/hard/libgcc.a
LOAD /Applications/STM32CubeIDE.app/Contents/Eclipse/plugins/com.st.stm32cube.ide.mcu.externaltools.gnu-tools-for-stm32.13.3.rel1.macos64_1.0.0.202411102158/tools/bin/../lib/gcc/arm-none-eabi/13.3.1/../../../../arm-none-eabi/lib/thumb/v7e-m+fp/hard/libc_nano.a
LOAD /Applications/STM32CubeIDE.app/Contents/Eclipse/plugins/com.st.stm32cube.ide.mcu.externaltools.gnu-tools-for-stm32.13.3.rel1.macos64_1.0.0.202411102158/tools/bin/../lib/gcc/arm-none-eabi/13.3.1/../../../../arm-none-eabi/lib/thumb/v7e-m+fp/hard/libnosys.a
END GROUP
LOAD /Applications/STM32CubeIDE.app/Contents/Eclipse/plugins/com.st.stm32cube.ide.mcu.externaltools.gnu-tools-for-stm32.13.3.rel1.macos64_1.0.0.202411102158/tools/bin/../lib/gcc/arm-none-eabi/13.3.1/thumb/v7e-m+fp/hard/crtend.o
LOAD /Applications/STM32CubeIDE.app/Contents/Eclipse/plugins/com.st.stm32cube.ide.mcu.externaltools.gnu-tools-for-stm32.13.3.rel1.macos64_1.0.0.202411102158/tools/bin/../lib/gcc/arm-none-eabi/13.3.1/thumb/v7e-m+fp/hard/crtn.o
                0x20020000                        _estack = (ORIGIN (RAM) + LENGTH (RAM))
                0x00000200                        _Min_Heap_Size = 0x200
                0x00000400                        _Min_Stack_Size = 0x400

.isr_vector     0x08000000      0x1c4
                0x08000000                        . = ALIGN (0x4)
 *(.isr_vector)
 .isr_vector    0x08000000      0x1c4 ./Core/Startup/startup_stm32f446retx.o
                0x08000000                g_pfnVectors
                0x080001c4                        . = ALIGN (0x4)

.text           0x080001d0     0x9cd0
                0x080001d0                        . = ALIGN (0x4)
 *(.text)
 .text          0x080001d0       0x40 /Applications/STM32CubeIDE.app/Contents/Eclipse/plugins/com.st.stm32cube.ide.mcu.externaltools.gnu-tools-for-stm32.13.3.rel1.macos64_1.0.0.202411102158/tools/bin/../lib/gcc/arm-none-eabi/13.3.1/thumb/v7e-m+fp/hard/crtbegin.o
 .text          0x08000210       0x14 /Applications/STM32CubeIDE.app/Contents/Eclipse/plugins/com.st.stm32cube.ide.mcu.externaltools.gnu-tools-for-stm32.13.3.rel1.macos64_1.0.0.202411102158/tools/bin/../lib/gcc/arm-none-eabi/13.3.1/../../../../arm-none-eabi/lib/thumb/v7e-m+fp/hard/libc_nano.a(libc_a-strcmp.o)
                0x08000210                strcmp
 .text          0x08000224       0x10 /Applications/STM32CubeIDE.app/Contents/Eclipse/plugins/com.st.stm32cube.ide.mcu.externaltools.gnu-tools-for-stm32.13.3.rel1.macos64_1.0.0.202411102158/tools/bin/../lib/gcc/arm-none-eabi/13.3.1/../../../../arm-none-eabi/lib/thumb/v7e-m+fp/hard/libc_nano.a(libc_a-strlen.o)
                0x08000224                strlen
 *fill*         0x08000234        0xc 
 .text          0x08000240       0xa0 /Applications/STM32CubeIDE.app/Contents/Eclipse/plugins/com.st.stm32cube.ide.mcu.externaltools.gnu-tools-for-stm32.13.3.rel1.macos64_1.0.0.202411102158/tools/bin/../lib/gcc/arm-none-eabi/13.3.1/../../../../arm-none-eabi/lib/thumb/v7e-m+fp/hard/libc_nano.a(libc_a-memchr.o)
                0x08000240                memchr
 .text          0x080002e0       0x30 /Applications/STM32CubeIDE.app/Contents/Eclipse/plugins/com.st.stm32cube.ide.mcu.externaltools.gnu-tools-for-stm32.13.3.rel1.macos64_1.0.0.202411102158/tools/bin/../lib/gcc/arm-none-eabi/13.3.1/thumb/v7e-m+fp/hard/libgcc.a(_aeabi_uldivmod.o)
                0x080002e0                __aeabi_uldivmod
 .text          0x08000310      0x2f8 /Applications/STM32CubeIDE.app/Contents/Eclipse/plugins/com.st.stm32cube.ide.mcu.externaltools.gnu-tools-for-stm32.13.3.rel1.macos64_1.0.0.202411102158/tools/bin/../lib/gcc/arm-none-eabi/13.3.1/thumb/v7e-m+fp/hard/libgcc.a(_udivmoddi4.o)
                0x08000310                __udivmoddi4
 .text          0x08000608        0x4 /Applications/STM32CubeIDE.app/Contents/Eclipse/plugins/com.st.stm32cube.ide.mcu.externaltools.gnu-tools-for-stm32.13.3.rel1.macos64_1.0.0.202411102158/tools/bin/../lib/gcc/arm-none-eabi/13.3.1/thumb/v7e-m+fp/hard/libgcc.a(_dvmd_tls.o)
                0x08000608                __aeabi_ldiv0
                0x08000608                __aeabi_idiv0
 *(.text*)
 .text.UART_RX_IsEmpty
                0x0800060c       0x28 ./Core/Src/circular_buffer.o
                0x0800060c                UART_RX_IsEmpty
 .text.UART_RX_GetChar
                0x08000634       0x4c ./Core/Src/circular_buffer.o
                0x08000634                UART_RX_GetChar
 .text.UART_TX_FSend
                0x08000680       0xec ./Core/Src/circular_buffer.o
                0x08000680                UART_TX_FSend
 .text.ColorBuffer_Put
                0x0800076c       0x80 ./Core/Src/circular_buffer.o
                0x0800076c                ColorBuffer_Put
 .text.ColorBuffer_GetLatest
                0x080007ec       0x54 ./Core/Src/circular_buffer.o
                0x080007ec                ColorBuffer_GetLatest
 .text.ColorBuffer_GetByTimeOffset
                0x08000840       0xb4 ./Core/Src/circular_buffer.o
                0x08000840                ColorBuffer_GetByTimeOffset
 .text.crc16_ccitt
                0x080008f4       0x58 ./Core/Src/crc16.o
                0x080008f4                crc16_ccitt
 .text.MX_DMA_Init
                0x0800094c       0x50 ./Core/Src/dma.o
                0x0800094c                MX_DMA_Init
 .text.MX_GPIO_Init
                0x0800099c      0x11c ./Core/Src/gpio.o
                0x0800099c                MX_GPIO_Init
 .text.MX_I2C1_Init
                0x08000ab8       0x5c ./Core/Src/i2c.o
                0x08000ab8                MX_I2C1_Init
 .text.HAL_I2C_MspInit
                0x08000b14      0x17c ./Core/Src/i2c.o
                0x08000b14                HAL_I2C_MspInit
 .text.HAL_UART_TxCpltCallback
                0x08000c90       0x68 ./Core/Src/main.o
                0x08000c90                HAL_UART_TxCpltCallback
 .text.HAL_UART_RxCpltCallback
                0x08000cf8       0x50 ./Core/Src/main.o
                0x08000cf8                HAL_UART_RxCpltCallback
 .text.main     0x08000d48       0x54 ./Core/Src/main.o
                0x08000d48                main
 .text.SystemClock_Config
                0x08000d9c       0xdc ./Core/Src/main.o
                0x08000d9c                SystemClock_Config
 .text.HAL_TIM_PeriodElapsedCallback
                0x08000e78       0x4c ./Core/Src/main.o
                0x08000e78                HAL_TIM_PeriodElapsedCallback
 .text.Error_Handler
                0x08000ec4        0xc ./Core/Src/main.o
                0x08000ec4                Error_Handler
 .text.is_valid_sender
                0x08000ed0       0x50 ./Core/Src/protocol.o
 .text.format_ans_data
                0x08000f20       0x44 ./Core/Src/protocol.o
 .text.convert_char_to_int
                0x08000f64       0x6c ./Core/Src/protocol.o
 .text.convert_hex_to_int
                0x08000fd0       0x96 ./Core/Src/protocol.o
 *fill*         0x08001066        0x2 
 .text.get_integration_time_ms
                0x08001068       0x50 ./Core/Src/protocol.o
 .text.hex_decode_string
                0x080010b8       0xd4 ./Core/Src/protocol.o
 .text.hex_encode_string
                0x0800118c       0x8c ./Core/Src/protocol.o
 .text.parse_command
                0x08001218      0x128 ./Core/Src/protocol.o
                0x08001218                parse_command
 .text.get_command_param_len
                0x08001340       0x68 ./Core/Src/protocol.o
                0x08001340                get_command_param_len
 .text.parse_frame
                0x080013a8      0x924 ./Core/Src/protocol.o
                0x080013a8                parse_frame
 .text.calculate_frame_crc
                0x08001ccc      0x174 ./Core/Src/protocol.o
                0x08001ccc                calculate_frame_crc
 .text.build_response_frame
                0x08001e40      0x3d4 ./Core/Src/protocol.o
                0x08001e40                build_response_frame
 .text.process_received_frame
                0x08002214      0x154 ./Core/Src/protocol.o
                0x08002214                process_received_frame
 .text.process_protocol_data
                0x08002368      0x2a4 ./Core/Src/protocol.o
                0x08002368                process_protocol_data
 .text.process_command
                0x0800260c      0xb40 ./Core/Src/protocol.o
                0x0800260c                process_command
 .text.HAL_MspInit
                0x0800314c       0x50 ./Core/Src/stm32f4xx_hal_msp.o
                0x0800314c                HAL_MspInit
 .text.NMI_Handler
                0x0800319c        0x8 ./Core/Src/stm32f4xx_it.o
                0x0800319c                NMI_Handler
 .text.HardFault_Handler
                0x080031a4        0x8 ./Core/Src/stm32f4xx_it.o
                0x080031a4                HardFault_Handler
 .text.MemManage_Handler
                0x080031ac        0x8 ./Core/Src/stm32f4xx_it.o
                0x080031ac                MemManage_Handler
 .text.BusFault_Handler
                0x080031b4        0x8 ./Core/Src/stm32f4xx_it.o
                0x080031b4                BusFault_Handler
 .text.UsageFault_Handler
                0x080031bc        0x8 ./Core/Src/stm32f4xx_it.o
                0x080031bc                UsageFault_Handler
 .text.SVC_Handler
                0x080031c4        0xe ./Core/Src/stm32f4xx_it.o
                0x080031c4                SVC_Handler
 .text.DebugMon_Handler
                0x080031d2        0xe ./Core/Src/stm32f4xx_it.o
                0x080031d2                DebugMon_Handler
 .text.PendSV_Handler
                0x080031e0        0xe ./Core/Src/stm32f4xx_it.o
                0x080031e0                PendSV_Handler
 .text.SysTick_Handler
                0x080031ee        0xc ./Core/Src/stm32f4xx_it.o
                0x080031ee                SysTick_Handler
 *fill*         0x080031fa        0x2 
 .text.DMA1_Stream0_IRQHandler
                0x080031fc       0x14 ./Core/Src/stm32f4xx_it.o
                0x080031fc                DMA1_Stream0_IRQHandler
 .text.DMA1_Stream6_IRQHandler
                0x08003210       0x14 ./Core/Src/stm32f4xx_it.o
                0x08003210                DMA1_Stream6_IRQHandler
 .text.I2C1_EV_IRQHandler
                0x08003224       0x14 ./Core/Src/stm32f4xx_it.o
                0x08003224                I2C1_EV_IRQHandler
 .text.I2C1_ER_IRQHandler
                0x08003238       0x14 ./Core/Src/stm32f4xx_it.o
                0x08003238                I2C1_ER_IRQHandler
 .text.USART2_IRQHandler
                0x0800324c       0x14 ./Core/Src/stm32f4xx_it.o
                0x0800324c                USART2_IRQHandler
 .text.TIM3_IRQHandler
                0x08003260       0x14 ./Core/Src/stm32f4xx_it.o
                0x08003260                TIM3_IRQHandler
 .text._sbrk    0x08003274       0x6c ./Core/Src/sysmem.o
                0x08003274                _sbrk
 .text.SystemInit
                0x080032e0       0x24 ./Core/Src/system_stm32f4xx.o
                0x080032e0                SystemInit
 .text.TCS34725_WriteReg
                0x08003304       0x48 ./Core/Src/tcs34725.o
                0x08003304                TCS34725_WriteReg
 .text.TCS34725_Init
                0x0800334c       0x28 ./Core/Src/tcs34725.o
                0x0800334c                TCS34725_Init
 .text.TCS34725_HandleLoop
                0x08003374      0x134 ./Core/Src/tcs34725.o
                0x08003374                TCS34725_HandleLoop
 .text.TCS34725_Start_DMA_Read
                0x080034a8       0x54 ./Core/Src/tcs34725.o
                0x080034a8                TCS34725_Start_DMA_Read
 .text.HAL_I2C_MemRxCpltCallback
                0x080034fc       0xb8 ./Core/Src/tcs34725.o
                0x080034fc                HAL_I2C_MemRxCpltCallback
 .text.MX_TIM3_Init
                0x080035b4       0x9c ./Core/Src/tim.o
                0x080035b4                MX_TIM3_Init
 .text.HAL_TIM_Base_MspInit
                0x08003650       0x50 ./Core/Src/tim.o
                0x08003650                HAL_TIM_Base_MspInit
 .text.MX_USART2_UART_Init
                0x080036a0       0x54 ./Core/Src/usart.o
                0x080036a0                MX_USART2_UART_Init
 .text.HAL_UART_MspInit
                0x080036f4       0xa0 ./Core/Src/usart.o
                0x080036f4                HAL_UART_MspInit
 .text.Reset_Handler
                0x08003794       0x50 ./Core/Startup/startup_stm32f446retx.o
                0x08003794                Reset_Handler
 .text.Default_Handler
                0x080037e4        0x2 ./Core/Startup/startup_stm32f446retx.o
                0x080037e4                DMA1_Stream3_IRQHandler
                0x080037e4                EXTI2_IRQHandler
                0x080037e4                TIM8_CC_IRQHandler
                0x080037e4                FMPI2C1_EV_IRQHandler
                0x080037e4                SPI4_IRQHandler
                0x080037e4                TIM1_CC_IRQHandler
                0x080037e4                DMA2_Stream5_IRQHandler
                0x080037e4                DMA1_Stream5_IRQHandler
                0x080037e4                PVD_IRQHandler
                0x080037e4                SDIO_IRQHandler
                0x080037e4                TAMP_STAMP_IRQHandler
                0x080037e4                CAN2_RX1_IRQHandler
                0x080037e4                EXTI3_IRQHandler
                0x080037e4                TIM8_TRG_COM_TIM14_IRQHandler
                0x080037e4                TIM1_UP_TIM10_IRQHandler
                0x080037e4                TIM8_UP_TIM13_IRQHandler
                0x080037e4                I2C3_ER_IRQHandler
                0x080037e4                EXTI0_IRQHandler
                0x080037e4                I2C2_EV_IRQHandler
                0x080037e4                DMA1_Stream2_IRQHandler
                0x080037e4                CAN1_RX0_IRQHandler
                0x080037e4                FPU_IRQHandler
                0x080037e4                OTG_HS_WKUP_IRQHandler
                0x080037e4                CAN2_SCE_IRQHandler
                0x080037e4                DMA2_Stream2_IRQHandler
                0x080037e4                SPI1_IRQHandler
                0x080037e4                TIM6_DAC_IRQHandler
                0x080037e4                TIM1_BRK_TIM9_IRQHandler
                0x080037e4                DCMI_IRQHandler
                0x080037e4                CAN2_RX0_IRQHandler
                0x080037e4                DMA2_Stream3_IRQHandler
                0x080037e4                SAI2_IRQHandler
                0x080037e4                USART6_IRQHandler
                0x080037e4                USART3_IRQHandler
                0x080037e4                CAN1_RX1_IRQHandler
                0x080037e4                UART5_IRQHandler
                0x080037e4                DMA2_Stream0_IRQHandler
                0x080037e4                TIM4_IRQHandler
                0x080037e4                QUADSPI_IRQHandler
                0x080037e4                DMA1_Stream1_IRQHandler
                0x080037e4                UART4_IRQHandler
                0x080037e4                RCC_IRQHandler
                0x080037e4                TIM8_BRK_TIM12_IRQHandler
                0x080037e4                Default_Handler
                0x080037e4                CEC_IRQHandler
                0x080037e4                EXTI15_10_IRQHandler
                0x080037e4                ADC_IRQHandler
                0x080037e4                DMA1_Stream7_IRQHandler
                0x080037e4                TIM7_IRQHandler
                0x080037e4                CAN2_TX_IRQHandler
                0x080037e4                TIM5_IRQHandler
                0x080037e4                DMA2_Stream7_IRQHandler
                0x080037e4                I2C3_EV_IRQHandler
                0x080037e4                EXTI9_5_IRQHandler
                0x080037e4                RTC_WKUP_IRQHandler
                0x080037e4                SPDIF_RX_IRQHandler
                0x080037e4                SPI2_IRQHandler
                0x080037e4                OTG_HS_EP1_IN_IRQHandler
                0x080037e4                CAN1_TX_IRQHandler
                0x080037e4                FMPI2C1_ER_IRQHandler
                0x080037e4                EXTI4_IRQHandler
                0x080037e4                OTG_HS_EP1_OUT_IRQHandler
                0x080037e4                WWDG_IRQHandler
                0x080037e4                TIM2_IRQHandler
                0x080037e4                OTG_FS_WKUP_IRQHandler
                0x080037e4                TIM1_TRG_COM_TIM11_IRQHandler
                0x080037e4                OTG_HS_IRQHandler
                0x080037e4                EXTI1_IRQHandler
                0x080037e4                I2C2_ER_IRQHandler
                0x080037e4                DMA2_Stream1_IRQHandler
                0x080037e4                CAN1_SCE_IRQHandler
                0x080037e4                FLASH_IRQHandler
                0x080037e4                DMA2_Stream4_IRQHandler
                0x080037e4                USART1_IRQHandler
                0x080037e4                OTG_FS_IRQHandler
                0x080037e4                SPI3_IRQHandler
                0x080037e4                DMA1_Stream4_IRQHandler
                0x080037e4                FMC_IRQHandler
                0x080037e4                DMA2_Stream6_IRQHandler
                0x080037e4                SAI1_IRQHandler
                0x080037e4                RTC_Alarm_IRQHandler
 *fill*         0x080037e6        0x2 
 .text.HAL_Init
                0x080037e8       0x44 ./Drivers/STM32F4xx_HAL_Driver/Src/stm32f4xx_hal.o
                0x080037e8                HAL_Init
 .text.HAL_InitTick
                0x0800382c       0x60 ./Drivers/STM32F4xx_HAL_Driver/Src/stm32f4xx_hal.o
                0x0800382c                HAL_InitTick
 .text.HAL_IncTick
                0x0800388c       0x28 ./Drivers/STM32F4xx_HAL_Driver/Src/stm32f4xx_hal.o
                0x0800388c                HAL_IncTick
 .text.HAL_GetTick
                0x080038b4       0x18 ./Drivers/STM32F4xx_HAL_Driver/Src/stm32f4xx_hal.o
                0x080038b4                HAL_GetTick
 .text.__NVIC_SetPriorityGrouping
                0x080038cc       0x48 ./Drivers/STM32F4xx_HAL_Driver/Src/stm32f4xx_hal_cortex.o
 .text.__NVIC_GetPriorityGrouping
                0x08003914       0x1c ./Drivers/STM32F4xx_HAL_Driver/Src/stm32f4xx_hal_cortex.o
 .text.__NVIC_EnableIRQ
                0x08003930       0x3c ./Drivers/STM32F4xx_HAL_Driver/Src/stm32f4xx_hal_cortex.o
 .text.__NVIC_SetPriority
                0x0800396c       0x54 ./Drivers/STM32F4xx_HAL_Driver/Src/stm32f4xx_hal_cortex.o
 .text.NVIC_EncodePriority
                0x080039c0       0x66 ./Drivers/STM32F4xx_HAL_Driver/Src/stm32f4xx_hal_cortex.o
 *fill*         0x08003a26        0x2 
 .text.SysTick_Config
                0x08003a28       0x44 ./Drivers/STM32F4xx_HAL_Driver/Src/stm32f4xx_hal_cortex.o
 .text.HAL_NVIC_SetPriorityGrouping
                0x08003a6c       0x16 ./Drivers/STM32F4xx_HAL_Driver/Src/stm32f4xx_hal_cortex.o
                0x08003a6c                HAL_NVIC_SetPriorityGrouping
 .text.HAL_NVIC_SetPriority
                0x08003a82       0x38 ./Drivers/STM32F4xx_HAL_Driver/Src/stm32f4xx_hal_cortex.o
                0x08003a82                HAL_NVIC_SetPriority
 .text.HAL_NVIC_EnableIRQ
                0x08003aba       0x1c ./Drivers/STM32F4xx_HAL_Driver/Src/stm32f4xx_hal_cortex.o
                0x08003aba                HAL_NVIC_EnableIRQ
 .text.HAL_SYSTICK_Config
                0x08003ad6       0x18 ./Drivers/STM32F4xx_HAL_Driver/Src/stm32f4xx_hal_cortex.o
                0x08003ad6                HAL_SYSTICK_Config
 *fill*         0x08003aee        0x2 
 .text.HAL_DMA_Init
                0x08003af0      0x15c ./Drivers/STM32F4xx_HAL_Driver/Src/stm32f4xx_hal_dma.o
                0x08003af0                HAL_DMA_Init
 .text.HAL_DMA_Start_IT
                0x08003c4c       0xb0 ./Drivers/STM32F4xx_HAL_Driver/Src/stm32f4xx_hal_dma.o
                0x08003c4c                HAL_DMA_Start_IT
 .text.HAL_DMA_Abort
                0x08003cfc       0xe0 ./Drivers/STM32F4xx_HAL_Driver/Src/stm32f4xx_hal_dma.o
                0x08003cfc                HAL_DMA_Abort
 .text.HAL_DMA_Abort_IT
                0x08003ddc       0x44 ./Drivers/STM32F4xx_HAL_Driver/Src/stm32f4xx_hal_dma.o
                0x08003ddc                HAL_DMA_Abort_IT
 .text.HAL_DMA_IRQHandler
                0x08003e20      0x314 ./Drivers/STM32F4xx_HAL_Driver/Src/stm32f4xx_hal_dma.o
                0x08003e20                HAL_DMA_IRQHandler
 .text.HAL_DMA_GetState
                0x08004134       0x1c ./Drivers/STM32F4xx_HAL_Driver/Src/stm32f4xx_hal_dma.o
                0x08004134                HAL_DMA_GetState
 .text.HAL_DMA_GetError
                0x08004150       0x18 ./Drivers/STM32F4xx_HAL_Driver/Src/stm32f4xx_hal_dma.o
                0x08004150                HAL_DMA_GetError
 .text.DMA_SetConfig
                0x08004168       0x5c ./Drivers/STM32F4xx_HAL_Driver/Src/stm32f4xx_hal_dma.o
 .text.DMA_CalcBaseAndBitshift
                0x080041c4       0x6c ./Drivers/STM32F4xx_HAL_Driver/Src/stm32f4xx_hal_dma.o
 .text.DMA_CheckFifoParam
                0x08004230       0xf8 ./Drivers/STM32F4xx_HAL_Driver/Src/stm32f4xx_hal_dma.o
 .text.HAL_GPIO_Init
                0x08004328      0x328 ./Drivers/STM32F4xx_HAL_Driver/Src/stm32f4xx_hal_gpio.o
                0x08004328                HAL_GPIO_Init
 .text.HAL_GPIO_ReadPin
                0x08004650       0x30 ./Drivers/STM32F4xx_HAL_Driver/Src/stm32f4xx_hal_gpio.o
                0x08004650                HAL_GPIO_ReadPin
 .text.HAL_GPIO_WritePin
                0x08004680       0x32 ./Drivers/STM32F4xx_HAL_Driver/Src/stm32f4xx_hal_gpio.o
                0x08004680                HAL_GPIO_WritePin
 *fill*         0x080046b2        0x2 
 .text.HAL_I2C_Init
                0x080046b4      0x288 ./Drivers/STM32F4xx_HAL_Driver/Src/stm32f4xx_hal_i2c.o
                0x080046b4                HAL_I2C_Init
 .text.I2C_Flush_DR
                0x0800493c       0x2a ./Drivers/STM32F4xx_HAL_Driver/Src/stm32f4xx_hal_i2c.o
 *fill*         0x08004966        0x2 
 .text.HAL_I2C_Master_Transmit_DMA
                0x08004968      0x258 ./Drivers/STM32F4xx_HAL_Driver/Src/stm32f4xx_hal_i2c.o
                0x08004968                HAL_I2C_Master_Transmit_DMA
 .text.HAL_I2C_Mem_Read_DMA
                0x08004bc0      0x320 ./Drivers/STM32F4xx_HAL_Driver/Src/stm32f4xx_hal_i2c.o
                0x08004bc0                HAL_I2C_Mem_Read_DMA
 .text.HAL_I2C_EV_IRQHandler
                0x08004ee0      0x2e2 ./Drivers/STM32F4xx_HAL_Driver/Src/stm32f4xx_hal_i2c.o
                0x08004ee0                HAL_I2C_EV_IRQHandler
 .text.HAL_I2C_ER_IRQHandler
                0x080051c2      0x14e ./Drivers/STM32F4xx_HAL_Driver/Src/stm32f4xx_hal_i2c.o
                0x080051c2                HAL_I2C_ER_IRQHandler
 .text.HAL_I2C_MasterTxCpltCallback
                0x08005310       0x14 ./Drivers/STM32F4xx_HAL_Driver/Src/stm32f4xx_hal_i2c.o
                0x08005310                HAL_I2C_MasterTxCpltCallback
 .text.HAL_I2C_MasterRxCpltCallback
                0x08005324       0x14 ./Drivers/STM32F4xx_HAL_Driver/Src/stm32f4xx_hal_i2c.o
                0x08005324                HAL_I2C_MasterRxCpltCallback
 .text.HAL_I2C_SlaveTxCpltCallback
                0x08005338       0x14 ./Drivers/STM32F4xx_HAL_Driver/Src/stm32f4xx_hal_i2c.o
                0x08005338                HAL_I2C_SlaveTxCpltCallback
 .text.HAL_I2C_SlaveRxCpltCallback
                0x0800534c       0x14 ./Drivers/STM32F4xx_HAL_Driver/Src/stm32f4xx_hal_i2c.o
                0x0800534c                HAL_I2C_SlaveRxCpltCallback
 .text.HAL_I2C_AddrCallback
                0x08005360       0x1c ./Drivers/STM32F4xx_HAL_Driver/Src/stm32f4xx_hal_i2c.o
                0x08005360                HAL_I2C_AddrCallback
 .text.HAL_I2C_ListenCpltCallback
                0x0800537c       0x14 ./Drivers/STM32F4xx_HAL_Driver/Src/stm32f4xx_hal_i2c.o
                0x0800537c                HAL_I2C_ListenCpltCallback
 .text.HAL_I2C_MemTxCpltCallback
                0x08005390       0x14 ./Drivers/STM32F4xx_HAL_Driver/Src/stm32f4xx_hal_i2c.o
                0x08005390                HAL_I2C_MemTxCpltCallback
 .text.HAL_I2C_ErrorCallback
                0x080053a4       0x14 ./Drivers/STM32F4xx_HAL_Driver/Src/stm32f4xx_hal_i2c.o
                0x080053a4                HAL_I2C_ErrorCallback
 .text.HAL_I2C_AbortCpltCallback
                0x080053b8       0x14 ./Drivers/STM32F4xx_HAL_Driver/Src/stm32f4xx_hal_i2c.o
                0x080053b8                HAL_I2C_AbortCpltCallback
 .text.HAL_I2C_GetState
                0x080053cc       0x1c ./Drivers/STM32F4xx_HAL_Driver/Src/stm32f4xx_hal_i2c.o
                0x080053cc                HAL_I2C_GetState
 .text.I2C_MasterTransmit_TXE
                0x080053e8      0x138 ./Drivers/STM32F4xx_HAL_Driver/Src/stm32f4xx_hal_i2c.o
 .text.I2C_MasterTransmit_BTF
                0x08005520       0xec ./Drivers/STM32F4xx_HAL_Driver/Src/stm32f4xx_hal_i2c.o
 .text.I2C_MemoryTransmit_TXE_BTF
                0x0800560c      0x130 ./Drivers/STM32F4xx_HAL_Driver/Src/stm32f4xx_hal_i2c.o
 .text.I2C_MasterReceive_RXNE
                0x0800573c      0x190 ./Drivers/STM32F4xx_HAL_Driver/Src/stm32f4xx_hal_i2c.o
 .text.I2C_MasterReceive_BTF
                0x080058cc      0x1e2 ./Drivers/STM32F4xx_HAL_Driver/Src/stm32f4xx_hal_i2c.o
 .text.I2C_Master_SB
                0x08005aae      0x10c ./Drivers/STM32F4xx_HAL_Driver/Src/stm32f4xx_hal_i2c.o
 .text.I2C_Master_ADD10
                0x08005bba       0x54 ./Drivers/STM32F4xx_HAL_Driver/Src/stm32f4xx_hal_i2c.o
 .text.I2C_Master_ADDR
                0x08005c0e      0x322 ./Drivers/STM32F4xx_HAL_Driver/Src/stm32f4xx_hal_i2c.o
 .text.I2C_SlaveTransmit_TXE
                0x08005f30       0x7a ./Drivers/STM32F4xx_HAL_Driver/Src/stm32f4xx_hal_i2c.o
 .text.I2C_SlaveTransmit_BTF
                0x08005faa       0x42 ./Drivers/STM32F4xx_HAL_Driver/Src/stm32f4xx_hal_i2c.o
 .text.I2C_SlaveReceive_RXNE
                0x08005fec       0x7c ./Drivers/STM32F4xx_HAL_Driver/Src/stm32f4xx_hal_i2c.o
 .text.I2C_SlaveReceive_BTF
                0x08006068       0x44 ./Drivers/STM32F4xx_HAL_Driver/Src/stm32f4xx_hal_i2c.o
 .text.I2C_Slave_ADDR
                0x080060ac       0x94 ./Drivers/STM32F4xx_HAL_Driver/Src/stm32f4xx_hal_i2c.o
 .text.I2C_Slave_STOPF
                0x08006140      0x260 ./Drivers/STM32F4xx_HAL_Driver/Src/stm32f4xx_hal_i2c.o
 .text.I2C_Slave_AF
                0x080063a0       0xe8 ./Drivers/STM32F4xx_HAL_Driver/Src/stm32f4xx_hal_i2c.o
 .text.I2C_ITError
                0x08006488      0x264 ./Drivers/STM32F4xx_HAL_Driver/Src/stm32f4xx_hal_i2c.o
 .text.I2C_RequestMemoryRead
                0x080066ec      0x1d0 ./Drivers/STM32F4xx_HAL_Driver/Src/stm32f4xx_hal_i2c.o
 .text.I2C_DMAXferCplt
                0x080068bc      0x1be ./Drivers/STM32F4xx_HAL_Driver/Src/stm32f4xx_hal_i2c.o
 .text.I2C_DMAError
                0x08006a7a       0x7a ./Drivers/STM32F4xx_HAL_Driver/Src/stm32f4xx_hal_i2c.o
 .text.I2C_DMAAbort
                0x08006af4      0x150 ./Drivers/STM32F4xx_HAL_Driver/Src/stm32f4xx_hal_i2c.o
 .text.I2C_WaitOnFlagUntilTimeout
                0x08006c44       0xf4 ./Drivers/STM32F4xx_HAL_Driver/Src/stm32f4xx_hal_i2c.o
 .text.I2C_WaitOnMasterAddressFlagUntilTimeout
                0x08006d38      0x140 ./Drivers/STM32F4xx_HAL_Driver/Src/stm32f4xx_hal_i2c.o
 .text.I2C_WaitOnTXEFlagUntilTimeout
                0x08006e78       0x90 ./Drivers/STM32F4xx_HAL_Driver/Src/stm32f4xx_hal_i2c.o
 .text.I2C_WaitOnSTOPRequestThroughIT
                0x08006f08       0x64 ./Drivers/STM32F4xx_HAL_Driver/Src/stm32f4xx_hal_i2c.o
 .text.I2C_IsAcknowledgeFailed
                0x08006f6c       0x5e ./Drivers/STM32F4xx_HAL_Driver/Src/stm32f4xx_hal_i2c.o
 .text.I2C_ConvertOtherXferOptions
                0x08006fca       0x36 ./Drivers/STM32F4xx_HAL_Driver/Src/stm32f4xx_hal_i2c.o
 .text.HAL_RCC_ClockConfig
                0x08007000      0x1cc ./Drivers/STM32F4xx_HAL_Driver/Src/stm32f4xx_hal_rcc.o
                0x08007000                HAL_RCC_ClockConfig
 .text.HAL_RCC_GetHCLKFreq
                0x080071cc       0x18 ./Drivers/STM32F4xx_HAL_Driver/Src/stm32f4xx_hal_rcc.o
                0x080071cc                HAL_RCC_GetHCLKFreq
 .text.HAL_RCC_GetPCLK1Freq
                0x080071e4       0x28 ./Drivers/STM32F4xx_HAL_Driver/Src/stm32f4xx_hal_rcc.o
                0x080071e4                HAL_RCC_GetPCLK1Freq
 .text.HAL_RCC_GetPCLK2Freq
                0x0800720c       0x28 ./Drivers/STM32F4xx_HAL_Driver/Src/stm32f4xx_hal_rcc.o
                0x0800720c                HAL_RCC_GetPCLK2Freq
 .text.HAL_RCC_GetSysClockFreq
                0x08007234      0x460 ./Drivers/STM32F4xx_HAL_Driver/Src/stm32f4xx_hal_rcc_ex.o
                0x08007234                HAL_RCC_GetSysClockFreq
 .text.HAL_RCC_OscConfig
                0x08007694      0x53c ./Drivers/STM32F4xx_HAL_Driver/Src/stm32f4xx_hal_rcc_ex.o
                0x08007694                HAL_RCC_OscConfig
 .text.HAL_TIM_Base_Init
                0x08007bd0       0x9e ./Drivers/STM32F4xx_HAL_Driver/Src/stm32f4xx_hal_tim.o
                0x08007bd0                HAL_TIM_Base_Init
 *fill*         0x08007c6e        0x2 
 .text.HAL_TIM_Base_Start_IT
                0x08007c70       0xe0 ./Drivers/STM32F4xx_HAL_Driver/Src/stm32f4xx_hal_tim.o
                0x08007c70                HAL_TIM_Base_Start_IT
 .text.HAL_TIM_Base_Stop_IT
                0x08007d50       0x5e ./Drivers/STM32F4xx_HAL_Driver/Src/stm32f4xx_hal_tim.o
                0x08007d50                HAL_TIM_Base_Stop_IT
 .text.HAL_TIM_IRQHandler
                0x08007dae      0x1e0 ./Drivers/STM32F4xx_HAL_Driver/Src/stm32f4xx_hal_tim.o
                0x08007dae                HAL_TIM_IRQHandler
 .text.HAL_TIM_ConfigClockSource
                0x08007f8e      0x18e ./Drivers/STM32F4xx_HAL_Driver/Src/stm32f4xx_hal_tim.o
                0x08007f8e                HAL_TIM_ConfigClockSource
 .text.HAL_TIM_OC_DelayElapsedCallback
                0x0800811c       0x14 ./Drivers/STM32F4xx_HAL_Driver/Src/stm32f4xx_hal_tim.o
                0x0800811c                HAL_TIM_OC_DelayElapsedCallback
 .text.HAL_TIM_IC_CaptureCallback
                0x08008130       0x14 ./Drivers/STM32F4xx_HAL_Driver/Src/stm32f4xx_hal_tim.o
                0x08008130                HAL_TIM_IC_CaptureCallback
 .text.HAL_TIM_PWM_PulseFinishedCallback
                0x08008144       0x14 ./Drivers/STM32F4xx_HAL_Driver/Src/stm32f4xx_hal_tim.o
                0x08008144                HAL_TIM_PWM_PulseFinishedCallback
 .text.HAL_TIM_TriggerCallback
                0x08008158       0x14 ./Drivers/STM32F4xx_HAL_Driver/Src/stm32f4xx_hal_tim.o
                0x08008158                HAL_TIM_TriggerCallback
 .text.TIM_Base_SetConfig
                0x0800816c      0x14c ./Drivers/STM32F4xx_HAL_Driver/Src/stm32f4xx_hal_tim.o
                0x0800816c                TIM_Base_SetConfig
 .text.TIM_TI1_ConfigInputStage
                0x080082b8       0x5e ./Drivers/STM32F4xx_HAL_Driver/Src/stm32f4xx_hal_tim.o
 .text.TIM_TI2_ConfigInputStage
                0x08008316       0x60 ./Drivers/STM32F4xx_HAL_Driver/Src/stm32f4xx_hal_tim.o
 .text.TIM_ITRx_SetConfig
                0x08008376       0x36 ./Drivers/STM32F4xx_HAL_Driver/Src/stm32f4xx_hal_tim.o
 .text.TIM_ETR_SetConfig
                0x080083ac       0x40 ./Drivers/STM32F4xx_HAL_Driver/Src/stm32f4xx_hal_tim.o
                0x080083ac                TIM_ETR_SetConfig
 .text.HAL_TIMEx_MasterConfigSynchronization
                0x080083ec       0xf8 ./Drivers/STM32F4xx_HAL_Driver/Src/stm32f4xx_hal_tim_ex.o
                0x080083ec                HAL_TIMEx_MasterConfigSynchronization
 .text.HAL_TIMEx_CommutCallback
                0x080084e4       0x14 ./Drivers/STM32F4xx_HAL_Driver/Src/stm32f4xx_hal_tim_ex.o
                0x080084e4                HAL_TIMEx_CommutCallback
 .text.HAL_TIMEx_BreakCallback
                0x080084f8       0x14 ./Drivers/STM32F4xx_HAL_Driver/Src/stm32f4xx_hal_tim_ex.o
                0x080084f8                HAL_TIMEx_BreakCallback
 .text.HAL_UART_Init
                0x0800850c       0xa0 ./Drivers/STM32F4xx_HAL_Driver/Src/stm32f4xx_hal_uart.o
                0x0800850c                HAL_UART_Init
 .text.HAL_UART_Transmit_IT
                0x080085ac       0x6c ./Drivers/STM32F4xx_HAL_Driver/Src/stm32f4xx_hal_uart.o
                0x080085ac                HAL_UART_Transmit_IT
 .text.HAL_UART_Receive_IT
                0x08008618       0x4a ./Drivers/STM32F4xx_HAL_Driver/Src/stm32f4xx_hal_uart.o
                0x08008618                HAL_UART_Receive_IT
 *fill*         0x08008662        0x2 
 .text.HAL_UART_IRQHandler
                0x08008664      0x554 ./Drivers/STM32F4xx_HAL_Driver/Src/stm32f4xx_hal_uart.o
                0x08008664                HAL_UART_IRQHandler
 .text.HAL_UART_ErrorCallback
                0x08008bb8       0x14 ./Drivers/STM32F4xx_HAL_Driver/Src/stm32f4xx_hal_uart.o
                0x08008bb8                HAL_UART_ErrorCallback
 .text.HAL_UARTEx_RxEventCallback
                0x08008bcc       0x18 ./Drivers/STM32F4xx_HAL_Driver/Src/stm32f4xx_hal_uart.o
                0x08008bcc                HAL_UARTEx_RxEventCallback
 .text.UART_Start_Receive_IT
                0x08008be4       0x74 ./Drivers/STM32F4xx_HAL_Driver/Src/stm32f4xx_hal_uart.o
                0x08008be4                UART_Start_Receive_IT
 .text.UART_EndRxTransfer
                0x08008c58       0xc6 ./Drivers/STM32F4xx_HAL_Driver/Src/stm32f4xx_hal_uart.o
 .text.UART_DMAAbortOnError
                0x08008d1e       0x22 ./Drivers/STM32F4xx_HAL_Driver/Src/stm32f4xx_hal_uart.o
 .text.UART_Transmit_IT
                0x08008d40       0xa0 ./Drivers/STM32F4xx_HAL_Driver/Src/stm32f4xx_hal_uart.o
 .text.UART_EndTransmit_IT
                0x08008de0       0x30 ./Drivers/STM32F4xx_HAL_Driver/Src/stm32f4xx_hal_uart.o
 .text.UART_Receive_IT
                0x08008e10      0x17c ./Drivers/STM32F4xx_HAL_Driver/Src/stm32f4xx_hal_uart.o
 .text.UART_SetConfig
                0x08008f8c      0x4e8 ./Drivers/STM32F4xx_HAL_Driver/Src/stm32f4xx_hal_uart.o
 .text.snprintf
                0x08009474       0x6c /Applications/STM32CubeIDE.app/Contents/Eclipse/plugins/com.st.stm32cube.ide.mcu.externaltools.gnu-tools-for-stm32.13.3.rel1.macos64_1.0.0.202411102158/tools/bin/../lib/gcc/arm-none-eabi/13.3.1/../../../../arm-none-eabi/lib/thumb/v7e-m+fp/hard/libc_nano.a(libc_a-snprintf.o)
                0x08009474                snprintf
                0x08009474                sniprintf
 .text.sprintf  0x080094e0       0x44 /Applications/STM32CubeIDE.app/Contents/Eclipse/plugins/com.st.stm32cube.ide.mcu.externaltools.gnu-tools-for-stm32.13.3.rel1.macos64_1.0.0.202411102158/tools/bin/../lib/gcc/arm-none-eabi/13.3.1/../../../../arm-none-eabi/lib/thumb/v7e-m+fp/hard/libc_nano.a(libc_a-sprintf.o)
                0x080094e0                sprintf
                0x080094e0                siprintf
 .text._vsprintf_r
                0x08009524       0x2c /Applications/STM32CubeIDE.app/Contents/Eclipse/plugins/com.st.stm32cube.ide.mcu.externaltools.gnu-tools-for-stm32.13.3.rel1.macos64_1.0.0.202411102158/tools/bin/../lib/gcc/arm-none-eabi/13.3.1/../../../../arm-none-eabi/lib/thumb/v7e-m+fp/hard/libc_nano.a(libc_a-vsprintf.o)
                0x08009524                _vsiprintf_r
                0x08009524                _vsprintf_r
 .text.vsprintf
                0x08009550       0x14 /Applications/STM32CubeIDE.app/Contents/Eclipse/plugins/com.st.stm32cube.ide.mcu.externaltools.gnu-tools-for-stm32.13.3.rel1.macos64_1.0.0.202411102158/tools/bin/../lib/gcc/arm-none-eabi/13.3.1/../../../../arm-none-eabi/lib/thumb/v7e-m+fp/hard/libc_nano.a(libc_a-vsprintf.o)
                0x08009550                vsprintf
                0x08009550                vsiprintf
 .text.memset   0x08009564       0x10 /Applications/STM32CubeIDE.app/Contents/Eclipse/plugins/com.st.stm32cube.ide.mcu.externaltools.gnu-tools-for-stm32.13.3.rel1.macos64_1.0.0.202411102158/tools/bin/../lib/gcc/arm-none-eabi/13.3.1/../../../../arm-none-eabi/lib/thumb/v7e-m+fp/hard/libc_nano.a(libc_a-memset.o)
                0x08009564                memset
 .text.strncpy  0x08009574       0x26 /Applications/STM32CubeIDE.app/Contents/Eclipse/plugins/com.st.stm32cube.ide.mcu.externaltools.gnu-tools-for-stm32.13.3.rel1.macos64_1.0.0.202411102158/tools/bin/../lib/gcc/arm-none-eabi/13.3.1/../../../../arm-none-eabi/lib/thumb/v7e-m+fp/hard/libc_nano.a(libc_a-strncpy.o)
                0x08009574                strncpy
 *fill*         0x0800959a        0x2 
 .text.__errno  0x0800959c        0xc /Applications/STM32CubeIDE.app/Contents/Eclipse/plugins/com.st.stm32cube.ide.mcu.externaltools.gnu-tools-for-stm32.13.3.rel1.macos64_1.0.0.202411102158/tools/bin/../lib/gcc/arm-none-eabi/13.3.1/../../../../arm-none-eabi/lib/thumb/v7e-m+fp/hard/libc_nano.a(libc_a-errno.o)
                0x0800959c                __errno
 .text.__libc_init_array
                0x080095a8       0x48 /Applications/STM32CubeIDE.app/Contents/Eclipse/plugins/com.st.stm32cube.ide.mcu.externaltools.gnu-tools-for-stm32.13.3.rel1.macos64_1.0.0.202411102158/tools/bin/../lib/gcc/arm-none-eabi/13.3.1/../../../../arm-none-eabi/lib/thumb/v7e-m+fp/hard/libc_nano.a(libc_a-init.o)
                0x080095a8                __libc_init_array
 .text.__retarget_lock_acquire_recursive
                0x080095f0        0x2 /Applications/STM32CubeIDE.app/Contents/Eclipse/plugins/com.st.stm32cube.ide.mcu.externaltools.gnu-tools-for-stm32.13.3.rel1.macos64_1.0.0.202411102158/tools/bin/../lib/gcc/arm-none-eabi/13.3.1/../../../../arm-none-eabi/lib/thumb/v7e-m+fp/hard/libc_nano.a(libc_a-lock.o)
                0x080095f0                __retarget_lock_acquire_recursive
 .text.__retarget_lock_release_recursive
                0x080095f2        0x2 /Applications/STM32CubeIDE.app/Contents/Eclipse/plugins/com.st.stm32cube.ide.mcu.externaltools.gnu-tools-for-stm32.13.3.rel1.macos64_1.0.0.202411102158/tools/bin/../lib/gcc/arm-none-eabi/13.3.1/../../../../arm-none-eabi/lib/thumb/v7e-m+fp/hard/libc_nano.a(libc_a-lock.o)
                0x080095f2                __retarget_lock_release_recursive
 .text.memcpy   0x080095f4       0x1c /Applications/STM32CubeIDE.app/Contents/Eclipse/plugins/com.st.stm32cube.ide.mcu.externaltools.gnu-tools-for-stm32.13.3.rel1.macos64_1.0.0.202411102158/tools/bin/../lib/gcc/arm-none-eabi/13.3.1/../../../../arm-none-eabi/lib/thumb/v7e-m+fp/hard/libc_nano.a(libc_a-memcpy-stub.o)
                0x080095f4                memcpy
 .text.__ssputs_r
                0x08009610       0xb6 /Applications/STM32CubeIDE.app/Contents/Eclipse/plugins/com.st.stm32cube.ide.mcu.externaltools.gnu-tools-for-stm32.13.3.rel1.macos64_1.0.0.202411102158/tools/bin/../lib/gcc/arm-none-eabi/13.3.1/../../../../arm-none-eabi/lib/thumb/v7e-m+fp/hard/libc_nano.a(libc_a-nano-svfprintf.o)
                0x08009610                __ssputs_r
 *fill*         0x080096c6        0x2 
 .text._svfprintf_r
                0x080096c8      0x1f8 /Applications/STM32CubeIDE.app/Contents/Eclipse/plugins/com.st.stm32cube.ide.mcu.externaltools.gnu-tools-for-stm32.13.3.rel1.macos64_1.0.0.202411102158/tools/bin/../lib/gcc/arm-none-eabi/13.3.1/../../../../arm-none-eabi/lib/thumb/v7e-m+fp/hard/libc_nano.a(libc_a-nano-svfprintf.o)
                0x080096c8                _svfprintf_r
                0x080096c8                _svfiprintf_r
 .text.sbrk_aligned
                0x080098c0       0x44 /Applications/STM32CubeIDE.app/Contents/Eclipse/plugins/com.st.stm32cube.ide.mcu.externaltools.gnu-tools-for-stm32.13.3.rel1.macos64_1.0.0.202411102158/tools/bin/../lib/gcc/arm-none-eabi/13.3.1/../../../../arm-none-eabi/lib/thumb/v7e-m+fp/hard/libc_nano.a(libc_a-mallocr.o)
 .text._malloc_r
                0x08009904      0x100 /Applications/STM32CubeIDE.app/Contents/Eclipse/plugins/com.st.stm32cube.ide.mcu.externaltools.gnu-tools-for-stm32.13.3.rel1.macos64_1.0.0.202411102158/tools/bin/../lib/gcc/arm-none-eabi/13.3.1/../../../../arm-none-eabi/lib/thumb/v7e-m+fp/hard/libc_nano.a(libc_a-mallocr.o)
                0x08009904                _malloc_r
 .text._printf_common
                0x08009a04       0xda /Applications/STM32CubeIDE.app/Contents/Eclipse/plugins/com.st.stm32cube.ide.mcu.externaltools.gnu-tools-for-stm32.13.3.rel1.macos64_1.0.0.202411102158/tools/bin/../lib/gcc/arm-none-eabi/13.3.1/../../../../arm-none-eabi/lib/thumb/v7e-m+fp/hard/libc_nano.a(libc_a-nano-vfprintf_i.o)
                0x08009a04                _printf_common
 *fill*         0x08009ade        0x2 
 .text._printf_i
                0x08009ae0      0x23c /Applications/STM32CubeIDE.app/Contents/Eclipse/plugins/com.st.stm32cube.ide.mcu.externaltools.gnu-tools-for-stm32.13.3.rel1.macos64_1.0.0.202411102158/tools/bin/../lib/gcc/arm-none-eabi/13.3.1/../../../../arm-none-eabi/lib/thumb/v7e-m+fp/hard/libc_nano.a(libc_a-nano-vfprintf_i.o)
                0x08009ae0                _printf_i
 .text.__malloc_lock
                0x08009d1c        0xc /Applications/STM32CubeIDE.app/Contents/Eclipse/plugins/com.st.stm32cube.ide.mcu.externaltools.gnu-tools-for-stm32.13.3.rel1.macos64_1.0.0.202411102158/tools/bin/../lib/gcc/arm-none-eabi/13.3.1/../../../../arm-none-eabi/lib/thumb/v7e-m+fp/hard/libc_nano.a(libc_a-mlock.o)
                0x08009d1c                __malloc_lock
 .text.__malloc_unlock
                0x08009d28        0xc /Applications/STM32CubeIDE.app/Contents/Eclipse/plugins/com.st.stm32cube.ide.mcu.externaltools.gnu-tools-for-stm32.13.3.rel1.macos64_1.0.0.202411102158/tools/bin/../lib/gcc/arm-none-eabi/13.3.1/../../../../arm-none-eabi/lib/thumb/v7e-m+fp/hard/libc_nano.a(libc_a-mlock.o)
                0x08009d28                __malloc_unlock
 .text._realloc_r
                0x08009d34       0x5c /Applications/STM32CubeIDE.app/Contents/Eclipse/plugins/com.st.stm32cube.ide.mcu.externaltools.gnu-tools-for-stm32.13.3.rel1.macos64_1.0.0.202411102158/tools/bin/../lib/gcc/arm-none-eabi/13.3.1/../../../../arm-none-eabi/lib/thumb/v7e-m+fp/hard/libc_nano.a(libc_a-reallocr.o)
                0x08009d34                _realloc_r
 .text.memmove  0x08009d90       0x34 /Applications/STM32CubeIDE.app/Contents/Eclipse/plugins/com.st.stm32cube.ide.mcu.externaltools.gnu-tools-for-stm32.13.3.rel1.macos64_1.0.0.202411102158/tools/bin/../lib/gcc/arm-none-eabi/13.3.1/../../../../arm-none-eabi/lib/thumb/v7e-m+fp/hard/libc_nano.a(libc_a-memmove.o)
                0x08009d90                memmove
 .text._sbrk_r  0x08009dc4       0x20 /Applications/STM32CubeIDE.app/Contents/Eclipse/plugins/com.st.stm32cube.ide.mcu.externaltools.gnu-tools-for-stm32.13.3.rel1.macos64_1.0.0.202411102158/tools/bin/../lib/gcc/arm-none-eabi/13.3.1/../../../../arm-none-eabi/lib/thumb/v7e-m+fp/hard/libc_nano.a(libc_a-sbrkr.o)
                0x08009dc4                _sbrk_r
 .text._free_r  0x08009de4       0x94 /Applications/STM32CubeIDE.app/Contents/Eclipse/plugins/com.st.stm32cube.ide.mcu.externaltools.gnu-tools-for-stm32.13.3.rel1.macos64_1.0.0.202411102158/tools/bin/../lib/gcc/arm-none-eabi/13.3.1/../../../../arm-none-eabi/lib/thumb/v7e-m+fp/hard/libc_nano.a(libc_a-freer.o)
                0x08009de4                _free_r
 .text._malloc_usable_size_r
                0x08009e78       0x10 /Applications/STM32CubeIDE.app/Contents/Eclipse/plugins/com.st.stm32cube.ide.mcu.externaltools.gnu-tools-for-stm32.13.3.rel1.macos64_1.0.0.202411102158/tools/bin/../lib/gcc/arm-none-eabi/13.3.1/../../../../arm-none-eabi/lib/thumb/v7e-m+fp/hard/libc_nano.a(libc_a-msizer.o)
                0x08009e78                _malloc_usable_size_r
 *(.glue_7)
 .glue_7        0x08009e88        0x0 linker stubs
 *(.glue_7t)
 .glue_7t       0x08009e88        0x0 linker stubs
 *(.eh_frame)
 .eh_frame      0x08009e88        0x0 /Applications/STM32CubeIDE.app/Contents/Eclipse/plugins/com.st.stm32cube.ide.mcu.externaltools.gnu-tools-for-stm32.13.3.rel1.macos64_1.0.0.202411102158/tools/bin/../lib/gcc/arm-none-eabi/13.3.1/thumb/v7e-m+fp/hard/crtbegin.o
 *(.init)
 .init          0x08009e88        0x4 /Applications/STM32CubeIDE.app/Contents/Eclipse/plugins/com.st.stm32cube.ide.mcu.externaltools.gnu-tools-for-stm32.13.3.rel1.macos64_1.0.0.202411102158/tools/bin/../lib/gcc/arm-none-eabi/13.3.1/thumb/v7e-m+fp/hard/crti.o
                0x08009e88                _init
 .init          0x08009e8c        0x8 /Applications/STM32CubeIDE.app/Contents/Eclipse/plugins/com.st.stm32cube.ide.mcu.externaltools.gnu-tools-for-stm32.13.3.rel1.macos64_1.0.0.202411102158/tools/bin/../lib/gcc/arm-none-eabi/13.3.1/thumb/v7e-m+fp/hard/crtn.o
 *(.fini)
 .fini          0x08009e94        0x4 /Applications/STM32CubeIDE.app/Contents/Eclipse/plugins/com.st.stm32cube.ide.mcu.externaltools.gnu-tools-for-stm32.13.3.rel1.macos64_1.0.0.202411102158/tools/bin/../lib/gcc/arm-none-eabi/13.3.1/thumb/v7e-m+fp/hard/crti.o
                0x08009e94                _fini
 .fini          0x08009e98        0x8 /Applications/STM32CubeIDE.app/Contents/Eclipse/plugins/com.st.stm32cube.ide.mcu.externaltools.gnu-tools-for-stm32.13.3.rel1.macos64_1.0.0.202411102158/tools/bin/../lib/gcc/arm-none-eabi/13.3.1/thumb/v7e-m+fp/hard/crtn.o
                0x08009ea0                        . = ALIGN (0x4)
                0x08009ea0                        _etext = .

.vfp11_veneer   0x08009ea0        0x0
 .vfp11_veneer  0x08009ea0        0x0 linker stubs

.v4_bx          0x08009ea0        0x0
 .v4_bx         0x08009ea0        0x0 linker stubs

.iplt           0x08009ea0        0x0
 .iplt          0x08009ea0        0x0 /Applications/STM32CubeIDE.app/Contents/Eclipse/plugins/com.st.stm32cube.ide.mcu.externaltools.gnu-tools-for-stm32.13.3.rel1.macos64_1.0.0.202411102158/tools/bin/../lib/gcc/arm-none-eabi/13.3.1/thumb/v7e-m+fp/hard/crtbegin.o

.rodata         0x08009ea0      0x384
                0x08009ea0                        . = ALIGN (0x4)
 *(.rodata)
 .rodata        0x08009ea0        0xa ./Core/Src/main.o
 *fill*         0x08009eaa        0x2 
 .rodata        0x08009eac      0x114 ./Core/Src/protocol.o
 *(.rodata*)
 .rodata.ccitt_hash
                0x08009fc0      0x200 ./Core/Src/crc16.o
 .rodata.GAIN_TABLE
                0x0800a1c0        0x4 ./Core/Src/protocol.o
                0x0800a1c0                GAIN_TABLE
 .rodata.TIME_TABLE
                0x0800a1c4        0xa ./Core/Src/protocol.o
                0x0800a1c4                TIME_TABLE
 *fill*         0x0800a1ce        0x2 
 .rodata.AHBPrescTable
                0x0800a1d0       0x10 ./Core/Src/system_stm32f4xx.o
                0x0800a1d0                AHBPrescTable
 .rodata.APBPrescTable
                0x0800a1e0        0x8 ./Core/Src/system_stm32f4xx.o
                0x0800a1e0                APBPrescTable
 .rodata.flagBitshiftOffset.0
                0x0800a1e8        0x8 ./Drivers/STM32F4xx_HAL_Driver/Src/stm32f4xx_hal_dma.o
 .rodata._svfprintf_r.str1.1
                0x0800a1f0       0x33 /Applications/STM32CubeIDE.app/Contents/Eclipse/plugins/com.st.stm32cube.ide.mcu.externaltools.gnu-tools-for-stm32.13.3.rel1.macos64_1.0.0.202411102158/tools/bin/../lib/gcc/arm-none-eabi/13.3.1/../../../../arm-none-eabi/lib/thumb/v7e-m+fp/hard/libc_nano.a(libc_a-nano-svfprintf.o)
                                 0x11 (size before relaxing)
 .rodata._printf_i.str1.1
                0x0800a223       0x22 /Applications/STM32CubeIDE.app/Contents/Eclipse/plugins/com.st.stm32cube.ide.mcu.externaltools.gnu-tools-for-stm32.13.3.rel1.macos64_1.0.0.202411102158/tools/bin/../lib/gcc/arm-none-eabi/13.3.1/../../../../arm-none-eabi/lib/thumb/v7e-m+fp/hard/libc_nano.a(libc_a-nano-vfprintf_i.o)
                0x0800a248                        . = ALIGN (0x4)
 *fill*         0x0800a223        0x1 

.ARM.extab      0x0800a224        0x0
                0x0800a224                        . = ALIGN (0x4)
 *(.ARM.extab* .gnu.linkonce.armextab.*)
                0x0800a224                        . = ALIGN (0x4)

.ARM            0x0800a224        0x8
                0x0800a224                        . = ALIGN (0x4)
                0x0800a224                        __exidx_start = .
 *(.ARM.exidx*)
 .ARM.exidx     0x0800a224        0x8 /Applications/STM32CubeIDE.app/Contents/Eclipse/plugins/com.st.stm32cube.ide.mcu.externaltools.gnu-tools-for-stm32.13.3.rel1.macos64_1.0.0.202411102158/tools/bin/../lib/gcc/arm-none-eabi/13.3.1/../../../../arm-none-eabi/lib/thumb/v7e-m+fp/hard/libc_nano.a(libc_a-strcmp.o)
 .ARM.exidx     0x0800a22c        0x0 /Applications/STM32CubeIDE.app/Contents/Eclipse/plugins/com.st.stm32cube.ide.mcu.externaltools.gnu-tools-for-stm32.13.3.rel1.macos64_1.0.0.202411102158/tools/bin/../lib/gcc/arm-none-eabi/13.3.1/../../../../arm-none-eabi/lib/thumb/v7e-m+fp/hard/libc_nano.a(libc_a-strlen.o)
                                  0x8 (size before relaxing)
 .ARM.exidx     0x0800a22c        0x0 /Applications/STM32CubeIDE.app/Contents/Eclipse/plugins/com.st.stm32cube.ide.mcu.externaltools.gnu-tools-for-stm32.13.3.rel1.macos64_1.0.0.202411102158/tools/bin/../lib/gcc/arm-none-eabi/13.3.1/../../../../arm-none-eabi/lib/thumb/v7e-m+fp/hard/libc_nano.a(libc_a-memchr.o)
                                  0x8 (size before relaxing)
 .ARM.exidx     0x0800a22c        0x0 /Applications/STM32CubeIDE.app/Contents/Eclipse/plugins/com.st.stm32cube.ide.mcu.externaltools.gnu-tools-for-stm32.13.3.rel1.macos64_1.0.0.202411102158/tools/bin/../lib/gcc/arm-none-eabi/13.3.1/thumb/v7e-m+fp/hard/libgcc.a(_udivmoddi4.o)
                                  0x8 (size before relaxing)
                0x0800a22c                        __exidx_end = .
                0x0800a22c                        . = ALIGN (0x4)

.preinit_array  0x0800a22c        0x0
                0x0800a22c                        . = ALIGN (0x4)
                0x0800a22c                        PROVIDE (__preinit_array_start = .)
 *(.preinit_array*)
                0x0800a22c                        PROVIDE (__preinit_array_end = .)
                0x0800a22c                        . = ALIGN (0x4)

.init_array     0x0800a22c        0x4
                0x0800a22c                        . = ALIGN (0x4)
                0x0800a22c                        PROVIDE (__init_array_start = .)
 *(SORT_BY_NAME(.init_array.*))
 *(.init_array*)
 .init_array    0x0800a22c        0x4 /Applications/STM32CubeIDE.app/Contents/Eclipse/plugins/com.st.stm32cube.ide.mcu.externaltools.gnu-tools-for-stm32.13.3.rel1.macos64_1.0.0.202411102158/tools/bin/../lib/gcc/arm-none-eabi/13.3.1/thumb/v7e-m+fp/hard/crtbegin.o
                0x0800a230                        PROVIDE (__init_array_end = .)
                0x0800a230                        . = ALIGN (0x4)

.fini_array     0x0800a230        0x4
                0x0800a230                        . = ALIGN (0x4)
                [!provide]                        PROVIDE (__fini_array_start = .)
 *(SORT_BY_NAME(.fini_array.*))
 *(.fini_array*)
 .fini_array    0x0800a230        0x4 /Applications/STM32CubeIDE.app/Contents/Eclipse/plugins/com.st.stm32cube.ide.mcu.externaltools.gnu-tools-for-stm32.13.3.rel1.macos64_1.0.0.202411102158/tools/bin/../lib/gcc/arm-none-eabi/13.3.1/thumb/v7e-m+fp/hard/crtbegin.o
                [!provide]                        PROVIDE (__fini_array_end = .)
                0x0800a234                        . = ALIGN (0x4)
                0x0800a234                        _sidata = LOADADDR (.data)

.rel.dyn        0x0800a234        0x0
 .rel.iplt      0x0800a234        0x0 /Applications/STM32CubeIDE.app/Contents/Eclipse/plugins/com.st.stm32cube.ide.mcu.externaltools.gnu-tools-for-stm32.13.3.rel1.macos64_1.0.0.202411102158/tools/bin/../lib/gcc/arm-none-eabi/13.3.1/thumb/v7e-m+fp/hard/crtbegin.o

.data           0x20000000       0x64 load address 0x0800a234
                0x20000000                        . = ALIGN (0x4)
                0x20000000                        _sdata = .
 *(.data)
 *(.data*)
 .data.timer_interval
                0x20000000        0x4 ./Core/Src/main.o
                0x20000000                timer_interval
 .data.current_time_index
                0x20000004        0x1 ./Core/Src/protocol.o
                0x20000004                current_time_index
 *fill*         0x20000005        0x3 
 .data.SystemCoreClock
                0x20000008        0x4 ./Core/Src/system_stm32f4xx.o
                0x20000008                SystemCoreClock
 .data.uwTickPrio
                0x2000000c        0x4 ./Drivers/STM32F4xx_HAL_Driver/Src/stm32f4xx_hal.o
                0x2000000c                uwTickPrio
 .data.uwTickFreq
                0x20000010        0x1 ./Drivers/STM32F4xx_HAL_Driver/Src/stm32f4xx_hal.o
                0x20000010                uwTickFreq
 *fill*         0x20000011        0x3 
 .data._impure_ptr
                0x20000014        0x4 /Applications/STM32CubeIDE.app/Contents/Eclipse/plugins/com.st.stm32cube.ide.mcu.externaltools.gnu-tools-for-stm32.13.3.rel1.macos64_1.0.0.202411102158/tools/bin/../lib/gcc/arm-none-eabi/13.3.1/../../../../arm-none-eabi/lib/thumb/v7e-m+fp/hard/libc_nano.a(libc_a-impure.o)
                0x20000014                _impure_ptr
 .data._impure_data
                0x20000018       0x4c /Applications/STM32CubeIDE.app/Contents/Eclipse/plugins/com.st.stm32cube.ide.mcu.externaltools.gnu-tools-for-stm32.13.3.rel1.macos64_1.0.0.202411102158/tools/bin/../lib/gcc/arm-none-eabi/13.3.1/../../../../arm-none-eabi/lib/thumb/v7e-m+fp/hard/libc_nano.a(libc_a-impure.o)
                0x20000018                _impure_data
 *(.RamFunc)
 *(.RamFunc*)
                0x20000064                        . = ALIGN (0x4)
                0x20000064                        _edata = .

.igot.plt       0x20000064        0x0 load address 0x0800a298
 .igot.plt      0x20000064        0x0 /Applications/STM32CubeIDE.app/Contents/Eclipse/plugins/com.st.stm32cube.ide.mcu.externaltools.gnu-tools-for-stm32.13.3.rel1.macos64_1.0.0.202411102158/tools/bin/../lib/gcc/arm-none-eabi/13.3.1/thumb/v7e-m+fp/hard/crtbegin.o
                0x20000064                        . = ALIGN (0x4)

.bss            0x20000064     0x27f8 load address 0x0800a298
                0x20000064                        _sbss = .
                0x20000064                        __bss_start__ = _sbss
 *(.bss)
 .bss           0x20000064       0x1c /Applications/STM32CubeIDE.app/Contents/Eclipse/plugins/com.st.stm32cube.ide.mcu.externaltools.gnu-tools-for-stm32.13.3.rel1.macos64_1.0.0.202411102158/tools/bin/../lib/gcc/arm-none-eabi/13.3.1/thumb/v7e-m+fp/hard/crtbegin.o
 *(.bss*)
 .bss.UART_TxBuf
                0x20000080      0x5e8 ./Core/Src/circular_buffer.o
                0x20000080                UART_TxBuf
 .bss.UART_RxBuf
                0x20000668       0x80 ./Core/Src/circular_buffer.o
                0x20000668                UART_RxBuf
 .bss.UART_TX_Empty
                0x200006e8        0x4 ./Core/Src/circular_buffer.o
                0x200006e8                UART_TX_Empty
 .bss.UART_TX_Busy
                0x200006ec        0x4 ./Core/Src/circular_buffer.o
                0x200006ec                UART_TX_Busy
 .bss.UART_RX_Empty
                0x200006f0        0x4 ./Core/Src/circular_buffer.o
                0x200006f0                UART_RX_Empty
 .bss.UART_RX_Busy
                0x200006f4        0x4 ./Core/Src/circular_buffer.o
                0x200006f4                UART_RX_Busy
 .bss.ColorBuffer
                0x200006f8     0x1c20 ./Core/Src/circular_buffer.o
                0x200006f8                ColorBuffer
 .bss.ColorBuffer_WritePos
                0x20002318        0x4 ./Core/Src/circular_buffer.o
                0x20002318                ColorBuffer_WritePos
 .bss.ColorBuffer_DataAvailable
                0x2000231c        0x1 ./Core/Src/circular_buffer.o
                0x2000231c                ColorBuffer_DataAvailable
 *fill*         0x2000231d        0x3 
 .bss.hi2c1     0x20002320       0x54 ./Core/Src/i2c.o
                0x20002320                hi2c1
 .bss.hdma_i2c1_rx
                0x20002374       0x60 ./Core/Src/i2c.o
                0x20002374                hdma_i2c1_rx
 .bss.hdma_i2c1_tx
                0x200023d4       0x60 ./Core/Src/i2c.o
                0x200023d4                hdma_i2c1_tx
 .bss.timer_counter
                0x20002434        0x4 ./Core/Src/main.o
                0x20002434                timer_counter
 .bss.current_gain_index
                0x20002438        0x1 ./Core/Src/protocol.o
                0x20002438                current_gain_index
 .bss.led_state
                0x20002439        0x1 ./Core/Src/protocol.o
                0x20002439                led_state
 .bss.state.6   0x2000243a        0x1 ./Core/Src/protocol.o
 *fill*         0x2000243b        0x1 
 .bss.buffer_pos.5
                0x2000243c        0x4 ./Core/Src/protocol.o
 .bss.frame_buffer.4
                0x20002440      0x212 ./Core/Src/protocol.o
 *fill*         0x20002652        0x2 
 .bss.header_pos.3
                0x20002654        0x4 ./Core/Src/protocol.o
 .bss.expected_data_len.2
                0x20002658        0x2 ./Core/Src/protocol.o
 *fill*         0x2000265a        0x2 
 .bss.data_pos.1
                0x2000265c        0x4 ./Core/Src/protocol.o
 .bss.crc_pos.0
                0x20002660        0x4 ./Core/Src/protocol.o
 .bss.__sbrk_heap_end
                0x20002664        0x4 ./Core/Src/sysmem.o
 .bss.sensor_state
                0x20002668        0x1 ./Core/Src/tcs34725.o
                0x20002668                sensor_state
 *fill*         0x20002669        0x3 
 .bss.dma_buffer
                0x2000266c        0x8 ./Core/Src/tcs34725.o
                0x2000266c                dma_buffer
 .bss.tcs_poweron_tick
                0x20002674        0x4 ./Core/Src/tcs34725.o
 .bss.config_step
                0x20002678        0x1 ./Core/Src/tcs34725.o
 *fill*         0x20002679        0x3 
 .bss.data.0    0x2000267c        0x2 ./Core/Src/tcs34725.o
 *fill*         0x2000267e        0x2 
 .bss.htim3     0x20002680       0x48 ./Core/Src/tim.o
                0x20002680                htim3
 .bss.huart2    0x200026c8       0x48 ./Core/Src/usart.o
                0x200026c8                huart2
 .bss.uwTick    0x20002710        0x4 ./Drivers/STM32F4xx_HAL_Driver/Src/stm32f4xx_hal.o
                0x20002710                uwTick
 .bss.__sf      0x20002714      0x138 /Applications/STM32CubeIDE.app/Contents/Eclipse/plugins/com.st.stm32cube.ide.mcu.externaltools.gnu-tools-for-stm32.13.3.rel1.macos64_1.0.0.202411102158/tools/bin/../lib/gcc/arm-none-eabi/13.3.1/../../../../arm-none-eabi/lib/thumb/v7e-m+fp/hard/libc_nano.a(libc_a-findfp.o)
                0x20002714                __sf
 .bss.__lock___malloc_recursive_mutex
                0x2000284c        0x1 /Applications/STM32CubeIDE.app/Contents/Eclipse/plugins/com.st.stm32cube.ide.mcu.externaltools.gnu-tools-for-stm32.13.3.rel1.macos64_1.0.0.202411102158/tools/bin/../lib/gcc/arm-none-eabi/13.3.1/../../../../arm-none-eabi/lib/thumb/v7e-m+fp/hard/libc_nano.a(libc_a-lock.o)
                0x2000284c                __lock___malloc_recursive_mutex
 *fill*         0x2000284d        0x3 
 .bss.__malloc_sbrk_start
                0x20002850        0x4 /Applications/STM32CubeIDE.app/Contents/Eclipse/plugins/com.st.stm32cube.ide.mcu.externaltools.gnu-tools-for-stm32.13.3.rel1.macos64_1.0.0.202411102158/tools/bin/../lib/gcc/arm-none-eabi/13.3.1/../../../../arm-none-eabi/lib/thumb/v7e-m+fp/hard/libc_nano.a(libc_a-mallocr.o)
                0x20002850                __malloc_sbrk_start
 .bss.__malloc_free_list
                0x20002854        0x4 /Applications/STM32CubeIDE.app/Contents/Eclipse/plugins/com.st.stm32cube.ide.mcu.externaltools.gnu-tools-for-stm32.13.3.rel1.macos64_1.0.0.202411102158/tools/bin/../lib/gcc/arm-none-eabi/13.3.1/../../../../arm-none-eabi/lib/thumb/v7e-m+fp/hard/libc_nano.a(libc_a-mallocr.o)
                0x20002854                __malloc_free_list
 .bss.errno     0x20002858        0x4 /Applications/STM32CubeIDE.app/Contents/Eclipse/plugins/com.st.stm32cube.ide.mcu.externaltools.gnu-tools-for-stm32.13.3.rel1.macos64_1.0.0.202411102158/tools/bin/../lib/gcc/arm-none-eabi/13.3.1/../../../../arm-none-eabi/lib/thumb/v7e-m+fp/hard/libc_nano.a(libc_a-reent.o)
                0x20002858                errno
 *(COMMON)
                0x2000285c                        . = ALIGN (0x4)
                0x2000285c                        _ebss = .
                0x2000285c                        __bss_end__ = _ebss

._user_heap_stack
                0x2000285c      0x604 load address 0x0800a298
                0x20002860                        . = ALIGN (0x8)
 *fill*         0x2000285c        0x4 
                [!provide]                        PROVIDE (end = .)
                0x20002860                        PROVIDE (_end = .)
                0x20002a60                        . = (. + _Min_Heap_Size)
 *fill*         0x20002860      0x200 
                0x20002e60                        . = (. + _Min_Stack_Size)
 *fill*         0x20002a60      0x400 
                0x20002e60                        . = ALIGN (0x8)

/DISCARD/
 libc.a(*)
 libm.a(*)
 libgcc.a(*)

.ARM.attributes
                0x00000000       0x30
 *(.ARM.attributes)
 .ARM.attributes
                0x00000000       0x22 /Applications/STM32CubeIDE.app/Contents/Eclipse/plugins/com.st.stm32cube.ide.mcu.externaltools.gnu-tools-for-stm32.13.3.rel1.macos64_1.0.0.202411102158/tools/bin/../lib/gcc/arm-none-eabi/13.3.1/thumb/v7e-m+fp/hard/crti.o
 .ARM.attributes
                0x00000022       0x34 /Applications/STM32CubeIDE.app/Contents/Eclipse/plugins/com.st.stm32cube.ide.mcu.externaltools.gnu-tools-for-stm32.13.3.rel1.macos64_1.0.0.202411102158/tools/bin/../lib/gcc/arm-none-eabi/13.3.1/thumb/v7e-m+fp/hard/crtbegin.o
 .ARM.attributes
                0x00000056       0x34 ./Core/Src/circular_buffer.o
 .ARM.attributes
                0x0000008a       0x34 ./Core/Src/crc16.o
 .ARM.attributes
                0x000000be       0x34 ./Core/Src/dma.o
 .ARM.attributes
                0x000000f2       0x34 ./Core/Src/gpio.o
 .ARM.attributes
                0x00000126       0x34 ./Core/Src/i2c.o
 .ARM.attributes
                0x0000015a       0x34 ./Core/Src/main.o
 .ARM.attributes
                0x0000018e       0x34 ./Core/Src/protocol.o
 .ARM.attributes
                0x000001c2       0x34 ./Core/Src/stm32f4xx_hal_msp.o
 .ARM.attributes
                0x000001f6       0x34 ./Core/Src/stm32f4xx_it.o
 .ARM.attributes
                0x0000022a       0x34 ./Core/Src/sysmem.o
 .ARM.attributes
                0x0000025e       0x34 ./Core/Src/system_stm32f4xx.o
 .ARM.attributes
                0x00000292       0x34 ./Core/Src/tcs34725.o
 .ARM.attributes
                0x000002c6       0x34 ./Core/Src/tim.o
 .ARM.attributes
                0x000002fa       0x34 ./Core/Src/usart.o
 .ARM.attributes
                0x0000032e       0x21 ./Core/Startup/startup_stm32f446retx.o
 .ARM.attributes
                0x0000034f       0x34 ./Drivers/STM32F4xx_HAL_Driver/Src/stm32f4xx_hal.o
 .ARM.attributes
                0x00000383       0x34 ./Drivers/STM32F4xx_HAL_Driver/Src/stm32f4xx_hal_cortex.o
 .ARM.attributes
                0x000003b7       0x34 ./Drivers/STM32F4xx_HAL_Driver/Src/stm32f4xx_hal_dma.o
 .ARM.attributes
                0x000003eb       0x34 ./Drivers/STM32F4xx_HAL_Driver/Src/stm32f4xx_hal_gpio.o
 .ARM.attributes
                0x0000041f       0x34 ./Drivers/STM32F4xx_HAL_Driver/Src/stm32f4xx_hal_i2c.o
 .ARM.attributes
                0x00000453       0x34 ./Drivers/STM32F4xx_HAL_Driver/Src/stm32f4xx_hal_rcc.o
 .ARM.attributes
                0x00000487       0x34 ./Drivers/STM32F4xx_HAL_Driver/Src/stm32f4xx_hal_rcc_ex.o
 .ARM.attributes
                0x000004bb       0x34 ./Drivers/STM32F4xx_HAL_Driver/Src/stm32f4xx_hal_tim.o
 .ARM.attributes
                0x000004ef       0x34 ./Drivers/STM32F4xx_HAL_Driver/Src/stm32f4xx_hal_tim_ex.o
 .ARM.attributes
                0x00000523       0x34 ./Drivers/STM32F4xx_HAL_Driver/Src/stm32f4xx_hal_uart.o
 .ARM.attributes
                0x00000557       0x34 /Applications/STM32CubeIDE.app/Contents/Eclipse/plugins/com.st.stm32cube.ide.mcu.externaltools.gnu-tools-for-stm32.13.3.rel1.macos64_1.0.0.202411102158/tools/bin/../lib/gcc/arm-none-eabi/13.3.1/../../../../arm-none-eabi/lib/thumb/v7e-m+fp/hard/libc_nano.a(libc_a-snprintf.o)
 .ARM.attributes
                0x0000058b       0x34 /Applications/STM32CubeIDE.app/Contents/Eclipse/plugins/com.st.stm32cube.ide.mcu.externaltools.gnu-tools-for-stm32.13.3.rel1.macos64_1.0.0.202411102158/tools/bin/../lib/gcc/arm-none-eabi/13.3.1/../../../../arm-none-eabi/lib/thumb/v7e-m+fp/hard/libc_nano.a(libc_a-sprintf.o)
 .ARM.attributes
                0x000005bf       0x34 /Applications/STM32CubeIDE.app/Contents/Eclipse/plugins/com.st.stm32cube.ide.mcu.externaltools.gnu-tools-for-stm32.13.3.rel1.macos64_1.0.0.202411102158/tools/bin/../lib/gcc/arm-none-eabi/13.3.1/../../../../arm-none-eabi/lib/thumb/v7e-m+fp/hard/libc_nano.a(libc_a-findfp.o)
 .ARM.attributes
                0x000005f3       0x34 /Applications/STM32CubeIDE.app/Contents/Eclipse/plugins/com.st.stm32cube.ide.mcu.externaltools.gnu-tools-for-stm32.13.3.rel1.macos64_1.0.0.202411102158/tools/bin/../lib/gcc/arm-none-eabi/13.3.1/../../../../arm-none-eabi/lib/thumb/v7e-m+fp/hard/libc_nano.a(libc_a-vsprintf.o)
 .ARM.attributes
                0x00000627       0x34 /Applications/STM32CubeIDE.app/Contents/Eclipse/plugins/com.st.stm32cube.ide.mcu.externaltools.gnu-tools-for-stm32.13.3.rel1.macos64_1.0.0.202411102158/tools/bin/../lib/gcc/arm-none-eabi/13.3.1/../../../../arm-none-eabi/lib/thumb/v7e-m+fp/hard/libc_nano.a(libc_a-memset.o)
 .ARM.attributes
                0x0000065b       0x34 /Applications/STM32CubeIDE.app/Contents/Eclipse/plugins/com.st.stm32cube.ide.mcu.externaltools.gnu-tools-for-stm32.13.3.rel1.macos64_1.0.0.202411102158/tools/bin/../lib/gcc/arm-none-eabi/13.3.1/../../../../arm-none-eabi/lib/thumb/v7e-m+fp/hard/libc_nano.a(libc_a-strncpy.o)
 .ARM.attributes
                0x0000068f       0x34 /Applications/STM32CubeIDE.app/Contents/Eclipse/plugins/com.st.stm32cube.ide.mcu.externaltools.gnu-tools-for-stm32.13.3.rel1.macos64_1.0.0.202411102158/tools/bin/../lib/gcc/arm-none-eabi/13.3.1/../../../../arm-none-eabi/lib/thumb/v7e-m+fp/hard/libc_nano.a(libc_a-errno.o)
 .ARM.attributes
                0x000006c3       0x34 /Applications/STM32CubeIDE.app/Contents/Eclipse/plugins/com.st.stm32cube.ide.mcu.externaltools.gnu-tools-for-stm32.13.3.rel1.macos64_1.0.0.202411102158/tools/bin/../lib/gcc/arm-none-eabi/13.3.1/../../../../arm-none-eabi/lib/thumb/v7e-m+fp/hard/libc_nano.a(libc_a-init.o)
 .ARM.attributes
                0x000006f7       0x34 /Applications/STM32CubeIDE.app/Contents/Eclipse/plugins/com.st.stm32cube.ide.mcu.externaltools.gnu-tools-for-stm32.13.3.rel1.macos64_1.0.0.202411102158/tools/bin/../lib/gcc/arm-none-eabi/13.3.1/../../../../arm-none-eabi/lib/thumb/v7e-m+fp/hard/libc_nano.a(libc_a-lock.o)
 .ARM.attributes
                0x0000072b       0x34 /Applications/STM32CubeIDE.app/Contents/Eclipse/plugins/com.st.stm32cube.ide.mcu.externaltools.gnu-tools-for-stm32.13.3.rel1.macos64_1.0.0.202411102158/tools/bin/../lib/gcc/arm-none-eabi/13.3.1/../../../../arm-none-eabi/lib/thumb/v7e-m+fp/hard/libc_nano.a(libc_a-impure.o)
 .ARM.attributes
                0x0000075f       0x20 /Applications/STM32CubeIDE.app/Contents/Eclipse/plugins/com.st.stm32cube.ide.mcu.externaltools.gnu-tools-for-stm32.13.3.rel1.macos64_1.0.0.202411102158/tools/bin/../lib/gcc/arm-none-eabi/13.3.1/../../../../arm-none-eabi/lib/thumb/v7e-m+fp/hard/libc_nano.a(libc_a-strcmp.o)
 .ARM.attributes
                0x0000077f       0x34 /Applications/STM32CubeIDE.app/Contents/Eclipse/plugins/com.st.stm32cube.ide.mcu.externaltools.gnu-tools-for-stm32.13.3.rel1.macos64_1.0.0.202411102158/tools/bin/../lib/gcc/arm-none-eabi/13.3.1/../../../../arm-none-eabi/lib/thumb/v7e-m+fp/hard/libc_nano.a(libc_a-memcpy-stub.o)
 .ARM.attributes
                0x000007b3       0x17 /Applications/STM32CubeIDE.app/Contents/Eclipse/plugins/com.st.stm32cube.ide.mcu.externaltools.gnu-tools-for-stm32.13.3.rel1.macos64_1.0.0.202411102158/tools/bin/../lib/gcc/arm-none-eabi/13.3.1/../../../../arm-none-eabi/lib/thumb/v7e-m+fp/hard/libc_nano.a(libc_a-strlen.o)
 .ARM.attributes
                0x000007ca       0x34 /Applications/STM32CubeIDE.app/Contents/Eclipse/plugins/com.st.stm32cube.ide.mcu.externaltools.gnu-tools-for-stm32.13.3.rel1.macos64_1.0.0.202411102158/tools/bin/../lib/gcc/arm-none-eabi/13.3.1/../../../../arm-none-eabi/lib/thumb/v7e-m+fp/hard/libc_nano.a(libc_a-nano-svfprintf.o)
 .ARM.attributes
                0x000007fe       0x34 /Applications/STM32CubeIDE.app/Contents/Eclipse/plugins/com.st.stm32cube.ide.mcu.externaltools.gnu-tools-for-stm32.13.3.rel1.macos64_1.0.0.202411102158/tools/bin/../lib/gcc/arm-none-eabi/13.3.1/../../../../arm-none-eabi/lib/thumb/v7e-m+fp/hard/libc_nano.a(libc_a-mallocr.o)
 .ARM.attributes
                0x00000832       0x34 /Applications/STM32CubeIDE.app/Contents/Eclipse/plugins/com.st.stm32cube.ide.mcu.externaltools.gnu-tools-for-stm32.13.3.rel1.macos64_1.0.0.202411102158/tools/bin/../lib/gcc/arm-none-eabi/13.3.1/../../../../arm-none-eabi/lib/thumb/v7e-m+fp/hard/libc_nano.a(libc_a-nano-vfprintf_i.o)
 .ARM.attributes
                0x00000866       0x34 /Applications/STM32CubeIDE.app/Contents/Eclipse/plugins/com.st.stm32cube.ide.mcu.externaltools.gnu-tools-for-stm32.13.3.rel1.macos64_1.0.0.202411102158/tools/bin/../lib/gcc/arm-none-eabi/13.3.1/../../../../arm-none-eabi/lib/thumb/v7e-m+fp/hard/libc_nano.a(libc_a-mlock.o)
 .ARM.attributes
                0x0000089a       0x34 /Applications/STM32CubeIDE.app/Contents/Eclipse/plugins/com.st.stm32cube.ide.mcu.externaltools.gnu-tools-for-stm32.13.3.rel1.macos64_1.0.0.202411102158/tools/bin/../lib/gcc/arm-none-eabi/13.3.1/../../../../arm-none-eabi/lib/thumb/v7e-m+fp/hard/libc_nano.a(libc_a-reallocr.o)
 .ARM.attributes
                0x000008ce       0x34 /Applications/STM32CubeIDE.app/Contents/Eclipse/plugins/com.st.stm32cube.ide.mcu.externaltools.gnu-tools-for-stm32.13.3.rel1.macos64_1.0.0.202411102158/tools/bin/../lib/gcc/arm-none-eabi/13.3.1/../../../../arm-none-eabi/lib/thumb/v7e-m+fp/hard/libc_nano.a(libc_a-memmove.o)
 .ARM.attributes
                0x00000902       0x34 /Applications/STM32CubeIDE.app/Contents/Eclipse/plugins/com.st.stm32cube.ide.mcu.externaltools.gnu-tools-for-stm32.13.3.rel1.macos64_1.0.0.202411102158/tools/bin/../lib/gcc/arm-none-eabi/13.3.1/../../../../arm-none-eabi/lib/thumb/v7e-m+fp/hard/libc_nano.a(libc_a-sbrkr.o)
 .ARM.attributes
                0x00000936       0x34 /Applications/STM32CubeIDE.app/Contents/Eclipse/plugins/com.st.stm32cube.ide.mcu.externaltools.gnu-tools-for-stm32.13.3.rel1.macos64_1.0.0.202411102158/tools/bin/../lib/gcc/arm-none-eabi/13.3.1/../../../../arm-none-eabi/lib/thumb/v7e-m+fp/hard/libc_nano.a(libc_a-reent.o)
 .ARM.attributes
                0x0000096a       0x1c /Applications/STM32CubeIDE.app/Contents/Eclipse/plugins/com.st.stm32cube.ide.mcu.externaltools.gnu-tools-for-stm32.13.3.rel1.macos64_1.0.0.202411102158/tools/bin/../lib/gcc/arm-none-eabi/13.3.1/../../../../arm-none-eabi/lib/thumb/v7e-m+fp/hard/libc_nano.a(libc_a-memchr.o)
 .ARM.attributes
                0x00000986       0x34 /Applications/STM32CubeIDE.app/Contents/Eclipse/plugins/com.st.stm32cube.ide.mcu.externaltools.gnu-tools-for-stm32.13.3.rel1.macos64_1.0.0.202411102158/tools/bin/../lib/gcc/arm-none-eabi/13.3.1/../../../../arm-none-eabi/lib/thumb/v7e-m+fp/hard/libc_nano.a(libc_a-freer.o)
 .ARM.attributes
                0x000009ba       0x34 /Applications/STM32CubeIDE.app/Contents/Eclipse/plugins/com.st.stm32cube.ide.mcu.externaltools.gnu-tools-for-stm32.13.3.rel1.macos64_1.0.0.202411102158/tools/bin/../lib/gcc/arm-none-eabi/13.3.1/../../../../arm-none-eabi/lib/thumb/v7e-m+fp/hard/libc_nano.a(libc_a-msizer.o)
 .ARM.attributes
                0x000009ee       0x22 /Applications/STM32CubeIDE.app/Contents/Eclipse/plugins/com.st.stm32cube.ide.mcu.externaltools.gnu-tools-for-stm32.13.3.rel1.macos64_1.0.0.202411102158/tools/bin/../lib/gcc/arm-none-eabi/13.3.1/thumb/v7e-m+fp/hard/libgcc.a(_aeabi_uldivmod.o)
 .ARM.attributes
                0x00000a10       0x34 /Applications/STM32CubeIDE.app/Contents/Eclipse/plugins/com.st.stm32cube.ide.mcu.externaltools.gnu-tools-for-stm32.13.3.rel1.macos64_1.0.0.202411102158/tools/bin/../lib/gcc/arm-none-eabi/13.3.1/thumb/v7e-m+fp/hard/libgcc.a(_udivmoddi4.o)
 .ARM.attributes
                0x00000a44       0x22 /Applications/STM32CubeIDE.app/Contents/Eclipse/plugins/com.st.stm32cube.ide.mcu.externaltools.gnu-tools-for-stm32.13.3.rel1.macos64_1.0.0.202411102158/tools/bin/../lib/gcc/arm-none-eabi/13.3.1/thumb/v7e-m+fp/hard/libgcc.a(_dvmd_tls.o)
 .ARM.attributes
                0x00000a66       0x22 /Applications/STM32CubeIDE.app/Contents/Eclipse/plugins/com.st.stm32cube.ide.mcu.externaltools.gnu-tools-for-stm32.13.3.rel1.macos64_1.0.0.202411102158/tools/bin/../lib/gcc/arm-none-eabi/13.3.1/thumb/v7e-m+fp/hard/crtn.o
OUTPUT(Project_TCS34725.elf elf32-littlearm)
LOAD linker stubs
LOAD /Applications/STM32CubeIDE.app/Contents/Eclipse/plugins/com.st.stm32cube.ide.mcu.externaltools.gnu-tools-for-stm32.13.3.rel1.macos64_1.0.0.202411102158/tools/bin/../lib/gcc/arm-none-eabi/13.3.1/../../../../arm-none-eabi/lib/thumb/v7e-m+fp/hard/libc.a
LOAD /Applications/STM32CubeIDE.app/Contents/Eclipse/plugins/com.st.stm32cube.ide.mcu.externaltools.gnu-tools-for-stm32.13.3.rel1.macos64_1.0.0.202411102158/tools/bin/../lib/gcc/arm-none-eabi/13.3.1/../../../../arm-none-eabi/lib/thumb/v7e-m+fp/hard/libm.a
LOAD /Applications/STM32CubeIDE.app/Contents/Eclipse/plugins/com.st.stm32cube.ide.mcu.externaltools.gnu-tools-for-stm32.13.3.rel1.macos64_1.0.0.202411102158/tools/bin/../lib/gcc/arm-none-eabi/13.3.1/thumb/v7e-m+fp/hard/libgcc.a

.debug_info     0x00000000    0x14e99
 .debug_info    0x00000000      0xa15 ./Core/Src/circular_buffer.o
 .debug_info    0x00000a15      0x12f ./Core/Src/crc16.o
 .debug_info    0x00000b44      0x4fb ./Core/Src/dma.o
 .debug_info    0x0000103f      0x439 ./Core/Src/gpio.o
 .debug_info    0x00001478      0xc7e ./Core/Src/i2c.o
 .debug_info    0x000020f6     0x11ac ./Core/Src/main.o
 .debug_info    0x000032a2     0x18d6 ./Core/Src/protocol.o
 .debug_info    0x00004b78      0x2ac ./Core/Src/stm32f4xx_hal_msp.o
 .debug_info    0x00004e24      0xccb ./Core/Src/stm32f4xx_it.o
 .debug_info    0x00005aef      0x168 ./Core/Src/sysmem.o
 .debug_info    0x00005c57      0x54a ./Core/Src/system_stm32f4xx.o
 .debug_info    0x000061a1      0x924 ./Core/Src/tcs34725.o
 .debug_info    0x00006ac5      0xc4c ./Core/Src/tim.o
 .debug_info    0x00007711      0xbdb ./Core/Src/usart.o
 .debug_info    0x000082ec       0x30 ./Core/Startup/startup_stm32f446retx.o
 .debug_info    0x0000831c      0x99a ./Drivers/STM32F4xx_HAL_Driver/Src/stm32f4xx_hal.o
 .debug_info    0x00008cb6      0xdaa ./Drivers/STM32F4xx_HAL_Driver/Src/stm32f4xx_hal_cortex.o
 .debug_info    0x00009a60      0x8e7 ./Drivers/STM32F4xx_HAL_Driver/Src/stm32f4xx_hal_dma.o
 .debug_info    0x0000a347      0x70b ./Drivers/STM32F4xx_HAL_Driver/Src/stm32f4xx_hal_gpio.o
 .debug_info    0x0000aa52     0x2421 ./Drivers/STM32F4xx_HAL_Driver/Src/stm32f4xx_hal_i2c.o
 .debug_info    0x0000ce73      0x8ff ./Drivers/STM32F4xx_HAL_Driver/Src/stm32f4xx_hal_rcc.o
 .debug_info    0x0000d772      0x960 ./Drivers/STM32F4xx_HAL_Driver/Src/stm32f4xx_hal_rcc_ex.o
 .debug_info    0x0000e0d2     0x299d ./Drivers/STM32F4xx_HAL_Driver/Src/stm32f4xx_hal_tim.o
 .debug_info    0x00010a6f     0x14db ./Drivers/STM32F4xx_HAL_Driver/Src/stm32f4xx_hal_tim_ex.o
 .debug_info    0x00011f4a     0x2f4f ./Drivers/STM32F4xx_HAL_Driver/Src/stm32f4xx_hal_uart.o

.debug_abbrev   0x00000000     0x31bb
 .debug_abbrev  0x00000000      0x2a4 ./Core/Src/circular_buffer.o
 .debug_abbrev  0x000002a4       0xaf ./Core/Src/crc16.o
 .debug_abbrev  0x00000353      0x10e ./Core/Src/dma.o
 .debug_abbrev  0x00000461      0x152 ./Core/Src/gpio.o
 .debug_abbrev  0x000005b3      0x226 ./Core/Src/i2c.o
 .debug_abbrev  0x000007d9      0x292 ./Core/Src/main.o
 .debug_abbrev  0x00000a6b      0x380 ./Core/Src/protocol.o
 .debug_abbrev  0x00000deb       0xf4 ./Core/Src/stm32f4xx_hal_msp.o
 .debug_abbrev  0x00000edf      0x1b6 ./Core/Src/stm32f4xx_it.o
 .debug_abbrev  0x00001095       0xbc ./Core/Src/sysmem.o
 .debug_abbrev  0x00001151      0x11a ./Core/Src/system_stm32f4xx.o
 .debug_abbrev  0x0000126b      0x21d ./Core/Src/tcs34725.o
 .debug_abbrev  0x00001488      0x210 ./Core/Src/tim.o
 .debug_abbrev  0x00001698      0x218 ./Core/Src/usart.o
 .debug_abbrev  0x000018b0       0x24 ./Core/Startup/startup_stm32f446retx.o
 .debug_abbrev  0x000018d4      0x214 ./Drivers/STM32F4xx_HAL_Driver/Src/stm32f4xx_hal.o
 .debug_abbrev  0x00001ae8      0x31d ./Drivers/STM32F4xx_HAL_Driver/Src/stm32f4xx_hal_cortex.o
 .debug_abbrev  0x00001e05      0x264 ./Drivers/STM32F4xx_HAL_Driver/Src/stm32f4xx_hal_dma.o
 .debug_abbrev  0x00002069      0x1d4 ./Drivers/STM32F4xx_HAL_Driver/Src/stm32f4xx_hal_gpio.o
 .debug_abbrev  0x0000223d      0x2ad ./Drivers/STM32F4xx_HAL_Driver/Src/stm32f4xx_hal_i2c.o
 .debug_abbrev  0x000024ea      0x2b7 ./Drivers/STM32F4xx_HAL_Driver/Src/stm32f4xx_hal_rcc.o
 .debug_abbrev  0x000027a1      0x211 ./Drivers/STM32F4xx_HAL_Driver/Src/stm32f4xx_hal_rcc_ex.o
 .debug_abbrev  0x000029b2      0x278 ./Drivers/STM32F4xx_HAL_Driver/Src/stm32f4xx_hal_tim.o
 .debug_abbrev  0x00002c2a      0x283 ./Drivers/STM32F4xx_HAL_Driver/Src/stm32f4xx_hal_tim_ex.o
 .debug_abbrev  0x00002ead      0x30e ./Drivers/STM32F4xx_HAL_Driver/Src/stm32f4xx_hal_uart.o

.debug_aranges  0x00000000     0x1160
 .debug_aranges
                0x00000000       0x48 ./Core/Src/circular_buffer.o
 .debug_aranges
                0x00000048       0x20 ./Core/Src/crc16.o
 .debug_aranges
                0x00000068       0x20 ./Core/Src/dma.o
 .debug_aranges
                0x00000088       0x20 ./Core/Src/gpio.o
 .debug_aranges
                0x000000a8       0x30 ./Core/Src/i2c.o
 .debug_aranges
                0x000000d8       0x48 ./Core/Src/main.o
 .debug_aranges
                0x00000120       0x90 ./Core/Src/protocol.o
 .debug_aranges
                0x000001b0       0x20 ./Core/Src/stm32f4xx_hal_msp.o
 .debug_aranges
                0x000001d0       0x90 ./Core/Src/stm32f4xx_it.o
 .debug_aranges
                0x00000260       0x20 ./Core/Src/sysmem.o
 .debug_aranges
                0x00000280       0x28 ./Core/Src/system_stm32f4xx.o
 .debug_aranges
                0x000002a8       0x40 ./Core/Src/tcs34725.o
 .debug_aranges
                0x000002e8       0x30 ./Core/Src/tim.o
 .debug_aranges
                0x00000318       0x30 ./Core/Src/usart.o
 .debug_aranges
                0x00000348       0x28 ./Core/Startup/startup_stm32f446retx.o
 .debug_aranges
                0x00000370       0xf0 ./Drivers/STM32F4xx_HAL_Driver/Src/stm32f4xx_hal.o
 .debug_aranges
                0x00000460      0x130 ./Drivers/STM32F4xx_HAL_Driver/Src/stm32f4xx_hal_cortex.o
 .debug_aranges
                0x00000590       0x90 ./Drivers/STM32F4xx_HAL_Driver/Src/stm32f4xx_hal_dma.o
 .debug_aranges
                0x00000620       0x58 ./Drivers/STM32F4xx_HAL_Driver/Src/stm32f4xx_hal_gpio.o
 .debug_aranges
                0x00000678      0x2a8 ./Drivers/STM32F4xx_HAL_Driver/Src/stm32f4xx_hal_i2c.o
 .debug_aranges
                0x00000920       0x88 ./Drivers/STM32F4xx_HAL_Driver/Src/stm32f4xx_hal_rcc.o
 .debug_aranges
                0x000009a8       0x78 ./Drivers/STM32F4xx_HAL_Driver/Src/stm32f4xx_hal_rcc_ex.o
 .debug_aranges
                0x00000a20      0x3d0 ./Drivers/STM32F4xx_HAL_Driver/Src/stm32f4xx_hal_tim.o
 .debug_aranges
                0x00000df0      0x168 ./Drivers/STM32F4xx_HAL_Driver/Src/stm32f4xx_hal_tim_ex.o
 .debug_aranges
                0x00000f58      0x208 ./Drivers/STM32F4xx_HAL_Driver/Src/stm32f4xx_hal_uart.o

.debug_rnglists
                0x00000000      0xdc0
 .debug_rnglists
                0x00000000       0x34 ./Core/Src/circular_buffer.o
 .debug_rnglists
                0x00000034       0x13 ./Core/Src/crc16.o
 .debug_rnglists
                0x00000047       0x13 ./Core/Src/dma.o
 .debug_rnglists
                0x0000005a       0x14 ./Core/Src/gpio.o
 .debug_rnglists
                0x0000006e       0x20 ./Core/Src/i2c.o
 .debug_rnglists
                0x0000008e       0x32 ./Core/Src/main.o
 .debug_rnglists
                0x000000c0       0x9a ./Core/Src/protocol.o
 .debug_rnglists
                0x0000015a       0x13 ./Core/Src/stm32f4xx_hal_msp.o
 .debug_rnglists
                0x0000016d       0x67 ./Core/Src/stm32f4xx_it.o
 .debug_rnglists
                0x000001d4       0x13 ./Core/Src/sysmem.o
 .debug_rnglists
                0x000001e7       0x1a ./Core/Src/system_stm32f4xx.o
 .debug_rnglists
                0x00000201       0x2d ./Core/Src/tcs34725.o
 .debug_rnglists
                0x0000022e       0x20 ./Core/Src/tim.o
 .debug_rnglists
                0x0000024e       0x20 ./Core/Src/usart.o
 .debug_rnglists
                0x0000026e       0x19 ./Core/Startup/startup_stm32f446retx.o
 .debug_rnglists
                0x00000287       0xaf ./Drivers/STM32F4xx_HAL_Driver/Src/stm32f4xx_hal.o
 .debug_rnglists
                0x00000336       0xe0 ./Drivers/STM32F4xx_HAL_Driver/Src/stm32f4xx_hal_cortex.o
 .debug_rnglists
                0x00000416       0x70 ./Drivers/STM32F4xx_HAL_Driver/Src/stm32f4xx_hal_dma.o
 .debug_rnglists
                0x00000486       0x3f ./Drivers/STM32F4xx_HAL_Driver/Src/stm32f4xx_hal_gpio.o
 .debug_rnglists
                0x000004c5      0x23c ./Drivers/STM32F4xx_HAL_Driver/Src/stm32f4xx_hal_i2c.o
 .debug_rnglists
                0x00000701       0x66 ./Drivers/STM32F4xx_HAL_Driver/Src/stm32f4xx_hal_rcc.o
 .debug_rnglists
                0x00000767       0x5e ./Drivers/STM32F4xx_HAL_Driver/Src/stm32f4xx_hal_rcc_ex.o
 .debug_rnglists
                0x000007c5      0x31a ./Drivers/STM32F4xx_HAL_Driver/Src/stm32f4xx_hal_tim.o
 .debug_rnglists
                0x00000adf      0x125 ./Drivers/STM32F4xx_HAL_Driver/Src/stm32f4xx_hal_tim_ex.o
 .debug_rnglists
                0x00000c04      0x1bc ./Drivers/STM32F4xx_HAL_Driver/Src/stm32f4xx_hal_uart.o

.debug_macro    0x00000000    0x23b9e
 .debug_macro   0x00000000      0x31e ./Core/Src/circular_buffer.o
 .debug_macro   0x0000031e      0xad8 ./Core/Src/circular_buffer.o
 .debug_macro   0x00000df6      0x2a1 ./Core/Src/circular_buffer.o
 .debug_macro   0x00001097       0x2e ./Core/Src/circular_buffer.o
 .debug_macro   0x000010c5       0x28 ./Core/Src/circular_buffer.o
 .debug_macro   0x000010ed       0x22 ./Core/Src/circular_buffer.o
 .debug_macro   0x0000110f       0x8e ./Core/Src/circular_buffer.o
 .debug_macro   0x0000119d       0x51 ./Core/Src/circular_buffer.o
 .debug_macro   0x000011ee      0x103 ./Core/Src/circular_buffer.o
 .debug_macro   0x000012f1       0x6a ./Core/Src/circular_buffer.o
 .debug_macro   0x0000135b      0x1df ./Core/Src/circular_buffer.o
 .debug_macro   0x0000153a       0x1c ./Core/Src/circular_buffer.o
 .debug_macro   0x00001556       0x22 ./Core/Src/circular_buffer.o
 .debug_macro   0x00001578       0xfb ./Core/Src/circular_buffer.o
 .debug_macro   0x00001673     0x1011 ./Core/Src/circular_buffer.o
 .debug_macro   0x00002684      0x11f ./Core/Src/circular_buffer.o
 .debug_macro   0x000027a3    0x1675e ./Core/Src/circular_buffer.o
 .debug_macro   0x00018f01       0x6d ./Core/Src/circular_buffer.o
 .debug_macro   0x00018f6e     0x3693 ./Core/Src/circular_buffer.o
 .debug_macro   0x0001c601      0x190 ./Core/Src/circular_buffer.o
 .debug_macro   0x0001c791       0x5c ./Core/Src/circular_buffer.o
 .debug_macro   0x0001c7ed      0xca5 ./Core/Src/circular_buffer.o
 .debug_macro   0x0001d492      0x9e9 ./Core/Src/circular_buffer.o
 .debug_macro   0x0001de7b      0x115 ./Core/Src/circular_buffer.o
 .debug_macro   0x0001df90      0x1a0 ./Core/Src/circular_buffer.o
 .debug_macro   0x0001e130       0xa5 ./Core/Src/circular_buffer.o
 .debug_macro   0x0001e1d5      0x16d ./Core/Src/circular_buffer.o
 .debug_macro   0x0001e342      0x287 ./Core/Src/circular_buffer.o
 .debug_macro   0x0001e5c9       0x5f ./Core/Src/circular_buffer.o
 .debug_macro   0x0001e628      0x236 ./Core/Src/circular_buffer.o
 .debug_macro   0x0001e85e      0x132 ./Core/Src/circular_buffer.o
 .debug_macro   0x0001e990      0x29c ./Core/Src/circular_buffer.o
 .debug_macro   0x0001ec2c       0x2e ./Core/Src/circular_buffer.o
 .debug_macro   0x0001ec5a      0x1b5 ./Core/Src/circular_buffer.o
 .debug_macro   0x0001ee0f       0x22 ./Core/Src/circular_buffer.o
 .debug_macro   0x0001ee31       0xd6 ./Core/Src/circular_buffer.o
 .debug_macro   0x0001ef07      0x127 ./Core/Src/circular_buffer.o
 .debug_macro   0x0001f02e       0xe8 ./Core/Src/circular_buffer.o
 .debug_macro   0x0001f116       0x89 ./Core/Src/circular_buffer.o
 .debug_macro   0x0001f19f      0x8ed ./Core/Src/circular_buffer.o
 .debug_macro   0x0001fa8c       0x53 ./Core/Src/circular_buffer.o
 .debug_macro   0x0001fadf      0x2aa ./Core/Src/circular_buffer.o
 .debug_macro   0x0001fd89      0x126 ./Core/Src/circular_buffer.o
 .debug_macro   0x0001feaf       0x58 ./Core/Src/circular_buffer.o
 .debug_macro   0x0001ff07       0xb8 ./Core/Src/circular_buffer.o
 .debug_macro   0x0001ffbf       0x16 ./Core/Src/circular_buffer.o
 .debug_macro   0x0001ffd5       0x58 ./Core/Src/circular_buffer.o
 .debug_macro   0x0002002d       0x61 ./Core/Src/circular_buffer.o
 .debug_macro   0x0002008e       0x2a ./Core/Src/circular_buffer.o
 .debug_macro   0x000200b8       0x43 ./Core/Src/circular_buffer.o
 .debug_macro   0x000200fb       0x34 ./Core/Src/circular_buffer.o
 .debug_macro   0x0002012f       0x16 ./Core/Src/circular_buffer.o
 .debug_macro   0x00020145       0x3c ./Core/Src/circular_buffer.o
 .debug_macro   0x00020181      0x370 ./Core/Src/circular_buffer.o
 .debug_macro   0x000204f1       0x16 ./Core/Src/circular_buffer.o
 .debug_macro   0x00020507       0x4a ./Core/Src/circular_buffer.o
 .debug_macro   0x00020551       0x34 ./Core/Src/circular_buffer.o
 .debug_macro   0x00020585       0x10 ./Core/Src/circular_buffer.o
 .debug_macro   0x00020595       0x58 ./Core/Src/circular_buffer.o
 .debug_macro   0x000205ed       0x8e ./Core/Src/circular_buffer.o
 .debug_macro   0x0002067b       0x1c ./Core/Src/circular_buffer.o
 .debug_macro   0x00020697      0x185 ./Core/Src/circular_buffer.o
 .debug_macro   0x0002081c       0x16 ./Core/Src/circular_buffer.o
 .debug_macro   0x00020832       0x16 ./Core/Src/circular_buffer.o
 .debug_macro   0x00020848      0x146 ./Core/Src/circular_buffer.o
 .debug_macro   0x0002098e       0x16 ./Core/Src/circular_buffer.o
 .debug_macro   0x000209a4       0x20 ./Core/Src/circular_buffer.o
 .debug_macro   0x000209c4       0x76 ./Core/Src/crc16.o
 .debug_macro   0x00020a3a      0x200 ./Core/Src/dma.o
 .debug_macro   0x00020c3a      0x200 ./Core/Src/gpio.o
 .debug_macro   0x00020e3a      0x200 ./Core/Src/i2c.o
 .debug_macro   0x0002103a      0x25b ./Core/Src/main.o
 .debug_macro   0x00021295      0x10e ./Core/Src/main.o
 .debug_macro   0x000213a3      0x353 ./Core/Src/protocol.o
 .debug_macro   0x000216f6       0x5e ./Core/Src/protocol.o
 .debug_macro   0x00021754       0xb2 ./Core/Src/protocol.o
 .debug_macro   0x00021806       0x10 ./Core/Src/protocol.o
 .debug_macro   0x00021816       0x1c ./Core/Src/protocol.o
 .debug_macro   0x00021832       0x10 ./Core/Src/protocol.o
 .debug_macro   0x00021842       0x1c ./Core/Src/protocol.o
 .debug_macro   0x0002185e      0x1f6 ./Core/Src/stm32f4xx_hal_msp.o
 .debug_macro   0x00021a54      0x200 ./Core/Src/stm32f4xx_it.o
 .debug_macro   0x00021c54      0x112 ./Core/Src/sysmem.o
 .debug_macro   0x00021d66      0x23c ./Core/Src/sysmem.o
 .debug_macro   0x00021fa2      0x1e7 ./Core/Src/system_stm32f4xx.o
 .debug_macro   0x00022189      0x22f ./Core/Src/tcs34725.o
 .debug_macro   0x000223b8      0x200 ./Core/Src/tim.o
 .debug_macro   0x000225b8      0x200 ./Core/Src/usart.o
 .debug_macro   0x000227b8      0x247 ./Drivers/STM32F4xx_HAL_Driver/Src/stm32f4xx_hal.o
 .debug_macro   0x000229ff      0x1e7 ./Drivers/STM32F4xx_HAL_Driver/Src/stm32f4xx_hal_cortex.o
 .debug_macro   0x00022be6      0x1ed ./Drivers/STM32F4xx_HAL_Driver/Src/stm32f4xx_hal_dma.o
 .debug_macro   0x00022dd3      0x1ed ./Drivers/STM32F4xx_HAL_Driver/Src/stm32f4xx_hal_gpio.o
 .debug_macro   0x00022fc0      0x235 ./Drivers/STM32F4xx_HAL_Driver/Src/stm32f4xx_hal_i2c.o
 .debug_macro   0x000231f5      0x20b ./Drivers/STM32F4xx_HAL_Driver/Src/stm32f4xx_hal_rcc.o
 .debug_macro   0x00023400      0x1e7 ./Drivers/STM32F4xx_HAL_Driver/Src/stm32f4xx_hal_rcc_ex.o
 .debug_macro   0x000235e7      0x1e8 ./Drivers/STM32F4xx_HAL_Driver/Src/stm32f4xx_hal_tim.o
 .debug_macro   0x000237cf      0x1e7 ./Drivers/STM32F4xx_HAL_Driver/Src/stm32f4xx_hal_tim_ex.o
 .debug_macro   0x000239b6      0x1e8 ./Drivers/STM32F4xx_HAL_Driver/Src/stm32f4xx_hal_uart.o

.debug_line     0x00000000    0x17bbf
 .debug_line    0x00000000      0xa84 ./Core/Src/circular_buffer.o
 .debug_line    0x00000a84      0x3e9 ./Core/Src/crc16.o
 .debug_line    0x00000e6d      0x70a ./Core/Src/dma.o
 .debug_line    0x00001577      0x73e ./Core/Src/gpio.o
 .debug_line    0x00001cb5      0x7d6 ./Core/Src/i2c.o
 .debug_line    0x0000248b      0x87f ./Core/Src/main.o
 .debug_line    0x00002d0a     0x1555 ./Core/Src/protocol.o
 .debug_line    0x0000425f      0x70d ./Core/Src/stm32f4xx_hal_msp.o
 .debug_line    0x0000496c      0x84b ./Core/Src/stm32f4xx_it.o
 .debug_line    0x000051b7      0x521 ./Core/Src/sysmem.o
 .debug_line    0x000056d8      0x782 ./Core/Src/system_stm32f4xx.o
 .debug_line    0x00005e5a      0x8cc ./Core/Src/tcs34725.o
 .debug_line    0x00006726      0x785 ./Core/Src/tim.o
 .debug_line    0x00006eab      0x77d ./Core/Src/usart.o
 .debug_line    0x00007628       0x7a ./Core/Startup/startup_stm32f446retx.o
 .debug_line    0x000076a2      0x9fe ./Drivers/STM32F4xx_HAL_Driver/Src/stm32f4xx_hal.o