Archive member included to satisfy reference by file (symbol)

/Applications/STM32CubeIDE.app/Contents/Eclipse/plugins/com.st.stm32cube.ide.mcu.externaltools.gnu-tools-for-stm32.13.3.rel1.macos64_1.0.0.202411102158/tools/bin/../lib/gcc/arm-none-eabi/13.3.1/../../../../arm-none-eabi/lib/thumb/v7e-m+fp/hard/libc_nano.a(libc_a-exit.o)
                              /Applications/STM32CubeIDE.app/Contents/Eclipse/plugins/com.st.stm32cube.ide.mcu.externaltools.gnu-tools-for-stm32.13.3.rel1.macos64_1.0.0.202411102158/tools/bin/../lib/gcc/arm-none-eabi/13.3.1/../../../../arm-none-eabi/lib/thumb/v7e-m+fp/hard/crt0.o (exit)
/Applications/STM32CubeIDE.app/Contents/Eclipse/plugins/com.st.stm32cube.ide.mcu.externaltools.gnu-tools-for-stm32.13.3.rel1.macos64_1.0.0.202411102158/tools/bin/../lib/gcc/arm-none-eabi/13.3.1/../../../../arm-none-eabi/lib/thumb/v7e-m+fp/hard/libc_nano.a(libc_a-snprintf.o)
                              ./Core/Src/protocol.o (snprintf)
/Applications/STM32CubeIDE.app/Contents/Eclipse/plugins/com.st.stm32cube.ide.mcu.externaltools.gnu-tools-for-stm32.13.3.rel1.macos64_1.0.0.202411102158/tools/bin/../lib/gcc/arm-none-eabi/13.3.1/../../../../arm-none-eabi/lib/thumb/v7e-m+fp/hard/libc_nano.a(libc_a-sprintf.o)
                              ./Core/Src/protocol.o (sprintf)
/Applications/STM32CubeIDE.app/Contents/Eclipse/plugins/com.st.stm32cube.ide.mcu.externaltools.gnu-tools-for-stm32.13.3.rel1.macos64_1.0.0.202411102158/tools/bin/../lib/gcc/arm-none-eabi/13.3.1/../../../../arm-none-eabi/lib/thumb/v7e-m+fp/hard/libc_nano.a(libc_a-findfp.o)
                              /Applications/STM32CubeIDE.app/Contents/Eclipse/plugins/com.st.stm32cube.ide.mcu.externaltools.gnu-tools-for-stm32.13.3.rel1.macos64_1.0.0.202411102158/tools/bin/../lib/gcc/arm-none-eabi/13.3.1/../../../../arm-none-eabi/lib/thumb/v7e-m+fp/hard/libc_nano.a(libc_a-exit.o) (__stdio_exit_handler)
/Applications/STM32CubeIDE.app/Contents/Eclipse/plugins/com.st.stm32cube.ide.mcu.externaltools.gnu-tools-for-stm32.13.3.rel1.macos64_1.0.0.202411102158/tools/bin/../lib/gcc/arm-none-eabi/13.3.1/../../../../arm-none-eabi/lib/thumb/v7e-m+fp/hard/libc_nano.a(libc_a-vsprintf.o)
                              ./Core/Src/circular_buffer.o (vsprintf)
/Applications/STM32CubeIDE.app/Contents/Eclipse/plugins/com.st.stm32cube.ide.mcu.externaltools.gnu-tools-for-stm32.13.3.rel1.macos64_1.0.0.202411102158/tools/bin/../lib/gcc/arm-none-eabi/13.3.1/../../../../arm-none-eabi/lib/thumb/v7e-m+fp/hard/libc_nano.a(libc_a-fwalk.o)
                              /Applications/STM32CubeIDE.app/Contents/Eclipse/plugins/com.st.stm32cube.ide.mcu.externaltools.gnu-tools-for-stm32.13.3.rel1.macos64_1.0.0.202411102158/tools/bin/../lib/gcc/arm-none-eabi/13.3.1/../../../../arm-none-eabi/lib/thumb/v7e-m+fp/hard/libc_nano.a(libc_a-findfp.o) (_fwalk_sglue)
/Applications/STM32CubeIDE.app/Contents/Eclipse/plugins/com.st.stm32cube.ide.mcu.externaltools.gnu-tools-for-stm32.13.3.rel1.macos64_1.0.0.202411102158/tools/bin/../lib/gcc/arm-none-eabi/13.3.1/../../../../arm-none-eabi/lib/thumb/v7e-m+fp/hard/libc_nano.a(libc_a-memset.o)
                              /Applications/STM32CubeIDE.app/Contents/Eclipse/plugins/com.st.stm32cube.ide.mcu.externaltools.gnu-tools-for-stm32.13.3.rel1.macos64_1.0.0.202411102158/tools/bin/../lib/gcc/arm-none-eabi/13.3.1/../../../../arm-none-eabi/lib/thumb/v7e-m+fp/hard/crt0.o (memset)
/Applications/STM32CubeIDE.app/Contents/Eclipse/plugins/com.st.stm32cube.ide.mcu.externaltools.gnu-tools-for-stm32.13.3.rel1.macos64_1.0.0.202411102158/tools/bin/../lib/gcc/arm-none-eabi/13.3.1/../../../../arm-none-eabi/lib/thumb/v7e-m+fp/hard/libc_nano.a(libc_a-strncpy.o)
                              ./Core/Src/protocol.o (strncpy)
/Applications/STM32CubeIDE.app/Contents/Eclipse/plugins/com.st.stm32cube.ide.mcu.externaltools.gnu-tools-for-stm32.13.3.rel1.macos64_1.0.0.202411102158/tools/bin/../lib/gcc/arm-none-eabi/13.3.1/../../../../arm-none-eabi/lib/thumb/v7e-m+fp/hard/libc_nano.a(libc_a-errno.o)
                              ./Core/Src/syscalls.o (__errno)
/Applications/STM32CubeIDE.app/Contents/Eclipse/plugins/com.st.stm32cube.ide.mcu.externaltools.gnu-tools-for-stm32.13.3.rel1.macos64_1.0.0.202411102158/tools/bin/../lib/gcc/arm-none-eabi/13.3.1/../../../../arm-none-eabi/lib/thumb/v7e-m+fp/hard/libc_nano.a(libc_a-init.o)
                              /Applications/STM32CubeIDE.app/Contents/Eclipse/plugins/com.st.stm32cube.ide.mcu.externaltools.gnu-tools-for-stm32.13.3.rel1.macos64_1.0.0.202411102158/tools/bin/../lib/gcc/arm-none-eabi/13.3.1/../../../../arm-none-eabi/lib/thumb/v7e-m+fp/hard/crt0.o (__libc_init_array)
/Applications/STM32CubeIDE.app/Contents/Eclipse/plugins/com.st.stm32cube.ide.mcu.externaltools.gnu-tools-for-stm32.13.3.rel1.macos64_1.0.0.202411102158/tools/bin/../lib/gcc/arm-none-eabi/13.3.1/../../../../arm-none-eabi/lib/thumb/v7e-m+fp/hard/libc_nano.a(libc_a-lock.o)
[...]
Memory Configuration

Name             Origin             Length             Attributes
RAM              0x20000000         0x00020000         xrw
FLASH            0x08000000         0x00080000         xr
*default*        0x00000000         0xffffffff

Linker script and memory map

LOAD /Applications/STM32CubeIDE.app/Contents/Eclipse/plugins/com.st.stm32cube.ide.mcu.externaltools.gnu-tools-for-stm32.13.3.rel1.macos64_1.0.0.202411102158/tools/bin/../lib/gcc/arm-none-eabi/13.3.1/thumb/v7e-m+fp/hard/crti.o
LOAD /Applications/STM32CubeIDE.app/Contents/Eclipse/plugins/com.st.stm32cube.ide.mcu.externaltools.gnu-tools-for-stm32.13.3.rel1.macos64_1.0.0.202411102158/tools/bin/../lib/gcc/arm-none-eabi/13.3.1/thumb/v7e-m+fp/hard/crtbegin.o
LOAD /Applications/STM32CubeIDE.app/Contents/Eclipse/plugins/com.st.stm32cube.ide.mcu.externaltools.gnu-tools-for-stm32.13.3.rel1.macos64_1.0.0.202411102158/tools/bin/../lib/gcc/arm-none-eabi/13.3.1/../../../../arm-none-eabi/lib/thumb/v7e-m+fp/hard/crt0.o
LOAD ./Core/Src/circular_buffer.o
LOAD ./Core/Src/crc16.o
LOAD ./Core/Src/dma.o
LOAD ./Core/Src/gpio.o
LOAD ./Core/Src/i2c.o
LOAD ./Core/Src/main.o
LOAD ./Core/Src/protocol.o
LOAD ./Core/Src/stm32f4xx_hal_msp.o
LOAD ./Core/Src/stm32f4xx_it.o
LOAD ./Core/Src/syscalls.o
LOAD ./Core/Src/sysmem.o
LOAD ./Core/Src/system_stm32f4xx.o
LOAD ./Core/Src/tcs34725.o
LOAD ./Core/Src/tim.o
LOAD ./Core/Src/usart.o
LOAD ./Core/Startup/startup_stm32f446retx.o
LOAD ./Drivers/STM32F4xx_HAL_Driver/Src/stm32f4xx_hal.o
LOAD ./Drivers/STM32F4xx_HAL_Driver/Src/stm32f4xx_hal_cortex.o
LOAD ./Drivers/STM32F4xx_HAL_Driver/Src/stm32f4xx_hal_dma.o
LOAD ./Drivers/STM32F4xx_HAL_Driver/Src/stm32f4xx_hal_dma_ex.o
LOAD ./Drivers/STM32F4xx_HAL_Driver/Src/stm32f4xx_hal_exti.o
LOAD ./Drivers/STM32F4xx_HAL_Driver/Src/stm32f4xx_hal_flash.o
LOAD ./Drivers/STM32F4xx_HAL_Driver/Src/stm32f4xx_hal_flash_ex.o
LOAD ./Drivers/STM32F4xx_HAL_Driver/Src/stm32f4xx_hal_flash_ramfunc.o
LOAD ./Drivers/STM32F4xx_HAL_Driver/Src/stm32f4xx_hal_gpio.o
LOAD ./Drivers/STM32F4xx_HAL_Driver/Src/stm32f4xx_hal_i2c.o
LOAD ./Drivers/STM32F4xx_HAL_Driver/Src/stm32f4xx_hal_i2c_ex.o
LOAD ./Drivers/STM32F4xx_HAL_Driver/Src/stm32f4xx_hal_pwr.o
LOAD ./Drivers/STM32F4xx_HAL_Driver/Src/stm32f4xx_hal_pwr_ex.o
LOAD ./Drivers/STM32F4xx_HAL_Driver/Src/stm32f4xx_hal_rcc.o
LOAD ./Drivers/STM32F4xx_HAL_Driver/Src/stm32f4xx_hal_rcc_ex.o
LOAD ./Drivers/STM32F4xx_HAL_Driver/Src/stm32f4xx_hal_tim.o
LOAD ./Drivers/STM32F4xx_HAL_Driver/Src/stm32f4xx_hal_tim_ex.o
LOAD ./Drivers/STM32F4xx_HAL_Driver/Src/stm32f4xx_hal_uart.o
START GROUP
LOAD /Applications/STM32CubeIDE.app/Contents/Eclipse/plugins/com.st.stm32cube.ide.mcu.externaltools.gnu-tools-for-stm32.13.3.rel1.macos64_1.0.0.202411102158/tools/bin/../lib/gcc/arm-none-eabi/13.3.1/../../../../arm-none-eabi/lib/thumb/v7e-m+fp/hard/libc_nano.a
LOAD /Applications/STM32CubeIDE.app/Contents/Eclipse/plugins/com.st.stm32cube.ide.mcu.externaltools.gnu-tools-for-stm32.13.3.rel1.macos64_1.0.0.202411102158/tools/bin/../lib/gcc/arm-none-eabi/13.3.1/../../../../arm-none-eabi/lib/thumb/v7e-m+fp/hard/libm.a
END GROUP
START GROUP
LOAD /Applications/STM32CubeIDE.app/Contents/Eclipse/plugins/com.st.stm32cube.ide.mcu.externaltools.gnu-tools-for-stm32.13.3.rel1.macos64_1.0.0.202411102158/tools/bin/../lib/gcc/arm-none-eabi/13.3.1/thumb/v7e-m+fp/hard/libgcc.a
LOAD /Applications/STM32CubeIDE.app/Contents/Eclipse/plugins/com.st.stm32cube.ide.mcu.externaltools.gnu-tools-for-stm32.13.3.rel1.macos64_1.0.0.202411102158/tools/bin/../lib/gcc/arm-none-eabi/13.3.1/../../../../arm-none-eabi/lib/thumb/v7e-m+fp/hard/libc_nano.a
END GROUP
START GROUP
LOAD /Applications/STM32CubeIDE.app/Contents/Eclipse/plugins/com.st.stm32cube.ide.mcu.externaltools.gnu-tools-for-stm32.13.3.rel1.macos64_1.0.0.202411102158/tools/bin/../lib/gcc/arm-none-eabi/13.3.1/thumb/v7e-m+fp/hard/libgcc.a
LOAD /Applications/STM32CubeIDE.app/Contents/Eclipse/plugins/com.st.stm32cube.ide.mcu.externaltools.gnu-tools-for-stm32.13.3.rel1.macos64_1.0.0.202411102158/tools/bin/../lib/gcc/arm-none-eabi/13.3.1/../../../../arm-none-eabi/lib/thumb/v7e-m+fp/hard/libc_nano.a
LOAD /Applications/STM32CubeIDE.app/Contents/Eclipse/plugins/com.st.stm32cube.ide.mcu.externaltools.gnu-tools-for-stm32.13.3.rel1.macos64_1.0.0.202411102158/tools/bin/../lib/gcc/arm-none-eabi/13.3.1/../../../../arm-none-eabi/lib/thumb/v7e-m+fp/hard/libnosys.a
END GROUP
START GROUP
LOAD /Applications/STM32CubeIDE.app/Contents/Eclipse/plugins/com.st.stm32cube.ide.mcu.externaltools.gnu-tools-for-stm32.13.3.rel1.macos64_1.0.0.202411102158/tools/bin/../lib/gcc/arm-none-eabi/13.3.1/thumb/v7e-m+fp/hard/libgcc.a
LOAD /Applications/STM32CubeIDE.app/Contents/Eclipse/plugins/com.st.stm32cube.ide.mcu.externaltools.gnu-tools-for-stm32.13.3.rel1.macos64_1.0.0.202411102158/tools/bin/../lib/gcc/arm-none-eabi/13.3.1/../../../../arm-none-eabi/lib/thumb/v7e-m+fp/hard/libc_nano.a
LOAD /Applications/STM32CubeIDE.app/Contents/Eclipse/plugins/com.st.stm32cube.ide.mcu.externaltools.gnu-tools-for-stm32.13.3.rel1.macos64_1.0.0.202411102158/tools/bin/../lib/gcc/arm-none-eabi/13.3.1/../../../../arm-none-eabi/lib/thumb/v7e-m+fp/hard/libnosys.a
END GROUP
LOAD /Applications/STM32CubeIDE.app/Contents/Eclipse/plugins/com.st.stm32cube.ide.mcu.externaltools.gnu-tools-for-stm32.13.3.rel1.macos64_1.0.0.202411102158/tools/bin/../lib/gcc/arm-none-eabi/13.3.1/thumb/v7e-m+fp/hard/crtend.o
LOAD /Applications/STM32CubeIDE.app/Contents/Eclipse/plugins/com.st.stm32cube.ide.mcu.externaltools.gnu-tools-for-stm32.13.3.rel1.macos64_1.0.0.202411102158/tools/bin/../lib/gcc/arm-none-eabi/13.3.1/thumb/v7e-m+fp/hard/crtn.o
                0x20020000                        _estack = (ORIGIN (RAM) + LENGTH (RAM))
                0x00000200                        _Min_Heap_Size = 0x200
                0x00000400                        _Min_Stack_Size = 0x400

.isr_vector     0x08000000      0x1c4
                0x08000000                        . = ALIGN (0x4)
 *(.isr_vector)
 .isr_vector    0x08000000      0x1c4 ./Core/Startup/startup_stm32f446retx.o
                0x08000000                g_pfnVectors
                0x080001c4                        . = ALIGN (0x4)

.text           0x080001d0     0xab18
                0x080001d0                        . = ALIGN (0x4)
 *(.text)
 .text          0x080001d0       0x40 /Applications/STM32CubeIDE.app/Contents/Eclipse/plugins/com.st.stm32cube.ide.mcu.externaltools.gnu-tools-for-stm32.13.3.rel1.macos64_1.0.0.202411102158/tools/bin/../lib/gcc/arm-none-eabi/13.3.1/thumb/v7e-m+fp/hard/crtbegin.o
 .text          0x08000210       0x14 /Applications/STM32CubeIDE.app/Contents/Eclipse/plugins/com.st.stm32cube.ide.mcu.externaltools.gnu-tools-for-stm32.13.3.rel1.macos64_1.0.0.202411102158/tools/bin/../lib/gcc/arm-none-eabi/13.3.1/../../../../arm-none-eabi/lib/thumb/v7e-m+fp/hard/libc_nano.a(libc_a-strcmp.o)
                0x08000210                strcmp
 .text          0x08000224       0x10 /Applications/STM32CubeIDE.app/Contents/Eclipse/plugins/com.st.stm32cube.ide.mcu.externaltools.gnu-tools-for-stm32.13.3.rel1.macos64_1.0.0.202411102158/tools/bin/../lib/gcc/arm-none-eabi/13.3.1/../../../../arm-none-eabi/lib/thumb/v7e-m+fp/hard/libc_nano.a(libc_a-strlen.o)
                0x08000224                strlen
 *fill*         0x08000234        0xc 
 .text          0x08000240       0xa0 /Applications/STM32CubeIDE.app/Contents/Eclipse/plugins/com.st.stm32cube.ide.mcu.externaltools.gnu-tools-for-stm32.13.3.rel1.macos64_1.0.0.202411102158/tools/bin/../lib/gcc/arm-none-eabi/13.3.1/../../../../arm-none-eabi/lib/thumb/v7e-m+fp/hard/libc_nano.a(libc_a-memchr.o)
                0x08000240                memchr
 .text          0x080002e0       0x30 /Applications/STM32CubeIDE.app/Contents/Eclipse/plugins/com.st.stm32cube.ide.mcu.externaltools.gnu-tools-for-stm32.13.3.rel1.macos64_1.0.0.202411102158/tools/bin/../lib/gcc/arm-none-eabi/13.3.1/thumb/v7e-m+fp/hard/libgcc.a(_aeabi_uldivmod.o)
                0x080002e0                __aeabi_uldivmod
 .text          0x08000310      0x2f8 /Applications/STM32CubeIDE.app/Contents/Eclipse/plugins/com.st.stm32cube.ide.mcu.externaltools.gnu-tools-for-stm32.13.3.rel1.macos64_1.0.0.202411102158/tools/bin/../lib/gcc/arm-none-eabi/13.3.1/thumb/v7e-m+fp/hard/libgcc.a(_udivmoddi4.o)
                0x08000310                __udivmoddi4
 .text          0x08000608        0x4 /Applications/STM32CubeIDE.app/Contents/Eclipse/plugins/com.st.stm32cube.ide.mcu.externaltools.gnu-tools-for-stm32.13.3.rel1.macos64_1.0.0.202411102158/tools/bin/../lib/gcc/arm-none-eabi/13.3.1/thumb/v7e-m+fp/hard/libgcc.a(_dvmd_tls.o)
                0x08000608                __aeabi_ldiv0
                0x08000608                __aeabi_idiv0
 *(.text*)
 .text.UART_RX_IsEmpty
                0x0800060c       0x28 ./Core/Src/circular_buffer.o
                0x0800060c                UART_RX_IsEmpty
 .text.UART_RX_GetChar
                0x08000634       0x4c ./Core/Src/circular_buffer.o
                0x08000634                UART_RX_GetChar
 .text.UART_TX_FSend
                0x08000680       0xec ./Core/Src/circular_buffer.o
                0x08000680                UART_TX_FSend
 .text.ColorBuffer_IsEmpty
                0x0800076c       0x20 ./Core/Src/circular_buffer.o
                0x0800076c                ColorBuffer_IsEmpty
 .text.ColorBuffer_IsFull
                0x0800078c       0x24 ./Core/Src/circular_buffer.o
                0x0800078c                ColorBuffer_IsFull
 .text.ColorBuffer_Put
                0x080007b0       0x90 ./Core/Src/circular_buffer.o
                0x080007b0                ColorBuffer_Put
 .text.ColorBuffer_GetLatest
                0x08000840       0x4c ./Core/Src/circular_buffer.o
                0x08000840                ColorBuffer_GetLatest
 .text.ColorBuffer_GetByTimeOffset
                0x0800088c       0xe8 ./Core/Src/circular_buffer.o
                0x0800088c                ColorBuffer_GetByTimeOffset
 .text.crc16_ccitt
                0x08000974       0x58 ./Core/Src/crc16.o
                0x08000974                crc16_ccitt
 .text.MX_DMA_Init
                0x080009cc       0x50 ./Core/Src/dma.o
                0x080009cc                MX_DMA_Init
 .text.MX_GPIO_Init
                0x08000a1c      0x11c ./Core/Src/gpio.o
                0x08000a1c                MX_GPIO_Init
 .text.MX_I2C1_Init
                0x08000b38       0x5c ./Core/Src/i2c.o
                0x08000b38                MX_I2C1_Init
 .text.HAL_I2C_MspInit
                0x08000b94      0x17c ./Core/Src/i2c.o
                0x08000b94                HAL_I2C_MspInit
 .text.HAL_UART_TxCpltCallback
                0x08000d10       0x68 ./Core/Src/main.o
                0x08000d10                HAL_UART_TxCpltCallback
 .text.HAL_UART_RxCpltCallback
                0x08000d78       0x50 ./Core/Src/main.o
                0x08000d78                HAL_UART_RxCpltCallback
 .text.main     0x08000dc8       0x4c ./Core/Src/main.o
                0x08000dc8                main
 .text.SystemClock_Config
                0x08000e14       0xdc ./Core/Src/main.o
                0x08000e14                SystemClock_Config
 .text.HAL_TIM_PeriodElapsedCallback
                0x08000ef0       0x4c ./Core/Src/main.o
                0x08000ef0                HAL_TIM_PeriodElapsedCallback
 .text.Error_Handler
                0x08000f3c        0xc ./Core/Src/main.o
                0x08000f3c                Error_Handler
 .text.format_ans_data
                0x08000f48       0x44 ./Core/Src/protocol.o
 .text.format_hex_data
                0x08000f8c      0x170 ./Core/Src/protocol.o
 .text.convert_char_to_int
                0x080010fc       0x6c ./Core/Src/protocol.o
                0x080010fc                convert_char_to_int
 .text.convert_hex_to_int
                0x08001168       0x96 ./Core/Src/protocol.o
                0x08001168                convert_hex_to_int
 *fill*         0x080011fe        0x2 
 .text.hex_decode_string
                0x08001200       0xd4 ./Core/Src/protocol.o
                0x08001200                hex_decode_string
 .text.hex_encode_string
                0x080012d4       0x8c ./Core/Src/protocol.o
                0x080012d4                hex_encode_string
 .text.parse_command
                0x08001360      0x140 ./Core/Src/protocol.o
                0x08001360                parse_command
 .text.get_command_param_len
                0x080014a0       0x70 ./Core/Src/protocol.o
                0x080014a0                get_command_param_len
 .text.parse_frame
                0x08001510      0xac8 ./Core/Src/protocol.o
                0x08001510                parse_frame
 .text.calculate_frame_crc
                0x08001fd8      0x174 ./Core/Src/protocol.o
                0x08001fd8                calculate_frame_crc
 .text.build_response_frame
                0x0800214c      0x3dc ./Core/Src/protocol.o
                0x0800214c                build_response_frame
 .text.process_received_frame
                0x08002528      0x200 ./Core/Src/protocol.o
                0x08002528                process_received_frame
 .text.process_protocol_data
                0x08002728      0x348 ./Core/Src/protocol.o
                0x08002728                process_protocol_data
 .text.process_command
                0x08002a70      0xdfc ./Core/Src/protocol.o
                0x08002a70                process_command
 .text.HAL_MspInit
                0x0800386c       0x50 ./Core/Src/stm32f4xx_hal_msp.o
                0x0800386c                HAL_MspInit
 .text.NMI_Handler
                0x080038bc        0x8 ./Core/Src/stm32f4xx_it.o
                0x080038bc                NMI_Handler
 .text.HardFault_Handler
                0x080038c4        0x8 ./Core/Src/stm32f4xx_it.o
                0x080038c4                HardFault_Handler
 .text.MemManage_Handler
                0x080038cc        0x8 ./Core/Src/stm32f4xx_it.o
                0x080038cc                MemManage_Handler
 .text.BusFault_Handler
                0x080038d4        0x8 ./Core/Src/stm32f4xx_it.o
                0x080038d4                BusFault_Handler
 .text.UsageFault_Handler
                0x080038dc        0x8 ./Core/Src/stm32f4xx_it.o
                0x080038dc                UsageFault_Handler
 .text.SVC_Handler
                0x080038e4        0xe ./Core/Src/stm32f4xx_it.o
                0x080038e4                SVC_Handler
 .text.DebugMon_Handler
                0x080038f2        0xe ./Core/Src/stm32f4xx_it.o
                0x080038f2                DebugMon_Handler
 .text.PendSV_Handler
                0x08003900        0xe ./Core/Src/stm32f4xx_it.o
                0x08003900                PendSV_Handler
 .text.SysTick_Handler
                0x0800390e        0xc ./Core/Src/stm32f4xx_it.o
                0x0800390e                SysTick_Handler
 *fill*         0x0800391a        0x2 
 .text.DMA1_Stream0_IRQHandler
                0x0800391c       0x14 ./Core/Src/stm32f4xx_it.o
                0x0800391c                DMA1_Stream0_IRQHandler
 .text.DMA1_Stream6_IRQHandler
                0x08003930       0x14 ./Core/Src/stm32f4xx_it.o
                0x08003930                DMA1_Stream6_IRQHandler
 .text.I2C1_EV_IRQHandler
                0x08003944       0x14 ./Core/Src/stm32f4xx_it.o
                0x08003944                I2C1_EV_IRQHandler
 .text.I2C1_ER_IRQHandler
                0x08003958       0x14 ./Core/Src/stm32f4xx_it.o
                0x08003958                I2C1_ER_IRQHandler
 .text.USART2_IRQHandler
                0x0800396c       0x14 ./Core/Src/stm32f4xx_it.o
                0x0800396c                USART2_IRQHandler
 .text.TIM3_IRQHandler
                0x08003980       0x14 ./Core/Src/stm32f4xx_it.o
                0x08003980                TIM3_IRQHandler
 .text._sbrk    0x08003994       0x6c ./Core/Src/sysmem.o
                0x08003994                _sbrk
 .text.SystemInit
                0x08003a00       0x24 ./Core/Src/system_stm32f4xx.o
                0x08003a00                SystemInit
 .text.TCS34725_WriteReg
                0x08003a24       0x38 ./Core/Src/tcs34725.o
                0x08003a24                TCS34725_WriteReg
 .text.TCS34725_ReadReg8
                0x08003a5c       0x48 ./Core/Src/tcs34725.o
 .text.TCS34725_Init
                0x08003aa4       0x5c ./Core/Src/tcs34725.o
                0x08003aa4                TCS34725_Init
 .text.TCS34725_Start_DMA_Read
                0x08003b00       0x54 ./Core/Src/tcs34725.o
                0x08003b00                TCS34725_Start_DMA_Read
 .text.HAL_I2C_MemRxCpltCallback
                0x08003b54       0x88 ./Core/Src/tcs34725.o
                0x08003b54                HAL_I2C_MemRxCpltCallback
 .text.MX_TIM3_Init
                0x08003bdc       0x9c ./Core/Src/tim.o
                0x08003bdc                MX_TIM3_Init
 .text.HAL_TIM_Base_MspInit
                0x08003c78       0x50 ./Core/Src/tim.o
                0x08003c78                HAL_TIM_Base_MspInit
 .text.MX_USART2_UART_Init
                0x08003cc8       0x54 ./Core/Src/usart.o
                0x08003cc8                MX_USART2_UART_Init
 .text.HAL_UART_MspInit
                0x08003d1c       0xa0 ./Core/Src/usart.o
                0x08003d1c                HAL_UART_MspInit
 .text.Reset_Handler
                0x08003dbc       0x50 ./Core/Startup/startup_stm32f446retx.o
                0x08003dbc                Reset_Handler
 .text.Default_Handler
                0x08003e0c        0x2 ./Core/Startup/startup_stm32f446retx.o
                0x08003e0c                DMA1_Stream3_IRQHandler
                0x08003e0c                EXTI2_IRQHandler
                0x08003e0c                TIM8_CC_IRQHandler
                0x08003e0c                FMPI2C1_EV_IRQHandler
                0x08003e0c                SPI4_IRQHandler
                0x08003e0c                TIM1_CC_IRQHandler
                0x08003e0c                DMA2_Stream5_IRQHandler
                0x08003e0c                DMA1_Stream5_IRQHandler
                0x08003e0c                PVD_IRQHandler
                0x08003e0c                SDIO_IRQHandler
                0x08003e0c                TAMP_STAMP_IRQHandler
                0x08003e0c                CAN2_RX1_IRQHandler
                0x08003e0c                EXTI3_IRQHandler
                0x08003e0c                TIM8_TRG_COM_TIM14_IRQHandler
                0x08003e0c                TIM1_UP_TIM10_IRQHandler
                0x08003e0c                TIM8_UP_TIM13_IRQHandler
                0x08003e0c                I2C3_ER_IRQHandler
                0x08003e0c                EXTI0_IRQHandler
                0x08003e0c                I2C2_EV_IRQHandler
                0x08003e0c                DMA1_Stream2_IRQHandler
                0x08003e0c                CAN1_RX0_IRQHandler
                0x08003e0c                FPU_IRQHandler
                0x08003e0c                OTG_HS_WKUP_IRQHandler
                0x08003e0c                CAN2_SCE_IRQHandler
                0x08003e0c                DMA2_Stream2_IRQHandler
                0x08003e0c                SPI1_IRQHandler
                0x08003e0c                TIM6_DAC_IRQHandler
                0x08003e0c                TIM1_BRK_TIM9_IRQHandler
                0x08003e0c                DCMI_IRQHandler
                0x08003e0c                CAN2_RX0_IRQHandler
                0x08003e0c                DMA2_Stream3_IRQHandler
                0x08003e0c                SAI2_IRQHandler
                0x08003e0c                USART6_IRQHandler
                0x08003e0c                USART3_IRQHandler
                0x08003e0c                CAN1_RX1_IRQHandler
                0x08003e0c                UART5_IRQHandler
                0x08003e0c                DMA2_Stream0_IRQHandler
                0x08003e0c                TIM4_IRQHandler
                0x08003e0c                QUADSPI_IRQHandler
                0x08003e0c                DMA1_Stream1_IRQHandler
                0x08003e0c                UART4_IRQHandler
                0x08003e0c                RCC_IRQHandler
                0x08003e0c                TIM8_BRK_TIM12_IRQHandler
                0x08003e0c                Default_Handler
                0x08003e0c                CEC_IRQHandler
                0x08003e0c                EXTI15_10_IRQHandler
                0x08003e0c                ADC_IRQHandler
                0x08003e0c                DMA1_Stream7_IRQHandler
                0x08003e0c                TIM7_IRQHandler
                0x08003e0c                CAN2_TX_IRQHandler
                0x08003e0c                TIM5_IRQHandler
                0x08003e0c                DMA2_Stream7_IRQHandler
                0x08003e0c                I2C3_EV_IRQHandler
                0x08003e0c                EXTI9_5_IRQHandler
                0x08003e0c                RTC_WKUP_IRQHandler
                0x08003e0c                SPDIF_RX_IRQHandler
                0x08003e0c                SPI2_IRQHandler
                0x08003e0c                OTG_HS_EP1_IN_IRQHandler
                0x08003e0c                CAN1_TX_IRQHandler
                0x08003e0c                FMPI2C1_ER_IRQHandler
                0x08003e0c                EXTI4_IRQHandler
                0x08003e0c                OTG_HS_EP1_OUT_IRQHandler
                0x08003e0c                WWDG_IRQHandler
                0x08003e0c                TIM2_IRQHandler
                0x08003e0c                OTG_FS_WKUP_IRQHandler
                0x08003e0c                TIM1_TRG_COM_TIM11_IRQHandler
                0x08003e0c                OTG_HS_IRQHandler
                0x08003e0c                EXTI1_IRQHandler
                0x08003e0c                I2C2_ER_IRQHandler
                0x08003e0c                DMA2_Stream1_IRQHandler
                0x08003e0c                CAN1_SCE_IRQHandler
                0x08003e0c                FLASH_IRQHandler
                0x08003e0c                DMA2_Stream4_IRQHandler
                0x08003e0c                USART1_IRQHandler
                0x08003e0c                OTG_FS_IRQHandler
                0x08003e0c                SPI3_IRQHandler
                0x08003e0c                DMA1_Stream4_IRQHandler
                0x08003e0c                FMC_IRQHandler
                0x08003e0c                DMA2_Stream6_IRQHandler
                0x08003e0c                SAI1_IRQHandler
                0x08003e0c                RTC_Alarm_IRQHandler
 *fill*         0x08003e0e        0x2 
 .text.HAL_Init
                0x08003e10       0x44 ./Drivers/STM32F4xx_HAL_Driver/Src/stm32f4xx_hal.o
                0x08003e10                HAL_Init
 .text.HAL_InitTick
                0x08003e54       0x60 ./Drivers/STM32F4xx_HAL_Driver/Src/stm32f4xx_hal.o
                0x08003e54                HAL_InitTick
 .text.HAL_IncTick
                0x08003eb4       0x28 ./Drivers/STM32F4xx_HAL_Driver/Src/stm32f4xx_hal.o
                0x08003eb4                HAL_IncTick
 .text.HAL_GetTick
                0x08003edc       0x18 ./Drivers/STM32F4xx_HAL_Driver/Src/stm32f4xx_hal.o
                0x08003edc                HAL_GetTick
 .text.HAL_Delay
                0x08003ef4       0x48 ./Drivers/STM32F4xx_HAL_Driver/Src/stm32f4xx_hal.o
                0x08003ef4                HAL_Delay
 .text.__NVIC_SetPriorityGrouping
                0x08003f3c       0x48 ./Drivers/STM32F4xx_HAL_Driver/Src/stm32f4xx_hal_cortex.o
 .text.__NVIC_GetPriorityGrouping
                0x08003f84       0x1c ./Drivers/STM32F4xx_HAL_Driver/Src/stm32f4xx_hal_cortex.o
 .text.__NVIC_EnableIRQ
                0x08003fa0       0x3c ./Drivers/STM32F4xx_HAL_Driver/Src/stm32f4xx_hal_cortex.o
 .text.__NVIC_SetPriority
                0x08003fdc       0x54 ./Drivers/STM32F4xx_HAL_Driver/Src/stm32f4xx_hal_cortex.o
 .text.NVIC_EncodePriority
                0x08004030       0x66 ./Drivers/STM32F4xx_HAL_Driver/Src/stm32f4xx_hal_cortex.o
 *fill*         0x08004096        0x2 
 .text.SysTick_Config
                0x08004098       0x44 ./Drivers/STM32F4xx_HAL_Driver/Src/stm32f4xx_hal_cortex.o
 .text.HAL_NVIC_SetPriorityGrouping
                0x080040dc       0x16 ./Drivers/STM32F4xx_HAL_Driver/Src/stm32f4xx_hal_cortex.o
                0x080040dc                HAL_NVIC_SetPriorityGrouping
 .text.HAL_NVIC_SetPriority
                0x080040f2       0x38 ./Drivers/STM32F4xx_HAL_Driver/Src/stm32f4xx_hal_cortex.o
                0x080040f2                HAL_NVIC_SetPriority
 .text.HAL_NVIC_EnableIRQ
                0x0800412a       0x1c ./Drivers/STM32F4xx_HAL_Driver/Src/stm32f4xx_hal_cortex.o
                0x0800412a                HAL_NVIC_EnableIRQ
 .text.HAL_SYSTICK_Config
                0x08004146       0x18 ./Drivers/STM32F4xx_HAL_Driver/Src/stm32f4xx_hal_cortex.o
                0x08004146                HAL_SYSTICK_Config
 *fill*         0x0800415e        0x2 
 .text.HAL_DMA_Init
                0x08004160      0x15c ./Drivers/STM32F4xx_HAL_Driver/Src/stm32f4xx_hal_dma.o
                0x08004160                HAL_DMA_Init
 .text.HAL_DMA_Start_IT
                0x080042bc       0xb0 ./Drivers/STM32F4xx_HAL_Driver/Src/stm32f4xx_hal_dma.o
                0x080042bc                HAL_DMA_Start_IT
 .text.HAL_DMA_Abort
                0x0800436c       0xe0 ./Drivers/STM32F4xx_HAL_Driver/Src/stm32f4xx_hal_dma.o
                0x0800436c                HAL_DMA_Abort
 .text.HAL_DMA_Abort_IT
                0x0800444c       0x44 ./Drivers/STM32F4xx_HAL_Driver/Src/stm32f4xx_hal_dma.o
                0x0800444c                HAL_DMA_Abort_IT
 .text.HAL_DMA_IRQHandler
                0x08004490      0x314 ./Drivers/STM32F4xx_HAL_Driver/Src/stm32f4xx_hal_dma.o
                0x08004490                HAL_DMA_IRQHandler
 .text.HAL_DMA_GetState
                0x080047a4       0x1c ./Drivers/STM32F4xx_HAL_Driver/Src/stm32f4xx_hal_dma.o
                0x080047a4                HAL_DMA_GetState
 .text.HAL_DMA_GetError
                0x080047c0       0x18 ./Drivers/STM32F4xx_HAL_Driver/Src/stm32f4xx_hal_dma.o
                0x080047c0                HAL_DMA_GetError
 .text.DMA_SetConfig
                0x080047d8       0x5c ./Drivers/STM32F4xx_HAL_Driver/Src/stm32f4xx_hal_dma.o
 .text.DMA_CalcBaseAndBitshift
                0x08004834       0x6c ./Drivers/STM32F4xx_HAL_Driver/Src/stm32f4xx_hal_dma.o
 .text.DMA_CheckFifoParam
                0x080048a0       0xf8 ./Drivers/STM32F4xx_HAL_Driver/Src/stm32f4xx_hal_dma.o
 .text.HAL_GPIO_Init
                0x08004998      0x328 ./Drivers/STM32F4xx_HAL_Driver/Src/stm32f4xx_hal_gpio.o
                0x08004998                HAL_GPIO_Init
 .text.HAL_GPIO_ReadPin
                0x08004cc0       0x30 ./Drivers/STM32F4xx_HAL_Driver/Src/stm32f4xx_hal_gpio.o
                0x08004cc0                HAL_GPIO_ReadPin
 .text.HAL_GPIO_WritePin
                0x08004cf0       0x32 ./Drivers/STM32F4xx_HAL_Driver/Src/stm32f4xx_hal_gpio.o
                0x08004cf0                HAL_GPIO_WritePin
 *fill*         0x08004d22        0x2 
 .text.HAL_I2C_Init
                0x08004d24      0x288 ./Drivers/STM32F4xx_HAL_Driver/Src/stm32f4xx_hal_i2c.o
                0x08004d24                HAL_I2C_Init
 .text.I2C_Flush_DR
                0x08004fac       0x2a ./Drivers/STM32F4xx_HAL_Driver/Src/stm32f4xx_hal_i2c.o
 *fill*         0x08004fd6        0x2 
 .text.HAL_I2C_Master_Transmit
                0x08004fd8      0x1fc ./Drivers/STM32F4xx_HAL_Driver/Src/stm32f4xx_hal_i2c.o
                0x08004fd8                HAL_I2C_Master_Transmit
 .text.HAL_I2C_Master_Receive
                0x080051d4      0x464 ./Drivers/STM32F4xx_HAL_Driver/Src/stm32f4xx_hal_i2c.o
                0x080051d4                HAL_I2C_Master_Receive
 .text.HAL_I2C_Mem_Read_DMA
                0x08005638      0x320 ./Drivers/STM32F4xx_HAL_Driver/Src/stm32f4xx_hal_i2c.o
                0x08005638                HAL_I2C_Mem_Read_DMA
 .text.HAL_I2C_EV_IRQHandler
                0x08005958      0x2e2 ./Drivers/STM32F4xx_HAL_Driver/Src/stm32f4xx_hal_i2c.o
                0x08005958                HAL_I2C_EV_IRQHandler
 .text.HAL_I2C_ER_IRQHandler
                0x08005c3a      0x14e ./Drivers/STM32F4xx_HAL_Driver/Src/stm32f4xx_hal_i2c.o
                0x08005c3a                HAL_I2C_ER_IRQHandler
 .text.HAL_I2C_MasterTxCpltCallback
                0x08005d88       0x14 ./Drivers/STM32F4xx_HAL_Driver/Src/stm32f4xx_hal_i2c.o
                0x08005d88                HAL_I2C_MasterTxCpltCallback
 .text.HAL_I2C_MasterRxCpltCallback
                0x08005d9c       0x14 ./Drivers/STM32F4xx_HAL_Driver/Src/stm32f4xx_hal_i2c.o
                0x08005d9c                HAL_I2C_MasterRxCpltCallback
 .text.HAL_I2C_SlaveTxCpltCallback
                0x08005db0       0x14 ./Drivers/STM32F4xx_HAL_Driver/Src/stm32f4xx_hal_i2c.o
                0x08005db0                HAL_I2C_SlaveTxCpltCallback
 .text.HAL_I2C_SlaveRxCpltCallback
                0x08005dc4       0x14 ./Drivers/STM32F4xx_HAL_Driver/Src/stm32f4xx_hal_i2c.o
                0x08005dc4                HAL_I2C_SlaveRxCpltCallback
 .text.HAL_I2C_AddrCallback
                0x08005dd8       0x1c ./Drivers/STM32F4xx_HAL_Driver/Src/stm32f4xx_hal_i2c.o
                0x08005dd8                HAL_I2C_AddrCallback
 .text.HAL_I2C_ListenCpltCallback
                0x08005df4       0x14 ./Drivers/STM32F4xx_HAL_Driver/Src/stm32f4xx_hal_i2c.o
                0x08005df4                HAL_I2C_ListenCpltCallback
 .text.HAL_I2C_MemTxCpltCallback
                0x08005e08       0x14 ./Drivers/STM32F4xx_HAL_Driver/Src/stm32f4xx_hal_i2c.o
                0x08005e08                HAL_I2C_MemTxCpltCallback
 .text.HAL_I2C_ErrorCallback
                0x08005e1c       0x14 ./Drivers/STM32F4xx_HAL_Driver/Src/stm32f4xx_hal_i2c.o
                0x08005e1c                HAL_I2C_ErrorCallback
 .text.HAL_I2C_AbortCpltCallback
                0x08005e30       0x14 ./Drivers/STM32F4xx_HAL_Driver/Src/stm32f4xx_hal_i2c.o
                0x08005e30                HAL_I2C_AbortCpltCallback
 .text.I2C_MasterTransmit_TXE
                0x08005e44      0x138 ./Drivers/STM32F4xx_HAL_Driver/Src/stm32f4xx_hal_i2c.o
 .text.I2C_MasterTransmit_BTF
                0x08005f7c       0xec ./Drivers/STM32F4xx_HAL_Driver/Src/stm32f4xx_hal_i2c.o
 .text.I2C_MemoryTransmit_TXE_BTF
                0x08006068      0x130 ./Drivers/STM32F4xx_HAL_Driver/Src/stm32f4xx_hal_i2c.o
 .text.I2C_MasterReceive_RXNE
                0x08006198      0x190 ./Drivers/STM32F4xx_HAL_Driver/Src/stm32f4xx_hal_i2c.o
 .text.I2C_MasterReceive_BTF
                0x08006328      0x1e2 ./Drivers/STM32F4xx_HAL_Driver/Src/stm32f4xx_hal_i2c.o
 .text.I2C_Master_SB
                0x0800650a      0x10c ./Drivers/STM32F4xx_HAL_Driver/Src/stm32f4xx_hal_i2c.o
 .text.I2C_Master_ADD10
                0x08006616       0x54 ./Drivers/STM32F4xx_HAL_Driver/Src/stm32f4xx_hal_i2c.o
 .text.I2C_Master_ADDR
                0x0800666a      0x322 ./Drivers/STM32F4xx_HAL_Driver/Src/stm32f4xx_hal_i2c.o
 .text.I2C_SlaveTransmit_TXE
                0x0800698c       0x7a ./Drivers/STM32F4xx_HAL_Driver/Src/stm32f4xx_hal_i2c.o
 .text.I2C_SlaveTransmit_BTF
                0x08006a06       0x42 ./Drivers/STM32F4xx_HAL_Driver/Src/stm32f4xx_hal_i2c.o
 .text.I2C_SlaveReceive_RXNE
                0x08006a48       0x7c ./Drivers/STM32F4xx_HAL_Driver/Src/stm32f4xx_hal_i2c.o
 .text.I2C_SlaveReceive_BTF
                0x08006ac4       0x44 ./Drivers/STM32F4xx_HAL_Driver/Src/stm32f4xx_hal_i2c.o
 .text.I2C_Slave_ADDR
                0x08006b08       0x94 ./Drivers/STM32F4xx_HAL_Driver/Src/stm32f4xx_hal_i2c.o
 .text.I2C_Slave_STOPF
                0x08006b9c      0x260 ./Drivers/STM32F4xx_HAL_Driver/Src/stm32f4xx_hal_i2c.o
 .text.I2C_Slave_AF
                0x08006dfc       0xe8 ./Drivers/STM32F4xx_HAL_Driver/Src/stm32f4xx_hal_i2c.o
 .text.I2C_ITError
                0x08006ee4      0x264 ./Drivers/STM32F4xx_HAL_Driver/Src/stm32f4xx_hal_i2c.o
 .text.I2C_MasterRequestWrite
                0x08007148      0x104 ./Drivers/STM32F4xx_HAL_Driver/Src/stm32f4xx_hal_i2c.o
 .text.I2C_MasterRequestRead
                0x0800724c      0x19c ./Drivers/STM32F4xx_HAL_Driver/Src/stm32f4xx_hal_i2c.o
 .text.I2C_RequestMemoryRead
                0x080073e8      0x1d0 ./Drivers/STM32F4xx_HAL_Driver/Src/stm32f4xx_hal_i2c.o
 .text.I2C_DMAXferCplt
                0x080075b8      0x1be ./Drivers/STM32F4xx_HAL_Driver/Src/stm32f4xx_hal_i2c.o
 .text.I2C_DMAError
                0x08007776       0x7a ./Drivers/STM32F4xx_HAL_Driver/Src/stm32f4xx_hal_i2c.o
 .text.I2C_DMAAbort
                0x080077f0      0x150 ./Drivers/STM32F4xx_HAL_Driver/Src/stm32f4xx_hal_i2c.o
 .text.I2C_WaitOnFlagUntilTimeout
                0x08007940       0xf4 ./Drivers/STM32F4xx_HAL_Driver/Src/stm32f4xx_hal_i2c.o
 .text.I2C_WaitOnMasterAddressFlagUntilTimeout
                0x08007a34      0x140 ./Drivers/STM32F4xx_HAL_Driver/Src/stm32f4xx_hal_i2c.o
 .text.I2C_WaitOnTXEFlagUntilTimeout
                0x08007b74       0x90 ./Drivers/STM32F4xx_HAL_Driver/Src/stm32f4xx_hal_i2c.o
 .text.I2C_WaitOnBTFFlagUntilTimeout
                0x08007c04       0x90 ./Drivers/STM32F4xx_HAL_Driver/Src/stm32f4xx_hal_i2c.o
 .text.I2C_WaitOnSTOPRequestThroughIT
                0x08007c94       0x64 ./Drivers/STM32F4xx_HAL_Driver/Src/stm32f4xx_hal_i2c.o
 .text.I2C_WaitOnRXNEFlagUntilTimeout
                0x08007cf8       0xba ./Drivers/STM32F4xx_HAL_Driver/Src/stm32f4xx_hal_i2c.o
 .text.I2C_IsAcknowledgeFailed
                0x08007db2       0x5e ./Drivers/STM32F4xx_HAL_Driver/Src/stm32f4xx_hal_i2c.o
 .text.I2C_ConvertOtherXferOptions
                0x08007e10       0x36 ./Drivers/STM32F4xx_HAL_Driver/Src/stm32f4xx_hal_i2c.o
 *fill*         0x08007e46        0x2 
 .text.HAL_RCC_ClockConfig
                0x08007e48      0x1cc ./Drivers/STM32F4xx_HAL_Driver/Src/stm32f4xx_hal_rcc.o
                0x08007e48                HAL_RCC_ClockConfig
 .text.HAL_RCC_GetHCLKFreq
                0x08008014       0x18 ./Drivers/STM32F4xx_HAL_Driver/Src/stm32f4xx_hal_rcc.o
                0x08008014                HAL_RCC_GetHCLKFreq
 .text.HAL_RCC_GetPCLK1Freq
                0x0800802c       0x28 ./Drivers/STM32F4xx_HAL_Driver/Src/stm32f4xx_hal_rcc.o
                0x0800802c                HAL_RCC_GetPCLK1Freq
 .text.HAL_RCC_GetPCLK2Freq
                0x08008054       0x28 ./Drivers/STM32F4xx_HAL_Driver/Src/stm32f4xx_hal_rcc.o
                0x08008054                HAL_RCC_GetPCLK2Freq
 .text.HAL_RCC_GetSysClockFreq
                0x0800807c      0x460 ./Drivers/STM32F4xx_HAL_Driver/Src/stm32f4xx_hal_rcc_ex.o
                0x0800807c                HAL_RCC_GetSysClockFreq
 .text.HAL_RCC_OscConfig
                0x080084dc      0x53c ./Drivers/STM32F4xx_HAL_Driver/Src/stm32f4xx_hal_rcc_ex.o
                0x080084dc                HAL_RCC_OscConfig
 .text.HAL_TIM_Base_Init
                0x08008a18       0x9e ./Drivers/STM32F4xx_HAL_Driver/Src/stm32f4xx_hal_tim.o
                0x08008a18                HAL_TIM_Base_Init
 *fill*         0x08008ab6        0x2 
 .text.HAL_TIM_Base_Start_IT
                0x08008ab8       0xe0 ./Drivers/STM32F4xx_HAL_Driver/Src/stm32f4xx_hal_tim.o
                0x08008ab8                HAL_TIM_Base_Start_IT
 .text.HAL_TIM_Base_Stop_IT
                0x08008b98       0x5e ./Drivers/STM32F4xx_HAL_Driver/Src/stm32f4xx_hal_tim.o
                0x08008b98                HAL_TIM_Base_Stop_IT
 .text.HAL_TIM_IRQHandler
                0x08008bf6      0x1e0 ./Drivers/STM32F4xx_HAL_Driver/Src/stm32f4xx_hal_tim.o
                0x08008bf6                HAL_TIM_IRQHandler
 .text.HAL_TIM_ConfigClockSource
                0x08008dd6      0x18e ./Drivers/STM32F4xx_HAL_Driver/Src/stm32f4xx_hal_tim.o
                0x08008dd6                HAL_TIM_ConfigClockSource
 .text.HAL_TIM_OC_DelayElapsedCallback
                0x08008f64       0x14 ./Drivers/STM32F4xx_HAL_Driver/Src/stm32f4xx_hal_tim.o
                0x08008f64                HAL_TIM_OC_DelayElapsedCallback
 .text.HAL_TIM_IC_CaptureCallback
                0x08008f78       0x14 ./Drivers/STM32F4xx_HAL_Driver/Src/stm32f4xx_hal_tim.o
                0x08008f78                HAL_TIM_IC_CaptureCallback
 .text.HAL_TIM_PWM_PulseFinishedCallback
                0x08008f8c       0x14 ./Drivers/STM32F4xx_HAL_Driver/Src/stm32f4xx_hal_tim.o
                0x08008f8c                HAL_TIM_PWM_PulseFinishedCallback
 .text.HAL_TIM_TriggerCallback
                0x08008fa0       0x14 ./Drivers/STM32F4xx_HAL_Driver/Src/stm32f4xx_hal_tim.o
                0x08008fa0                HAL_TIM_TriggerCallback
 .text.TIM_Base_SetConfig
                0x08008fb4      0x14c ./Drivers/STM32F4xx_HAL_Driver/Src/stm32f4xx_hal_tim.o
                0x08008fb4                TIM_Base_SetConfig
 .text.TIM_TI1_ConfigInputStage
                0x08009100       0x5e ./Drivers/STM32F4xx_HAL_Driver/Src/stm32f4xx_hal_tim.o
 .text.TIM_TI2_ConfigInputStage
                0x0800915e       0x60 ./Drivers/STM32F4xx_HAL_Driver/Src/stm32f4xx_hal_tim.o
 .text.TIM_ITRx_SetConfig
                0x080091be       0x36 ./Drivers/STM32F4xx_HAL_Driver/Src/stm32f4xx_hal_tim.o
 .text.TIM_ETR_SetConfig
                0x080091f4       0x40 ./Drivers/STM32F4xx_HAL_Driver/Src/stm32f4xx_hal_tim.o
                0x080091f4                TIM_ETR_SetConfig
 .text.HAL_TIMEx_MasterConfigSynchronization
                0x08009234       0xf8 ./Drivers/STM32F4xx_HAL_Driver/Src/stm32f4xx_hal_tim_ex.o
                0x08009234                HAL_TIMEx_MasterConfigSynchronization
 .text.HAL_TIMEx_CommutCallback
                0x0800932c       0x14 ./Drivers/STM32F4xx_HAL_Driver/Src/stm32f4xx_hal_tim_ex.o
                0x0800932c                HAL_TIMEx_CommutCallback
 .text.HAL_TIMEx_BreakCallback
                0x08009340       0x14 ./Drivers/STM32F4xx_HAL_Driver/Src/stm32f4xx_hal_tim_ex.o
                0x08009340                HAL_TIMEx_BreakCallback
 .text.HAL_UART_Init
                0x08009354       0xa0 ./Drivers/STM32F4xx_HAL_Driver/Src/stm32f4xx_hal_uart.o
                0x08009354                HAL_UART_Init
 .text.HAL_UART_Transmit_IT
                0x080093f4       0x6c ./Drivers/STM32F4xx_HAL_Driver/Src/stm32f4xx_hal_uart.o
                0x080093f4                HAL_UART_Transmit_IT
 .text.HAL_UART_Receive_IT
                0x08009460       0x4a ./Drivers/STM32F4xx_HAL_Driver/Src/stm32f4xx_hal_uart.o
                0x08009460                HAL_UART_Receive_IT
 *fill*         0x080094aa        0x2 
 .text.HAL_UART_IRQHandler
                0x080094ac      0x554 ./Drivers/STM32F4xx_HAL_Driver/Src/stm32f4xx_hal_uart.o
                0x080094ac                HAL_UART_IRQHandler
 .text.HAL_UART_ErrorCallback
                0x08009a00       0x14 ./Drivers/STM32F4xx_HAL_Driver/Src/stm32f4xx_hal_uart.o
                0x08009a00                HAL_UART_ErrorCallback
 .text.HAL_UARTEx_RxEventCallback
                0x08009a14       0x18 ./Drivers/STM32F4xx_HAL_Driver/Src/stm32f4xx_hal_uart.o
                0x08009a14                HAL_UARTEx_RxEventCallback
 .text.UART_Start_Receive_IT
                0x08009a2c       0x74 ./Drivers/STM32F4xx_HAL_Driver/Src/stm32f4xx_hal_uart.o
                0x08009a2c                UART_Start_Receive_IT
 .text.UART_EndRxTransfer
                0x08009aa0       0xc6 ./Drivers/STM32F4xx_HAL_Driver/Src/stm32f4xx_hal_uart.o
 .text.UART_DMAAbortOnError
                0x08009b66       0x22 ./Drivers/STM32F4xx_HAL_Driver/Src/stm32f4xx_hal_uart.o
 .text.UART_Transmit_IT
                0x08009b88       0xa0 ./Drivers/STM32F4xx_HAL_Driver/Src/stm32f4xx_hal_uart.o
 .text.UART_EndTransmit_IT
                0x08009c28       0x30 ./Drivers/STM32F4xx_HAL_Driver/Src/stm32f4xx_hal_uart.o
 .text.UART_Receive_IT
                0x08009c58      0x17c ./Drivers/STM32F4xx_HAL_Driver/Src/stm32f4xx_hal_uart.o
 .text.UART_SetConfig
                0x08009dd4      0x4e8 ./Drivers/STM32F4xx_HAL_Driver/Src/stm32f4xx_hal_uart.o
 .text.snprintf
                0x0800a2bc       0x6c /Applications/STM32CubeIDE.app/Contents/Eclipse/plugins/com.st.stm32cube.ide.mcu.externaltools.gnu-tools-for-stm32.13.3.rel1.macos64_1.0.0.202411102158/tools/bin/../lib/gcc/arm-none-eabi/13.3.1/../../../../arm-none-eabi/lib/thumb/v7e-m+fp/hard/libc_nano.a(libc_a-snprintf.o)
                0x0800a2bc                snprintf
                0x0800a2bc                sniprintf
 .text.sprintf  0x0800a328       0x44 /Applications/STM32CubeIDE.app/Contents/Eclipse/plugins/com.st.stm32cube.ide.mcu.externaltools.gnu-tools-for-stm32.13.3.rel1.macos64_1.0.0.202411102158/tools/bin/../lib/gcc/arm-none-eabi/13.3.1/../../../../arm-none-eabi/lib/thumb/v7e-m+fp/hard/libc_nano.a(libc_a-sprintf.o)
                0x0800a328                sprintf
                0x0800a328                siprintf
 .text._vsprintf_r
                0x0800a36c       0x2c /Applications/STM32CubeIDE.app/Contents/Eclipse/plugins/com.st.stm32cube.ide.mcu.externaltools.gnu-tools-for-stm32.13.3.rel1.macos64_1.0.0.202411102158/tools/bin/../lib/gcc/arm-none-eabi/13.3.1/../../../../arm-none-eabi/lib/thumb/v7e-m+fp/hard/libc_nano.a(libc_a-vsprintf.o)
                0x0800a36c                _vsiprintf_r
                0x0800a36c                _vsprintf_r
 .text.vsprintf
                0x0800a398       0x14 /Applications/STM32CubeIDE.app/Contents/Eclipse/plugins/com.st.stm32cube.ide.mcu.externaltools.gnu-tools-for-stm32.13.3.rel1.macos64_1.0.0.202411102158/tools/bin/../lib/gcc/arm-none-eabi/13.3.1/../../../../arm-none-eabi/lib/thumb/v7e-m+fp/hard/libc_nano.a(libc_a-vsprintf.o)
                0x0800a398                vsprintf
                0x0800a398                vsiprintf
 .text.memset   0x0800a3ac       0x10 /Applications/STM32CubeIDE.app/Contents/Eclipse/plugins/com.st.stm32cube.ide.mcu.externaltools.gnu-tools-for-stm32.13.3.rel1.macos64_1.0.0.202411102158/tools/bin/../lib/gcc/arm-none-eabi/13.3.1/../../../../arm-none-eabi/lib/thumb/v7e-m+fp/hard/libc_nano.a(libc_a-memset.o)
                0x0800a3ac                memset
 .text.strncpy  0x0800a3bc       0x26 /Applications/STM32CubeIDE.app/Contents/Eclipse/plugins/com.st.stm32cube.ide.mcu.externaltools.gnu-tools-for-stm32.13.3.rel1.macos64_1.0.0.202411102158/tools/bin/../lib/gcc/arm-none-eabi/13.3.1/../../../../arm-none-eabi/lib/thumb/v7e-m+fp/hard/libc_nano.a(libc_a-strncpy.o)
                0x0800a3bc                strncpy
 *fill*         0x0800a3e2        0x2 
 .text.__errno  0x0800a3e4        0xc /Applications/STM32CubeIDE.app/Contents/Eclipse/plugins/com.st.stm32cube.ide.mcu.externaltools.gnu-tools-for-stm32.13.3.rel1.macos64_1.0.0.202411102158/tools/bin/../lib/gcc/arm-none-eabi/13.3.1/../../../../arm-none-eabi/lib/thumb/v7e-m+fp/hard/libc_nano.a(libc_a-errno.o)
                0x0800a3e4                __errno
 .text.__libc_init_array
                0x0800a3f0       0x48 /Applications/STM32CubeIDE.app/Contents/Eclipse/plugins/com.st.stm32cube.ide.mcu.externaltools.gnu-tools-for-stm32.13.3.rel1.macos64_1.0.0.202411102158/tools/bin/../lib/gcc/arm-none-eabi/13.3.1/../../../../arm-none-eabi/lib/thumb/v7e-m+fp/hard/libc_nano.a(libc_a-init.o)
                0x0800a3f0                __libc_init_array
 .text.__retarget_lock_acquire_recursive
                0x0800a438        0x2 /Applications/STM32CubeIDE.app/Contents/Eclipse/plugins/com.st.stm32cube.ide.mcu.externaltools.gnu-tools-for-stm32.13.3.rel1.macos64_1.0.0.202411102158/tools/bin/../lib/gcc/arm-none-eabi/13.3.1/../../../../arm-none-eabi/lib/thumb/v7e-m+fp/hard/libc_nano.a(libc_a-lock.o)
                0x0800a438                __retarget_lock_acquire_recursive
 .text.__retarget_lock_release_recursive
                0x0800a43a        0x2 /Applications/STM32CubeIDE.app/Contents/Eclipse/plugins/com.st.stm32cube.ide.mcu.externaltools.gnu-tools-for-stm32.13.3.rel1.macos64_1.0.0.202411102158/tools/bin/../lib/gcc/arm-none-eabi/13.3.1/../../../../arm-none-eabi/lib/thumb/v7e-m+fp/hard/libc_nano.a(libc_a-lock.o)
                0x0800a43a                __retarget_lock_release_recursive
 .text.memcpy   0x0800a43c       0x1c /Applications/STM32CubeIDE.app/Contents/Eclipse/plugins/com.st.stm32cube.ide.mcu.externaltools.gnu-tools-for-stm32.13.3.rel1.macos64_1.0.0.202411102158/tools/bin/../lib/gcc/arm-none-eabi/13.3.1/../../../../arm-none-eabi/lib/thumb/v7e-m+fp/hard/libc_nano.a(libc_a-memcpy-stub.o)
                0x0800a43c                memcpy
 .text.__ssputs_r
                0x0800a458       0xb6 /Applications/STM32CubeIDE.app/Contents/Eclipse/plugins/com.st.stm32cube.ide.mcu.externaltools.gnu-tools-for-stm32.13.3.rel1.macos64_1.0.0.202411102158/tools/bin/../lib/gcc/arm-none-eabi/13.3.1/../../../../arm-none-eabi/lib/thumb/v7e-m+fp/hard/libc_nano.a(libc_a-nano-svfprintf.o)
                0x0800a458                __ssputs_r
 *fill*         0x0800a50e        0x2 
 .text._svfprintf_r
                0x0800a510      0x1f8 /Applications/STM32CubeIDE.app/Contents/Eclipse/plugins/com.st.stm32cube.ide.mcu.externaltools.gnu-tools-for-stm32.13.3.rel1.macos64_1.0.0.202411102158/tools/bin/../lib/gcc/arm-none-eabi/13.3.1/../../../../arm-none-eabi/lib/thumb/v7e-m+fp/hard/libc_nano.a(libc_a-nano-svfprintf.o)
                0x0800a510                _svfprintf_r
                0x0800a510                _svfiprintf_r
 .text.sbrk_aligned
                0x0800a708       0x44 /Applications/STM32CubeIDE.app/Contents/Eclipse/plugins/com.st.stm32cube.ide.mcu.externaltools.gnu-tools-for-stm32.13.3.rel1.macos64_1.0.0.202411102158/tools/bin/../lib/gcc/arm-none-eabi/13.3.1/../../../../arm-none-eabi/lib/thumb/v7e-m+fp/hard/libc_nano.a(libc_a-mallocr.o)
 .text._malloc_r
                0x0800a74c      0x100 /Applications/STM32CubeIDE.app/Contents/Eclipse/plugins/com.st.stm32cube.ide.mcu.externaltools.gnu-tools-for-stm32.13.3.rel1.macos64_1.0.0.202411102158/tools/bin/../lib/gcc/arm-none-eabi/13.3.1/../../../../arm-none-eabi/lib/thumb/v7e-m+fp/hard/libc_nano.a(libc_a-mallocr.o)
                0x0800a74c                _malloc_r
 .text._printf_common
                0x0800a84c       0xda /Applications/STM32CubeIDE.app/Contents/Eclipse/plugins/com.st.stm32cube.ide.mcu.externaltools.gnu-tools-for-stm32.13.3.rel1.macos64_1.0.0.202411102158/tools/bin/../lib/gcc/arm-none-eabi/13.3.1/../../../../arm-none-eabi/lib/thumb/v7e-m+fp/hard/libc_nano.a(libc_a-nano-vfprintf_i.o)
                0x0800a84c                _printf_common
 *fill*         0x0800a926        0x2 
 .text._printf_i
                0x0800a928      0x23c /Applications/STM32CubeIDE.app/Contents/Eclipse/plugins/com.st.stm32cube.ide.mcu.externaltools.gnu-tools-for-stm32.13.3.rel1.macos64_1.0.0.202411102158/tools/bin/../lib/gcc/arm-none-eabi/13.3.1/../../../../arm-none-eabi/lib/thumb/v7e-m+fp/hard/libc_nano.a(libc_a-nano-vfprintf_i.o)
                0x0800a928                _printf_i
 .text.__malloc_lock
                0x0800ab64        0xc /Applications/STM32CubeIDE.app/Contents/Eclipse/plugins/com.st.stm32cube.ide.mcu.externaltools.gnu-tools-for-stm32.13.3.rel1.macos64_1.0.0.202411102158/tools/bin/../lib/gcc/arm-none-eabi/13.3.1/../../../../arm-none-eabi/lib/thumb/v7e-m+fp/hard/libc_nano.a(libc_a-mlock.o)
                0x0800ab64                __malloc_lock
 .text.__malloc_unlock
                0x0800ab70        0xc /Applications/STM32CubeIDE.app/Contents/Eclipse/plugins/com.st.stm32cube.ide.mcu.externaltools.gnu-tools-for-stm32.13.3.rel1.macos64_1.0.0.202411102158/tools/bin/../lib/gcc/arm-none-eabi/13.3.1/../../../../arm-none-eabi/lib/thumb/v7e-m+fp/hard/libc_nano.a(libc_a-mlock.o)
                0x0800ab70                __malloc_unlock
 .text._realloc_r
                0x0800ab7c       0x5c /Applications/STM32CubeIDE.app/Contents/Eclipse/plugins/com.st.stm32cube.ide.mcu.externaltools.gnu-tools-for-stm32.13.3.rel1.macos64_1.0.0.202411102158/tools/bin/../lib/gcc/arm-none-eabi/13.3.1/../../../../arm-none-eabi/lib/thumb/v7e-m+fp/hard/libc_nano.a(libc_a-reallocr.o)
                0x0800ab7c                _realloc_r
 .text.memmove  0x0800abd8       0x34 /Applications/STM32CubeIDE.app/Contents/Eclipse/plugins/com.st.stm32cube.ide.mcu.externaltools.gnu-tools-for-stm32.13.3.rel1.macos64_1.0.0.202411102158/tools/bin/../lib/gcc/arm-none-eabi/13.3.1/../../../../arm-none-eabi/lib/thumb/v7e-m+fp/hard/libc_nano.a(libc_a-memmove.o)
                0x0800abd8                memmove
 .text._sbrk_r  0x0800ac0c       0x20 /Applications/STM32CubeIDE.app/Contents/Eclipse/plugins/com.st.stm32cube.ide.mcu.externaltools.gnu-tools-for-stm32.13.3.rel1.macos64_1.0.0.202411102158/tools/bin/../lib/gcc/arm-none-eabi/13.3.1/../../../../arm-none-eabi/lib/thumb/v7e-m+fp/hard/libc_nano.a(libc_a-sbrkr.o)
                0x0800ac0c                _sbrk_r
 .text._free_r  0x0800ac2c       0x94 /Applications/STM32CubeIDE.app/Contents/Eclipse/plugins/com.st.stm32cube.ide.mcu.externaltools.gnu-tools-for-stm32.13.3.rel1.macos64_1.0.0.202411102158/tools/bin/../lib/gcc/arm-none-eabi/13.3.1/../../../../arm-none-eabi/lib/thumb/v7e-m+fp/hard/libc_nano.a(libc_a-freer.o)
                0x0800ac2c                _free_r
 .text._malloc_usable_size_r
                0x0800acc0       0x10 /Applications/STM32CubeIDE.app/Contents/Eclipse/plugins/com.st.stm32cube.ide.mcu.externaltools.gnu-tools-for-stm32.13.3.rel1.macos64_1.0.0.202411102158/tools/bin/../lib/gcc/arm-none-eabi/13.3.1/../../../../arm-none-eabi/lib/thumb/v7e-m+fp/hard/libc_nano.a(libc_a-msizer.o)
                0x0800acc0                _malloc_usable_size_r
 *(.glue_7)
 .glue_7        0x0800acd0        0x0 linker stubs
 *(.glue_7t)
 .glue_7t       0x0800acd0        0x0 linker stubs
 *(.eh_frame)
 .eh_frame      0x0800acd0        0x0 /Applications/STM32CubeIDE.app/Contents/Eclipse/plugins/com.st.stm32cube.ide.mcu.externaltools.gnu-tools-for-stm32.13.3.rel1.macos64_1.0.0.202411102158/tools/bin/../lib/gcc/arm-none-eabi/13.3.1/thumb/v7e-m+fp/hard/crtbegin.o
 *(.init)
 .init          0x0800acd0        0x4 /Applications/STM32CubeIDE.app/Contents/Eclipse/plugins/com.st.stm32cube.ide.mcu.externaltools.gnu-tools-for-stm32.13.3.rel1.macos64_1.0.0.202411102158/tools/bin/../lib/gcc/arm-none-eabi/13.3.1/thumb/v7e-m+fp/hard/crti.o
                0x0800acd0                _init
 .init          0x0800acd4        0x8 /Applications/STM32CubeIDE.app/Contents/Eclipse/plugins/com.st.stm32cube.ide.mcu.externaltools.gnu-tools-for-stm32.13.3.rel1.macos64_1.0.0.202411102158/tools/bin/../lib/gcc/arm-none-eabi/13.3.1/thumb/v7e-m+fp/hard/crtn.o
 *(.fini)
 .fini          0x0800acdc        0x4 /Applications/STM32CubeIDE.app/Contents/Eclipse/plugins/com.st.stm32cube.ide.mcu.externaltools.gnu-tools-for-stm32.13.3.rel1.macos64_1.0.0.202411102158/tools/bin/../lib/gcc/arm-none-eabi/13.3.1/thumb/v7e-m+fp/hard/crti.o
                0x0800acdc                _fini
 .fini          0x0800ace0        0x8 /Applications/STM32CubeIDE.app/Contents/Eclipse/plugins/com.st.stm32cube.ide.mcu.externaltools.gnu-tools-for-stm32.13.3.rel1.macos64_1.0.0.202411102158/tools/bin/../lib/gcc/arm-none-eabi/13.3.1/thumb/v7e-m+fp/hard/crtn.o
                0x0800ace8                        . = ALIGN (0x4)
                0x0800ace8                        _etext = .

.vfp11_veneer   0x0800ace8        0x0
 .vfp11_veneer  0x0800ace8        0x0 linker stubs

.v4_bx          0x0800ace8        0x0
 .v4_bx         0x0800ace8        0x0 linker stubs

.iplt           0x0800ace8        0x0
 .iplt          0x0800ace8        0x0 /Applications/STM32CubeIDE.app/Contents/Eclipse/plugins/com.st.stm32cube.ide.mcu.externaltools.gnu-tools-for-stm32.13.3.rel1.macos64_1.0.0.202411102158/tools/bin/../lib/gcc/arm-none-eabi/13.3.1/thumb/v7e-m+fp/hard/crtbegin.o

.rodata         0x0800ace8      0x398
                0x0800ace8                        . = ALIGN (0x4)
 *(.rodata)
 .rodata        0x0800ace8        0xa ./Core/Src/main.o
 *fill*         0x0800acf2        0x2 
 .rodata        0x0800acf4      0x129 ./Core/Src/protocol.o
 *(.rodata*)
 *fill*         0x0800ae1d        0x3 
 .rodata.ccitt_hash
                0x0800ae20      0x200 ./Core/Src/crc16.o
 .rodata.TIME_TABLE
                0x0800b020        0xc ./Core/Src/protocol.o
                0x0800b020                TIME_TABLE
 .rodata.AHBPrescTable
                0x0800b02c       0x10 ./Core/Src/system_stm32f4xx.o
                0x0800b02c                AHBPrescTable
 .rodata.APBPrescTable
                0x0800b03c        0x8 ./Core/Src/system_stm32f4xx.o
                0x0800b03c                APBPrescTable
 .rodata.flagBitshiftOffset.0
                0x0800b044        0x8 ./Drivers/STM32F4xx_HAL_Driver/Src/stm32f4xx_hal_dma.o
 .rodata._svfprintf_r.str1.1
                0x0800b04c       0x33 /Applications/STM32CubeIDE.app/Contents/Eclipse/plugins/com.st.stm32cube.ide.mcu.externaltools.gnu-tools-for-stm32.13.3.rel1.macos64_1.0.0.202411102158/tools/bin/../lib/gcc/arm-none-eabi/13.3.1/../../../../arm-none-eabi/lib/thumb/v7e-m+fp/hard/libc_nano.a(libc_a-nano-svfprintf.o)
                                 0x11 (size before relaxing)
 .rodata._printf_i.str1.1
                0x0800b07f       0x22 /Applications/STM32CubeIDE.app/Contents/Eclipse/plugins/com.st.stm32cube.ide.mcu.externaltools.gnu-tools-for-stm32.13.3.rel1.macos64_1.0.0.202411102158/tools/bin/../lib/gcc/arm-none-eabi/13.3.1/../../../../arm-none-eabi/lib/thumb/v7e-m+fp/hard/libc_nano.a(libc_a-nano-vfprintf_i.o)
                0x0800b0a4                        . = ALIGN (0x4)
 *fill*         0x0800b07f        0x1 

.ARM.extab      0x0800b080        0x0
                0x0800b080                        . = ALIGN (0x4)
 *(.ARM.extab* .gnu.linkonce.armextab.*)
                0x0800b080                        . = ALIGN (0x4)

.ARM            0x0800b080        0x8
                0x0800b080                        . = ALIGN (0x4)
                0x0800b080                        __exidx_start = .
 *(.ARM.exidx*)
 .ARM.exidx     0x0800b080        0x8 /Applications/STM32CubeIDE.app/Contents/Eclipse/plugins/com.st.stm32cube.ide.mcu.externaltools.gnu-tools-for-stm32.13.3.rel1.macos64_1.0.0.202411102158/tools/bin/../lib/gcc/arm-none-eabi/13.3.1/../../../../arm-none-eabi/lib/thumb/v7e-m+fp/hard/libc_nano.a(libc_a-strcmp.o)
 .ARM.exidx     0x0800b088        0x0 /Applications/STM32CubeIDE.app/Contents/Eclipse/plugins/com.st.stm32cube.ide.mcu.externaltools.gnu-tools-for-stm32.13.3.rel1.macos64_1.0.0.202411102158/tools/bin/../lib/gcc/arm-none-eabi/13.3.1/../../../../arm-none-eabi/lib/thumb/v7e-m+fp/hard/libc_nano.a(libc_a-strlen.o)
                                  0x8 (size before relaxing)
 .ARM.exidx     0x0800b088        0x0 /Applications/STM32CubeIDE.app/Contents/Eclipse/plugins/com.st.stm32cube.ide.mcu.externaltools.gnu-tools-for-stm32.13.3.rel1.macos64_1.0.0.202411102158/tools/bin/../lib/gcc/arm-none-eabi/13.3.1/../../../../arm-none-eabi/lib/thumb/v7e-m+fp/hard/libc_nano.a(libc_a-memchr.o)
                                  0x8 (size before relaxing)
 .ARM.exidx     0x0800b088        0x0 /Applications/STM32CubeIDE.app/Contents/Eclipse/plugins/com.st.stm32cube.ide.mcu.externaltools.gnu-tools-for-stm32.13.3.rel1.macos64_1.0.0.202411102158/tools/bin/../lib/gcc/arm-none-eabi/13.3.1/thumb/v7e-m+fp/hard/libgcc.a(_udivmoddi4.o)
                                  0x8 (size before relaxing)
                0x0800b088                        __exidx_end = .
                0x0800b088                        . = ALIGN (0x4)

.preinit_array  0x0800b088        0x0
                0x0800b088                        . = ALIGN (0x4)
                0x0800b088                        PROVIDE (__preinit_array_start = .)
 *(.preinit_array*)
                0x0800b088                        PROVIDE (__preinit_array_end = .)
                0x0800b088                        . = ALIGN (0x4)

.init_array     0x0800b088        0x4
                0x0800b088                        . = ALIGN (0x4)
                0x0800b088                        PROVIDE (__init_array_start = .)
 *(SORT_BY_NAME(.init_array.*))
 *(.init_array*)
 .init_array    0x0800b088        0x4 /Applications/STM32CubeIDE.app/Contents/Eclipse/plugins/com.st.stm32cube.ide.mcu.externaltools.gnu-tools-for-stm32.13.3.rel1.macos64_1.0.0.202411102158/tools/bin/../lib/gcc/arm-none-eabi/13.3.1/thumb/v7e-m+fp/hard/crtbegin.o
                0x0800b08c                        PROVIDE (__init_array_end = .)
                0x0800b08c                        . = ALIGN (0x4)

.fini_array     0x0800b08c        0x4
                0x0800b08c                        . = ALIGN (0x4)
                [!provide]                        PROVIDE (__fini_array_start = .)
 *(SORT_BY_NAME(.fini_array.*))
 *(.fini_array*)
 .fini_array    0x0800b08c        0x4 /Applications/STM32CubeIDE.app/Contents/Eclipse/plugins/com.st.stm32cube.ide.mcu.externaltools.gnu-tools-for-stm32.13.3.rel1.macos64_1.0.0.202411102158/tools/bin/../lib/gcc/arm-none-eabi/13.3.1/thumb/v7e-m+fp/hard/crtbegin.o
                [!provide]                        PROVIDE (__fini_array_end = .)
                0x0800b090                        . = ALIGN (0x4)
                0x0800b090                        _sidata = LOADADDR (.data)

.rel.dyn        0x0800b090        0x0
 .rel.iplt      0x0800b090        0x0 /Applications/STM32CubeIDE.app/Contents/Eclipse/plugins/com.st.stm32cube.ide.mcu.externaltools.gnu-tools-for-stm32.13.3.rel1.macos64_1.0.0.202411102158/tools/bin/../lib/gcc/arm-none-eabi/13.3.1/thumb/v7e-m+fp/hard/crtbegin.o

.data           0x20000000       0x64 load address 0x0800b090
                0x20000000                        . = ALIGN (0x4)
                0x20000000                        _sdata = .
 *(.data)
 *(.data*)
 .data.timer_interval
                0x20000000        0x4 ./Core/Src/main.o
                0x20000000                timer_interval
 .data.current_gain_index
                0x20000004        0x1 ./Core/Src/protocol.o
                0x20000004                current_gain_index
 .data.current_time_index
                0x20000005        0x1 ./Core/Src/protocol.o
                0x20000005                current_time_index
 *fill*         0x20000006        0x2 
 .data.SystemCoreClock
                0x20000008        0x4 ./Core/Src/system_stm32f4xx.o
                0x20000008                SystemCoreClock
 .data.uwTickPrio
                0x2000000c        0x4 ./Drivers/STM32F4xx_HAL_Driver/Src/stm32f4xx_hal.o
                0x2000000c                uwTickPrio
 .data.uwTickFreq
                0x20000010        0x1 ./Drivers/STM32F4xx_HAL_Driver/Src/stm32f4xx_hal.o
                0x20000010                uwTickFreq
 *fill*         0x20000011        0x3 
 .data._impure_ptr
                0x20000014        0x4 /Applications/STM32CubeIDE.app/Contents/Eclipse/plugins/com.st.stm32cube.ide.mcu.externaltools.gnu-tools-for-stm32.13.3.rel1.macos64_1.0.0.202411102158/tools/bin/../lib/gcc/arm-none-eabi/13.3.1/../../../../arm-none-eabi/lib/thumb/v7e-m+fp/hard/libc_nano.a(libc_a-impure.o)
                0x20000014                _impure_ptr
 .data._impure_data
                0x20000018       0x4c /Applications/STM32CubeIDE.app/Contents/Eclipse/plugins/com.st.stm32cube.ide.mcu.externaltools.gnu-tools-for-stm32.13.3.rel1.macos64_1.0.0.202411102158/tools/bin/../lib/gcc/arm-none-eabi/13.3.1/../../../../arm-none-eabi/lib/thumb/v7e-m+fp/hard/libc_nano.a(libc_a-impure.o)
                0x20000018                _impure_data
 *(.RamFunc)
 *(.RamFunc*)
                0x20000064                        . = ALIGN (0x4)
                0x20000064                        _edata = .

.igot.plt       0x20000064        0x0 load address 0x0800b0f4
 .igot.plt      0x20000064        0x0 /Applications/STM32CubeIDE.app/Contents/Eclipse/plugins/com.st.stm32cube.ide.mcu.externaltools.gnu-tools-for-stm32.13.3.rel1.macos64_1.0.0.202411102158/tools/bin/../lib/gcc/arm-none-eabi/13.3.1/thumb/v7e-m+fp/hard/crtbegin.o
                0x20000064                        . = ALIGN (0x4)

.bss            0x20000064     0x26f0 load address 0x0800b0f4
                0x20000064                        _sbss = .
                0x20000064                        __bss_start__ = _sbss
 *(.bss)
 .bss           0x20000064       0x1c /Applications/STM32CubeIDE.app/Contents/Eclipse/plugins/com.st.stm32cube.ide.mcu.externaltools.gnu-tools-for-stm32.13.3.rel1.macos64_1.0.0.202411102158/tools/bin/../lib/gcc/arm-none-eabi/13.3.1/thumb/v7e-m+fp/hard/crtbegin.o
 *(.bss*)
 .bss.UART_TxBuf
                0x20000080      0x5e8 ./Core/Src/circular_buffer.o
                0x20000080                UART_TxBuf
 .bss.UART_RxBuf
                0x20000668       0x80 ./Core/Src/circular_buffer.o
                0x20000668                UART_RxBuf
 .bss.UART_TX_Empty
                0x200006e8        0x4 ./Core/Src/circular_buffer.o
                0x200006e8                UART_TX_Empty
 .bss.UART_TX_Busy
                0x200006ec        0x4 ./Core/Src/circular_buffer.o
                0x200006ec                UART_TX_Busy
 .bss.UART_RX_Empty
                0x200006f0        0x4 ./Core/Src/circular_buffer.o
                0x200006f0                UART_RX_Empty
 .bss.UART_RX_Busy
                0x200006f4        0x4 ./Core/Src/circular_buffer.o
                0x200006f4                UART_RX_Busy
 .bss.ColorBuffer
                0x200006f8     0x1c20 ./Core/Src/circular_buffer.o
                0x200006f8                ColorBuffer
 .bss.ColorBuffer_Head
                0x20002318        0x4 ./Core/Src/circular_buffer.o
                0x20002318                ColorBuffer_Head
 .bss.ColorBuffer_Tail
                0x2000231c        0x4 ./Core/Src/circular_buffer.o
                0x2000231c                ColorBuffer_Tail
 .bss.ColorBuffer_Count
                0x20002320        0x4 ./Core/Src/circular_buffer.o
                0x20002320                ColorBuffer_Count
 .bss.hi2c1     0x20002324       0x54 ./Core/Src/i2c.o
                0x20002324                hi2c1
 .bss.hdma_i2c1_rx
                0x20002378       0x60 ./Core/Src/i2c.o
                0x20002378                hdma_i2c1_rx
 .bss.hdma_i2c1_tx
                0x200023d8       0x60 ./Core/Src/i2c.o
                0x200023d8                hdma_i2c1_tx
 .bss.timer_counter
                0x20002438        0x4 ./Core/Src/main.o
                0x20002438                timer_counter
 .bss.led_state
                0x2000243c        0x1 ./Core/Src/protocol.o
                0x2000243c                led_state
 .bss.state.6   0x2000243d        0x1 ./Core/Src/protocol.o
 *fill*         0x2000243e        0x2 
 .bss.buffer_pos.5
                0x20002440        0x4 ./Core/Src/protocol.o
 .bss.frame_buffer.4
                0x20002444      0x111 ./Core/Src/protocol.o
 *fill*         0x20002555        0x3 
 .bss.header_pos.3
                0x20002558        0x4 ./Core/Src/protocol.o
 .bss.expected_data_len.2
                0x2000255c        0x2 ./Core/Src/protocol.o
 *fill*         0x2000255e        0x2 
 .bss.data_pos.1
                0x20002560        0x4 ./Core/Src/protocol.o
 .bss.crc_pos.0
                0x20002564        0x4 ./Core/Src/protocol.o
 .bss.__sbrk_heap_end
                0x20002568        0x4 ./Core/Src/sysmem.o
 .bss.sensor_state
                0x2000256c        0x1 ./Core/Src/tcs34725.o
                0x2000256c                sensor_state
 *fill*         0x2000256d        0x3 
 .bss.dma_buffer
                0x20002570        0x8 ./Core/Src/tcs34725.o
                0x20002570                dma_buffer
 .bss.htim3     0x20002578       0x48 ./Core/Src/tim.o
                0x20002578                htim3
 .bss.huart2    0x200025c0       0x48 ./Core/Src/usart.o
                0x200025c0                huart2
 .bss.uwTick    0x20002608        0x4 ./Drivers/STM32F4xx_HAL_Driver/Src/stm32f4xx_hal.o
                0x20002608                uwTick
 .bss.__sf      0x2000260c      0x138 /Applications/STM32CubeIDE.app/Contents/Eclipse/plugins/com.st.stm32cube.ide.mcu.externaltools.gnu-tools-for-stm32.13.3.rel1.macos64_1.0.0.202411102158/tools/bin/../lib/gcc/arm-none-eabi/13.3.1/../../../../arm-none-eabi/lib/thumb/v7e-m+fp/hard/libc_nano.a(libc_a-findfp.o)
                0x2000260c                __sf
 .bss.__lock___malloc_recursive_mutex
                0x20002744        0x1 /Applications/STM32CubeIDE.app/Contents/Eclipse/plugins/com.st.stm32cube.ide.mcu.externaltools.gnu-tools-for-stm32.13.3.rel1.macos64_1.0.0.202411102158/tools/bin/../lib/gcc/arm-none-eabi/13.3.1/../../../../arm-none-eabi/lib/thumb/v7e-m+fp/hard/libc_nano.a(libc_a-lock.o)
                0x20002744                __lock___malloc_recursive_mutex
 *fill*         0x20002745        0x3 
 .bss.__malloc_sbrk_start
                0x20002748        0x4 /Applications/STM32CubeIDE.app/Contents/Eclipse/plugins/com.st.stm32cube.ide.mcu.externaltools.gnu-tools-for-stm32.13.3.rel1.macos64_1.0.0.202411102158/tools/bin/../lib/gcc/arm-none-eabi/13.3.1/../../../../arm-none-eabi/lib/thumb/v7e-m+fp/hard/libc_nano.a(libc_a-mallocr.o)
                0x20002748                __malloc_sbrk_start
 .bss.__malloc_free_list
                0x2000274c        0x4 /Applications/STM32CubeIDE.app/Contents/Eclipse/plugins/com.st.stm32cube.ide.mcu.externaltools.gnu-tools-for-stm32.13.3.rel1.macos64_1.0.0.202411102158/tools/bin/../lib/gcc/arm-none-eabi/13.3.1/../../../../arm-none-eabi/lib/thumb/v7e-m+fp/hard/libc_nano.a(libc_a-mallocr.o)
                0x2000274c                __malloc_free_list
 .bss.errno     0x20002750        0x4 /Applications/STM32CubeIDE.app/Contents/Eclipse/plugins/com.st.stm32cube.ide.mcu.externaltools.gnu-tools-for-stm32.13.3.rel1.macos64_1.0.0.202411102158/tools/bin/../lib/gcc/arm-none-eabi/13.3.1/../../../../arm-none-eabi/lib/thumb/v7e-m+fp/hard/libc_nano.a(libc_a-reent.o)
                0x20002750                errno
 *(COMMON)
                0x20002754                        . = ALIGN (0x4)
                0x20002754                        _ebss = .
                0x20002754                        __bss_end__ = _ebss

._user_heap_stack
                0x20002754      0x604 load address 0x0800b0f4
                0x20002758                        . = ALIGN (0x8)
 *fill*         0x20002754        0x4 
                [!provide]                        PROVIDE (end = .)
                0x20002758                        PROVIDE (_end = .)
                0x20002958                        . = (. + _Min_Heap_Size)
 *fill*         0x20002758      0x200 
                0x20002d58                        . = (. + _Min_Stack_Size)
 *fill*         0x20002958      0x400 
                0x20002d58                        . = ALIGN (0x8)

/DISCARD/
 libc.a(*)
 libm.a(*)
 libgcc.a(*)

.ARM.attributes
                0x00000000       0x30
 *(.ARM.attributes)
 .ARM.attributes
                0x00000000       0x22 /Applications/STM32CubeIDE.app/Contents/Eclipse/plugins/com.st.stm32cube.ide.mcu.externaltools.gnu-tools-for-stm32.13.3.rel1.macos64_1.0.0.202411102158/tools/bin/../lib/gcc/arm-none-eabi/13.3.1/thumb/v7e-m+fp/hard/crti.o
 .ARM.attributes
                0x00000022       0x34 /Applications/STM32CubeIDE.app/Contents/Eclipse/plugins/com.st.stm32cube.ide.mcu.externaltools.gnu-tools-for-stm32.13.3.rel1.macos64_1.0.0.202411102158/tools/bin/../lib/gcc/arm-none-eabi/13.3.1/thumb/v7e-m+fp/hard/crtbegin.o
 .ARM.attributes
                0x00000056       0x34 ./Core/Src/circular_buffer.o
 .ARM.attributes
                0x0000008a       0x34 ./Core/Src/crc16.o
 .ARM.attributes
                0x000000be       0x34 ./Core/Src/dma.o
 .ARM.attributes
                0x000000f2       0x34 ./Core/Src/gpio.o
 .ARM.attributes
                0x00000126       0x34 ./Core/Src/i2c.o
 .ARM.attributes
                0x0000015a       0x34 ./Core/Src/main.o
 .ARM.attributes
                0x0000018e       0x34 ./Core/Src/protocol.o
 .ARM.attributes
                0x000001c2       0x34 ./Core/Src/stm32f4xx_hal_msp.o
 .ARM.attributes
                0x000001f6       0x34 ./Core/Src/stm32f4xx_it.o
 .ARM.attributes
                0x0000022a       0x34 ./Core/Src/sysmem.o
 .ARM.attributes
                0x0000025e       0x34 ./Core/Src/system_stm32f4xx.o
 .ARM.attributes
                0x00000292       0x34 ./Core/Src/tcs34725.o
 .ARM.attributes
                0x000002c6       0x34 ./Core/Src/tim.o
 .ARM.attributes
                0x000002fa       0x34 ./Core/Src/usart.o
 .ARM.attributes
                0x0000032e       0x21 ./Core/Startup/startup_stm32f446retx.o
 .ARM.attributes
                0x0000034f       0x34 ./Drivers/STM32F4xx_HAL_Driver/Src/stm32f4xx_hal.o
 .ARM.attributes
                0x00000383       0x34 ./Drivers/STM32F4xx_HAL_Driver/Src/stm32f4xx_hal_cortex.o
 .ARM.attributes
                0x000003b7       0x34 ./Drivers/STM32F4xx_HAL_Driver/Src/stm32f4xx_hal_dma.o
 .ARM.attributes
                0x000003eb       0x34 ./Drivers/STM32F4xx_HAL_Driver/Src/stm32f4xx_hal_gpio.o
 .ARM.attributes
                0x0000041f       0x34 ./Drivers/STM32F4xx_HAL_Driver/Src/stm32f4xx_hal_i2c.o
 .ARM.attributes
                0x00000453       0x34 ./Drivers/STM32F4xx_HAL_Driver/Src/stm32f4xx_hal_rcc.o
 .ARM.attributes
                0x00000487       0x34 ./Drivers/STM32F4xx_HAL_Driver/Src/stm32f4xx_hal_rcc_ex.o
 .ARM.attributes
                0x000004bb       0x34 ./Drivers/STM32F4xx_HAL_Driver/Src/stm32f4xx_hal_tim.o
 .ARM.attributes
                0x000004ef       0x34 ./Drivers/STM32F4xx_HAL_Driver/Src/stm32f4xx_hal_tim_ex.o
 .ARM.attributes
                0x00000523       0x34 ./Drivers/STM32F4xx_HAL_Driver/Src/stm32f4xx_hal_uart.o
 .ARM.attributes
                0x00000557       0x34 /Applications/STM32CubeIDE.app/Contents/Eclipse/plugins/com.st.stm32cube.ide.mcu.externaltools.gnu-tools-for-stm32.13.3.rel1.macos64_1.0.0.202411102158/tools/bin/../lib/gcc/arm-none-eabi/13.3.1/../../../../arm-none-eabi/lib/thumb/v7e-m+fp/hard/libc_nano.a(libc_a-snprintf.o)
 .ARM.attributes
                0x0000058b       0x34 /Applications/STM32CubeIDE.app/Contents/Eclipse/plugins/com.st.stm32cube.ide.mcu.externaltools.gnu-tools-for-stm32.13.3.rel1.macos64_1.0.0.202411102158/tools/bin/../lib/gcc/arm-none-eabi/13.3.1/../../../../arm-none-eabi/lib/thumb/v7e-m+fp/hard/libc_nano.a(libc_a-sprintf.o)
 .ARM.attributes
                0x000005bf       0x34 /Applications/STM32CubeIDE.app/Contents/Eclipse/plugins/com.st.stm32cube.ide.mcu.externaltools.gnu-tools-for-stm32.13.3.rel1.macos64_1.0.0.202411102158/tools/bin/../lib/gcc/arm-none-eabi/13.3.1/../../../../arm-none-eabi/lib/thumb/v7e-m+fp/hard/libc_nano.a(libc_a-findfp.o)
 .ARM.attributes
                0x000005f3       0x34 /Applications/STM32CubeIDE.app/Contents/Eclipse/plugins/com.st.stm32cube.ide.mcu.externaltools.gnu-tools-for-stm32.13.3.rel1.macos64_1.0.0.202411102158/tools/bin/../lib/gcc/arm-none-eabi/13.3.1/../../../../arm-none-eabi/lib/thumb/v7e-m+fp/hard/libc_nano.a(libc_a-vsprintf.o)
 .ARM.attributes
                0x00000627       0x34 /Applications/STM32CubeIDE.app/Contents/Eclipse/plugins/com.st.stm32cube.ide.mcu.externaltools.gnu-tools-for-stm32.13.3.rel1.macos64_1.0.0.202411102158/tools/bin/../lib/gcc/arm-none-eabi/13.3.1/../../../../arm-none-eabi/lib/thumb/v7e-m+fp/hard/libc_nano.a(libc_a-memset.o)
 .ARM.attributes
                0x0000065b       0x34 /Applications/STM32CubeIDE.app/Contents/Eclipse/plugins/com.st.stm32cube.ide.mcu.externaltools.gnu-tools-for-stm32.13.3.rel1.macos64_1.0.0.202411102158/tools/bin/../lib/gcc/arm-none-eabi/13.3.1/../../../../arm-none-eabi/lib/thumb/v7e-m+fp/hard/libc_nano.a(libc_a-strncpy.o)
 .ARM.attributes
                0x0000068f       0x34 /Applications/STM32CubeIDE.app/Contents/Eclipse/plugins/com.st.stm32cube.ide.mcu.externaltools.gnu-tools-for-stm32.13.3.rel1.macos64_1.0.0.202411102158/tools/bin/../lib/gcc/arm-none-eabi/13.3.1/../../../../arm-none-eabi/lib/thumb/v7e-m+fp/hard/libc_nano.a(libc_a-errno.o)
 .ARM.attributes
                0x000006c3       0x34 /Applications/STM32CubeIDE.app/Contents/Eclipse/plugins/com.st.stm32cube.ide.mcu.externaltools.gnu-tools-for-stm32.13.3.rel1.macos64_1.0.0.202411102158/tools/bin/../lib/gcc/arm-none-eabi/13.3.1/../../../../arm-none-eabi/lib/thumb/v7e-m+fp/hard/libc_nano.a(libc_a-init.o)
 .ARM.attributes
                0x000006f7       0x34 /Applications/STM32CubeIDE.app/Contents/Eclipse/plugins/com.st.stm32cube.ide.mcu.externaltools.gnu-tools-for-stm32.13.3.rel1.macos64_1.0.0.202411102158/tools/bin/../lib/gcc/arm-none-eabi/13.3.1/../../../../arm-none-eabi/lib/thumb/v7e-m+fp/hard/libc_nano.a(libc_a-lock.o)
 .ARM.attributes
                0x0000072b       0x34 /Applications/STM32CubeIDE.app/Contents/Eclipse/plugins/com.st.stm32cube.ide.mcu.externaltools.gnu-tools-for-stm32.13.3.rel1.macos64_1.0.0.202411102158/tools/bin/../lib/gcc/arm-none-eabi/13.3.1/../../../../arm-none-eabi/lib/thumb/v7e-m+fp/hard/libc_nano.a(libc_a-impure.o)
 .ARM.attributes
                0x0000075f       0x20 /Applications/STM32CubeIDE.app/Contents/Eclipse/plugins/com.st.stm32cube.ide.mcu.externaltools.gnu-tools-for-stm32.13.3.rel1.macos64_1.0.0.202411102158/tools/bin/../lib/gcc/arm-none-eabi/13.3.1/../../../../arm-none-eabi/lib/thumb/v7e-m+fp/hard/libc_nano.a(libc_a-strcmp.o)
 .ARM.attributes
                0x0000077f       0x34 /Applications/STM32CubeIDE.app/Contents/Eclipse/plugins/com.st.stm32cube.ide.mcu.externaltools.gnu-tools-for-stm32.13.3.rel1.macos64_1.0.0.202411102158/tools/bin/../lib/gcc/arm-none-eabi/13.3.1/../../../../arm-none-eabi/lib/thumb/v7e-m+fp/hard/libc_nano.a(libc_a-memcpy-stub.o)
 .ARM.attributes
                0x000007b3       0x17 /Applications/STM32CubeIDE.app/Contents/Eclipse/plugins/com.st.stm32cube.ide.mcu.externaltools.gnu-tools-for-stm32.13.3.rel1.macos64_1.0.0.202411102158/tools/bin/../lib/gcc/arm-none-eabi/13.3.1/../../../../arm-none-eabi/lib/thumb/v7e-m+fp/hard/libc_nano.a(libc_a-strlen.o)
 .ARM.attributes
                0x000007ca       0x34 /Applications/STM32CubeIDE.app/Contents/Eclipse/plugins/com.st.stm32cube.ide.mcu.externaltools.gnu-tools-for-stm32.13.3.rel1.macos64_1.0.0.202411102158/tools/bin/../lib/gcc/arm-none-eabi/13.3.1/../../../../arm-none-eabi/lib/thumb/v7e-m+fp/hard/libc_nano.a(libc_a-nano-svfprintf.o)
 .ARM.attributes
                0x000007fe       0x34 /Applications/STM32CubeIDE.app/Contents/Eclipse/plugins/com.st.stm32cube.ide.mcu.externaltools.gnu-tools-for-stm32.13.3.rel1.macos64_1.0.0.202411102158/tools/bin/../lib/gcc/arm-none-eabi/13.3.1/../../../../arm-none-eabi/lib/thumb/v7e-m+fp/hard/libc_nano.a(libc_a-mallocr.o)
 .ARM.attributes
                0x00000832       0x34 /Applications/STM32CubeIDE.app/Contents/Eclipse/plugins/com.st.stm32cube.ide.mcu.externaltools.gnu-tools-for-stm32.13.3.rel1.macos64_1.0.0.202411102158/tools/bin/../lib/gcc/arm-none-eabi/13.3.1/../../../../arm-none-eabi/lib/thumb/v7e-m+fp/hard/libc_nano.a(libc_a-nano-vfprintf_i.o)
 .ARM.attributes
                0x00000866       0x34 /Applications/STM32CubeIDE.app/Contents/Eclipse/plugins/com.st.stm32cube.ide.mcu.externaltools.gnu-tools-for-stm32.13.3.rel1.macos64_1.0.0.202411102158/tools/bin/../lib/gcc/arm-none-eabi/13.3.1/../../../../arm-none-eabi/lib/thumb/v7e-m+fp/hard/libc_nano.a(libc_a-mlock.o)
 .ARM.attributes
                0x0000089a       0x34 /Applications/STM32CubeIDE.app/Contents/Eclipse/plugins/com.st.stm32cube.ide.mcu.externaltools.gnu-tools-for-stm32.13.3.rel1.macos64_1.0.0.202411102158/tools/bin/../lib/gcc/arm-none-eabi/13.3.1/../../../../arm-none-eabi/lib/thumb/v7e-m+fp/hard/libc_nano.a(libc_a-reallocr.o)
 .ARM.attributes
                0x000008ce       0x34 /Applications/STM32CubeIDE.app/Contents/Eclipse/plugins/com.st.stm32cube.ide.mcu.externaltools.gnu-tools-for-stm32.13.3.rel1.macos64_1.0.0.202411102158/tools/bin/../lib/gcc/arm-none-eabi/13.3.1/../../../../arm-none-eabi/lib/thumb/v7e-m+fp/hard/libc_nano.a(libc_a-memmove.o)
 .ARM.attributes
                0x00000902       0x34 /Applications/STM32CubeIDE.app/Contents/Eclipse/plugins/com.st.stm32cube.ide.mcu.externaltools.gnu-tools-for-stm32.13.3.rel1.macos64_1.0.0.202411102158/tools/bin/../lib/gcc/arm-none-eabi/13.3.1/../../../../arm-none-eabi/lib/thumb/v7e-m+fp/hard/libc_nano.a(libc_a-sbrkr.o)
 .ARM.attributes
                0x00000936       0x34 /Applications/STM32CubeIDE.app/Contents/Eclipse/plugins/com.st.stm32cube.ide.mcu.externaltools.gnu-tools-for-stm32.13.3.rel1.macos64_1.0.0.202411102158/tools/bin/../lib/gcc/arm-none-eabi/13.3.1/../../../../arm-none-eabi/lib/thumb/v7e-m+fp/hard/libc_nano.a(libc_a-reent.o)
 .ARM.attributes
                0x0000096a       0x1c /Applications/STM32CubeIDE.app/Contents/Eclipse/plugins/com.st.stm32cube.ide.mcu.externaltools.gnu-tools-for-stm32.13.3.rel1.macos64_1.0.0.202411102158/tools/bin/../lib/gcc/arm-none-eabi/13.3.1/../../../../arm-none-eabi/lib/thumb/v7e-m+fp/hard/libc_nano.a(libc_a-memchr.o)
 .ARM.attributes
                0x00000986       0x34 /Applications/STM32CubeIDE.app/Contents/Eclipse/plugins/com.st.stm32cube.ide.mcu.externaltools.gnu-tools-for-stm32.13.3.rel1.macos64_1.0.0.202411102158/tools/bin/../lib/gcc/arm-none-eabi/13.3.1/../../../../arm-none-eabi/lib/thumb/v7e-m+fp/hard/libc_nano.a(libc_a-freer.o)
 .ARM.attributes
                0x000009ba       0x34 /Applications/STM32CubeIDE.app/Contents/Eclipse/plugins/com.st.stm32cube.ide.mcu.externaltools.gnu-tools-for-stm32.13.3.rel1.macos64_1.0.0.202411102158/tools/bin/../lib/gcc/arm-none-eabi/13.3.1/../../../../arm-none-eabi/lib/thumb/v7e-m+fp/hard/libc_nano.a(libc_a-msizer.o)
 .ARM.attributes
                0x000009ee       0x22 /Applications/STM32CubeIDE.app/Contents/Eclipse/plugins/com.st.stm32cube.ide.mcu.externaltools.gnu-tools-for-stm32.13.3.rel1.macos64_1.0.0.202411102158/tools/bin/../lib/gcc/arm-none-eabi/13.3.1/thumb/v7e-m+fp/hard/libgcc.a(_aeabi_uldivmod.o)
 .ARM.attributes
                0x00000a10       0x34 /Applications/STM32CubeIDE.app/Contents/Eclipse/plugins/com.st.stm32cube.ide.mcu.externaltools.gnu-tools-for-stm32.13.3.rel1.macos64_1.0.0.202411102158/tools/bin/../lib/gcc/arm-none-eabi/13.3.1/thumb/v7e-m+fp/hard/libgcc.a(_udivmoddi4.o)
 .ARM.attributes
                0x00000a44       0x22 /Applications/STM32CubeIDE.app/Contents/Eclipse/plugins/com.st.stm32cube.ide.mcu.externaltools.gnu-tools-for-stm32.13.3.rel1.macos64_1.0.0.202411102158/tools/bin/../lib/gcc/arm-none-eabi/13.3.1/thumb/v7e-m+fp/hard/libgcc.a(_dvmd_tls.o)
 .ARM.attributes
                0x00000a66       0x22 /Applications/STM32CubeIDE.app/Contents/Eclipse/plugins/com.st.stm32cube.ide.mcu.externaltools.gnu-tools-for-stm32.13.3.rel1.macos64_1.0.0.202411102158/tools/bin/../lib/gcc/arm-none-eabi/13.3.1/thumb/v7e-m+fp/hard/crtn.o
OUTPUT(Project_TCS34725.elf elf32-littlearm)
LOAD linker stubs
LOAD /Applications/STM32CubeIDE.app/Contents/Eclipse/plugins/com.st.stm32cube.ide.mcu.externaltools.gnu-tools-for-stm32.13.3.rel1.macos64_1.0.0.202411102158/tools/bin/../lib/gcc/arm-none-eabi/13.3.1/../../../../arm-none-eabi/lib/thumb/v7e-m+fp/hard/libc.a
LOAD /Applications/STM32CubeIDE.app/Contents/Eclipse/plugins/com.st.stm32cube.ide.mcu.externaltools.gnu-tools-for-stm32.13.3.rel1.macos64_1.0.0.202411102158/tools/bin/../lib/gcc/arm-none-eabi/13.3.1/../../../../arm-none-eabi/lib/thumb/v7e-m+fp/hard/libm.a
LOAD /Applications/STM32CubeIDE.app/Contents/Eclipse/plugins/com.st.stm32cube.ide.mcu.externaltools.gnu-tools-for-stm32.13.3.rel1.macos64_1.0.0.202411102158/tools/bin/../lib/gcc/arm-none-eabi/13.3.1/thumb/v7e-m+fp/hard/libgcc.a

.debug_info     0x00000000    0x15318
 .debug_info    0x00000000      0xa94 ./Core/Src/circular_buffer.o
 .debug_info    0x00000a94      0x12f ./Core/Src/crc16.o
 .debug_info    0x00000bc3      0x4fb ./Core/Src/dma.o
 .debug_info    0x000010be      0x439 ./Core/Src/gpio.o
 .debug_info    0x000014f7      0xc7e ./Core/Src/i2c.o
 .debug_info    0x00002175     0x11f1 ./Core/Src/main.o
 .debug_info    0x00003366     0x1c99 ./Core/Src/protocol.o
 .debug_info    0x00004fff      0x2ac ./Core/Src/stm32f4xx_hal_msp.o
 .debug_info    0x000052ab      0xcd0 ./Core/Src/stm32f4xx_it.o
 .debug_info    0x00005f7b      0x168 ./Core/Src/sysmem.o
 .debug_info    0x000060e3      0x54a ./Core/Src/system_stm32f4xx.o
 .debug_info    0x0000662d      0x917 ./Core/Src/tcs34725.o
 .debug_info    0x00006f44      0xc4c ./Core/Src/tim.o
 .debug_info    0x00007b90      0xbdb ./Core/Src/usart.o
 .debug_info    0x0000876b       0x30 ./Core/Startup/startup_stm32f446retx.o
 .debug_info    0x0000879b      0x99a ./Drivers/STM32F4xx_HAL_Driver/Src/stm32f4xx_hal.o
 .debug_info    0x00009135      0xdaa ./Drivers/STM32F4xx_HAL_Driver/Src/stm32f4xx_hal_cortex.o
 .debug_info    0x00009edf      0x8e7 ./Drivers/STM32F4xx_HAL_Driver/Src/stm32f4xx_hal_dma.o
 .debug_info    0x0000a7c6      0x70b ./Drivers/STM32F4xx_HAL_Driver/Src/stm32f4xx_hal_gpio.o
 .debug_info    0x0000aed1     0x2421 ./Drivers/STM32F4xx_HAL_Driver/Src/stm32f4xx_hal_i2c.o
 .debug_info    0x0000d2f2      0x8ff ./Drivers/STM32F4xx_HAL_Driver/Src/stm32f4xx_hal_rcc.o
 .debug_info    0x0000dbf1      0x960 ./Drivers/STM32F4xx_HAL_Driver/Src/stm32f4xx_hal_rcc_ex.o
 .debug_info    0x0000e551     0x299d ./Drivers/STM32F4xx_HAL_Driver/Src/stm32f4xx_hal_tim.o
 .debug_info    0x00010eee     0x14db ./Drivers/STM32F4xx_HAL_Driver/Src/stm32f4xx_hal_tim_ex.o
 .debug_info    0x000123c9     0x2f4f ./Drivers/STM32F4xx_HAL_Driver/Src/stm32f4xx_hal_uart.o

.debug_abbrev   0x00000000     0x3211
 .debug_abbrev  0x00000000      0x299 ./Core/Src/circular_buffer.o
 .debug_abbrev  0x00000299       0xaf ./Core/Src/crc16.o
 .debug_abbrev  0x00000348      0x10e ./Core/Src/dma.o
 .debug_abbrev  0x00000456      0x152 ./Core/Src/gpio.o
 .debug_abbrev  0x000005a8      0x226 ./Core/Src/i2c.o
 .debug_abbrev  0x000007ce      0x2aa ./Core/Src/main.o
 .debug_abbrev  0x00000a78      0x38a ./Core/Src/protocol.o
 .debug_abbrev  0x00000e02       0xf4 ./Core/Src/stm32f4xx_hal_msp.o
 .debug_abbrev  0x00000ef6      0x1b5 ./Core/Src/stm32f4xx_it.o
 .debug_abbrev  0x000010ab       0xbc ./Core/Src/sysmem.o
 .debug_abbrev  0x00001167      0x11a ./Core/Src/system_stm32f4xx.o
 .debug_abbrev  0x00001281      0x25d ./Core/Src/tcs34725.o
 .debug_abbrev  0x000014de      0x210 ./Core/Src/tim.o
 .debug_abbrev  0x000016ee      0x218 ./Core/Src/usart.o
 .debug_abbrev  0x00001906       0x24 ./Core/Startup/startup_stm32f446retx.o
 .debug_abbrev  0x0000192a      0x214 ./Drivers/STM32F4xx_HAL_Driver/Src/stm32f4xx_hal.o
 .debug_abbrev  0x00001b3e      0x31d ./Drivers/STM32F4xx_HAL_Driver/Src/stm32f4xx_hal_cortex.o
 .debug_abbrev  0x00001e5b      0x264 ./Drivers/STM32F4xx_HAL_Driver/Src/stm32f4xx_hal_dma.o
 .debug_abbrev  0x000020bf      0x1d4 ./Drivers/STM32F4xx_HAL_Driver/Src/stm32f4xx_hal_gpio.o
 .debug_abbrev  0x00002293      0x2ad ./Drivers/STM32F4xx_HAL_Driver/Src/stm32f4xx_hal_i2c.o
 .debug_abbrev  0x00002540      0x2b7 ./Drivers/STM32F4xx_HAL_Driver/Src/stm32f4xx_hal_rcc.o
 .debug_abbrev  0x000027f7      0x211 ./Drivers/STM32F4xx_HAL_Driver/Src/stm32f4xx_hal_rcc_ex.o
 .debug_abbrev  0x00002a08      0x278 ./Drivers/STM32F4xx_HAL_Driver/Src/stm32f4xx_hal_tim.o
 .debug_abbrev  0x00002c80      0x283 ./Drivers/STM32F4xx_HAL_Driver/Src/stm32f4xx_hal_tim_ex.o
 .debug_abbrev  0x00002f03      0x30e ./Drivers/STM32F4xx_HAL_Driver/Src/stm32f4xx_hal_uart.o

.debug_aranges  0x00000000     0x1180
 .debug_aranges
                0x00000000       0x68 ./Core/Src/circular_buffer.o
 .debug_aranges
                0x00000068       0x20 ./Core/Src/crc16.o
 .debug_aranges
                0x00000088       0x20 ./Core/Src/dma.o
 .debug_aranges
                0x000000a8       0x20 ./Core/Src/gpio.o
 .debug_aranges
                0x000000c8       0x30 ./Core/Src/i2c.o
 .debug_aranges
                0x000000f8       0x48 ./Core/Src/main.o
 .debug_aranges
                0x00000140       0x88 ./Core/Src/protocol.o
 .debug_aranges
                0x000001c8       0x20 ./Core/Src/stm32f4xx_hal_msp.o
 .debug_aranges
                0x000001e8       0x90 ./Core/Src/stm32f4xx_it.o
 .debug_aranges
                0x00000278       0x20 ./Core/Src/sysmem.o
 .debug_aranges
                0x00000298       0x28 ./Core/Src/system_stm32f4xx.o
 .debug_aranges
                0x000002c0       0x48 ./Core/Src/tcs34725.o
 .debug_aranges
                0x00000308       0x30 ./Core/Src/tim.o
 .debug_aranges
                0x00000338       0x30 ./Core/Src/usart.o
 .debug_aranges
                0x00000368       0x28 ./Core/Startup/startup_stm32f446retx.o
 .debug_aranges
                0x00000390       0xf0 ./Drivers/STM32F4xx_HAL_Driver/Src/stm32f4xx_hal.o
 .debug_aranges
                0x00000480      0x130 ./Drivers/STM32F4xx_HAL_Driver/Src/stm32f4xx_hal_cortex.o
 .debug_aranges
                0x000005b0       0x90 ./Drivers/STM32F4xx_HAL_Driver/Src/stm32f4xx_hal_dma.o
 .debug_aranges
                0x00000640       0x58 ./Drivers/STM32F4xx_HAL_Driver/Src/stm32f4xx_hal_gpio.o
 .debug_aranges
                0x00000698      0x2a8 ./Drivers/STM32F4xx_HAL_Driver/Src/stm32f4xx_hal_i2c.o
 .debug_aranges
                0x00000940       0x88 ./Drivers/STM32F4xx_HAL_Driver/Src/stm32f4xx_hal_rcc.o
 .debug_aranges
                0x000009c8       0x78 ./Drivers/STM32F4xx_HAL_Driver/Src/stm32f4xx_hal_rcc_ex.o
 .debug_aranges
                0x00000a40      0x3d0 ./Drivers/STM32F4xx_HAL_Driver/Src/stm32f4xx_hal_tim.o
 .debug_aranges
                0x00000e10      0x168 ./Drivers/STM32F4xx_HAL_Driver/Src/stm32f4xx_hal_tim_ex.o
 .debug_aranges
                0x00000f78      0x208 ./Drivers/STM32F4xx_HAL_Driver/Src/stm32f4xx_hal_uart.o

.debug_rnglists
                0x00000000      0xdcb
 .debug_rnglists
                0x00000000       0x4c ./Core/Src/circular_buffer.o
 .debug_rnglists
                0x0000004c       0x13 ./Core/Src/crc16.o
 .debug_rnglists
                0x0000005f       0x13 ./Core/Src/dma.o
 .debug_rnglists
                0x00000072       0x14 ./Core/Src/gpio.o
 .debug_rnglists
                0x00000086       0x20 ./Core/Src/i2c.o
 .debug_rnglists
                0x000000a6       0x32 ./Core/Src/main.o
 .debug_rnglists
                0x000000d8       0x88 ./Core/Src/protocol.o
 .debug_rnglists
                0x00000160       0x13 ./Core/Src/stm32f4xx_hal_msp.o
 .debug_rnglists
                0x00000173       0x67 ./Core/Src/stm32f4xx_it.o
 .debug_rnglists
                0x000001da       0x13 ./Core/Src/sysmem.o
 .debug_rnglists
                0x000001ed       0x1a ./Core/Src/system_stm32f4xx.o
 .debug_rnglists
                0x00000207       0x32 ./Core/Src/tcs34725.o
 .debug_rnglists
                0x00000239       0x20 ./Core/Src/tim.o
 .debug_rnglists
                0x00000259       0x20 ./Core/Src/usart.o
 .debug_rnglists
                0x00000279       0x19 ./Core/Startup/startup_stm32f446retx.o
 .debug_rnglists
                0x00000292       0xaf ./Drivers/STM32F4xx_HAL_Driver/Src/stm32f4xx_hal.o
 .debug_rnglists
                0x00000341       0xe0 ./Drivers/STM32F4xx_HAL_Driver/Src/stm32f4xx_hal_cortex.o
 .debug_rnglists
                0x00000421       0x70 ./Drivers/STM32F4xx_HAL_Driver/Src/stm32f4xx_hal_dma.o
 .debug_rnglists
                0x00000491       0x3f ./Drivers/STM32F4xx_HAL_Driver/Src/stm32f4xx_hal_gpio.o
 .debug_rnglists
                0x000004d0      0x23c ./Drivers/STM32F4xx_HAL_Driver/Src/stm32f4xx_hal_i2c.o
 .debug_rnglists
                0x0000070c       0x66 ./Drivers/STM32F4xx_HAL_Driver/Src/stm32f4xx_hal_rcc.o
 .debug_rnglists
                0x00000772       0x5e ./Drivers/STM32F4xx_HAL_Driver/Src/stm32f4xx_hal_rcc_ex.o
 .debug_rnglists
                0x000007d0      0x31a ./Drivers/STM32F4xx_HAL_Driver/Src/stm32f4xx_hal_tim.o
 .debug_rnglists
                0x00000aea      0x125 ./Drivers/STM32F4xx_HAL_Driver/Src/stm32f4xx_hal_tim_ex.o
 .debug_rnglists
                0x00000c0f      0x1bc ./Drivers/STM32F4xx_HAL_Driver/Src/stm32f4xx_hal_uart.o

.debug_macro    0x00000000    0x23bc7
 .debug_macro   0x00000000      0x31e ./Core/Src/circular_buffer.o
 .debug_macro   0x0000031e      0xad8 ./Core/Src/circular_buffer.o
 .debug_macro   0x00000df6      0x2a1 ./Core/Src/circular_buffer.o
 .debug_macro   0x00001097       0x2e ./Core/Src/circular_buffer.o
 .debug_macro   0x000010c5       0x28 ./Core/Src/circular_buffer.o
 .debug_macro   0x000010ed       0x22 ./Core/Src/circular_buffer.o
 .debug_macro   0x0000110f       0x8e ./Core/Src/circular_buffer.o
 .debug_macro   0x0000119d       0x51 ./Core/Src/circular_buffer.o
 .debug_macro   0x000011ee      0x103 ./Core/Src/circular_buffer.o
 .debug_macro   0x000012f1       0x6a ./Core/Src/circular_buffer.o
 .debug_macro   0x0000135b      0x1df ./Core/Src/circular_buffer.o
 .debug_macro   0x0000153a       0x1c ./Core/Src/circular_buffer.o
 .debug_macro   0x00001556       0x22 ./Core/Src/circular_buffer.o
 .debug_macro   0x00001578       0xfb ./Core/Src/circular_buffer.o
 .debug_macro   0x00001673     0x1011 ./Core/Src/circular_buffer.o
 .debug_macro   0x00002684      0x11f ./Core/Src/circular_buffer.o
 .debug_macro   0x000027a3    0x1675e ./Core/Src/circular_buffer.o
 .debug_macro   0x00018f01       0x6d ./Core/Src/circular_buffer.o
 .debug_macro   0x00018f6e     0x3693 ./Core/Src/circular_buffer.o
 .debug_macro   0x0001c601      0x190 ./Core/Src/circular_buffer.o
 .debug_macro   0x0001c791       0x5c ./Core/Src/circular_buffer.o
 .debug_macro   0x0001c7ed      0xca5 ./Core/Src/circular_buffer.o
 .debug_macro   0x0001d492      0x9e9 ./Core/Src/circular_buffer.o
 .debug_macro   0x0001de7b      0x115 ./Core/Src/circular_buffer.o
 .debug_macro   0x0001df90      0x1a0 ./Core/Src/circular_buffer.o
 .debug_macro   0x0001e130       0xa5 ./Core/Src/circular_buffer.o
 .debug_macro   0x0001e1d5      0x16d ./Core/Src/circular_buffer.o
 .debug_macro   0x0001e342      0x287 ./Core/Src/circular_buffer.o
 .debug_macro   0x0001e5c9       0x5f ./Core/Src/circular_buffer.o
 .debug_macro   0x0001e628      0x236 ./Core/Src/circular_buffer.o
 .debug_macro   0x0001e85e      0x132 ./Core/Src/circular_buffer.o
 .debug_macro   0x0001e990      0x29c ./Core/Src/circular_buffer.o
 .debug_macro   0x0001ec2c       0x2e ./Core/Src/circular_buffer.o
 .debug_macro   0x0001ec5a      0x1b5 ./Core/Src/circular_buffer.o
 .debug_macro   0x0001ee0f       0x22 ./Core/Src/circular_buffer.o
 .debug_macro   0x0001ee31       0xd6 ./Core/Src/circular_buffer.o
 .debug_macro   0x0001ef07      0x127 ./Core/Src/circular_buffer.o
 .debug_macro   0x0001f02e       0xe8 ./Core/Src/circular_buffer.o
 .debug_macro   0x0001f116       0x89 ./Core/Src/circular_buffer.o
 .debug_macro   0x0001f19f      0x8ed ./Core/Src/circular_buffer.o
 .debug_macro   0x0001fa8c       0x53 ./Core/Src/circular_buffer.o
 .debug_macro   0x0001fadf      0x2aa ./Core/Src/circular_buffer.o
 .debug_macro   0x0001fd89      0x126 ./Core/Src/circular_buffer.o
 .debug_macro   0x0001feaf       0x58 ./Core/Src/circular_buffer.o
 .debug_macro   0x0001ff07       0xbe ./Core/Src/circular_buffer.o
 .debug_macro   0x0001ffc5       0x16 ./Core/Src/circular_buffer.o
 .debug_macro   0x0001ffdb       0x58 ./Core/Src/circular_buffer.o
 .debug_macro   0x00020033       0x61 ./Core/Src/circular_buffer.o
 .debug_macro   0x00020094       0x2a ./Core/Src/circular_buffer.o
 .debug_macro   0x000200be       0x43 ./Core/Src/circular_buffer.o
 .debug_macro   0x00020101       0x34 ./Core/Src/circular_buffer.o
 .debug_macro   0x00020135       0x16 ./Core/Src/circular_buffer.o
 .debug_macro   0x0002014b       0x3c ./Core/Src/circular_buffer.o
 .debug_macro   0x00020187      0x370 ./Core/Src/circular_buffer.o
 .debug_macro   0x000204f7       0x16 ./Core/Src/circular_buffer.o
 .debug_macro   0x0002050d       0x4a ./Core/Src/circular_buffer.o
 .debug_macro   0x00020557       0x34 ./Core/Src/circular_buffer.o
 .debug_macro   0x0002058b       0x10 ./Core/Src/circular_buffer.o
 .debug_macro   0x0002059b       0x58 ./Core/Src/circular_buffer.o
 .debug_macro   0x000205f3       0x8e ./Core/Src/circular_buffer.o
 .debug_macro   0x00020681       0x1c ./Core/Src/circular_buffer.o
 .debug_macro   0x0002069d      0x185 ./Core/Src/circular_buffer.o
 .debug_macro   0x00020822       0x16 ./Core/Src/circular_buffer.o
 .debug_macro   0x00020838       0x16 ./Core/Src/circular_buffer.o
 .debug_macro   0x0002084e      0x146 ./Core/Src/circular_buffer.o
 .debug_macro   0x00020994       0x16 ./Core/Src/circular_buffer.o
 .debug_macro   0x000209aa       0x20 ./Core/Src/circular_buffer.o
 .debug_macro   0x000209ca       0x76 ./Core/Src/crc16.o
 .debug_macro   0x00020a40      0x200 ./Core/Src/dma.o
 .debug_macro   0x00020c40      0x200 ./Core/Src/gpio.o
 .debug_macro   0x00020e40      0x200 ./Core/Src/i2c.o
 .debug_macro   0x00021040      0x264 ./Core/Src/main.o
 .debug_macro   0x000212a4       0x22 ./Core/Src/main.o
 .debug_macro   0x000212c6       0xfc ./Core/Src/main.o
 .debug_macro   0x000213c2      0x35c ./Core/Src/protocol.o
 .debug_macro   0x0002171e       0x5e ./Core/Src/protocol.o
 .debug_macro   0x0002177c       0xb8 ./Core/Src/protocol.o
 .debug_macro   0x00021834       0x10 ./Core/Src/protocol.o
 .debug_macro   0x00021844       0x1c ./Core/Src/protocol.o
 .debug_macro   0x00021860       0x10 ./Core/Src/protocol.o
 .debug_macro   0x00021870       0x1c ./Core/Src/protocol.o
 .debug_macro   0x0002188c      0x1f6 ./Core/Src/stm32f4xx_hal_msp.o
 .debug_macro   0x00021a82      0x20e ./Core/Src/stm32f4xx_it.o
 .debug_macro   0x00021c90      0x112 ./Core/Src/sysmem.o
 .debug_macro   0x00021da2      0x23c ./Core/Src/sysmem.o
 .debug_macro   0x00021fde      0x1e7 ./Core/Src/system_stm32f4xx.o
 .debug_macro   0x000221c5      0x21c ./Core/Src/tcs34725.o
 .debug_macro   0x000223e1      0x200 ./Core/Src/tim.o
 .debug_macro   0x000225e1      0x200 ./Core/Src/usart.o
 .debug_macro   0x000227e1      0x247 ./Drivers/STM32F4xx_HAL_Driver/Src/stm32f4xx_hal.o
 .debug_macro   0x00022a28      0x1e7 ./Drivers/STM32F4xx_HAL_Driver/Src/stm32f4xx_hal_cortex.o
 .debug_macro   0x00022c0f      0x1ed ./Drivers/STM32F4xx_HAL_Driver/Src/stm32f4xx_hal_dma.o
 .debug_macro   0x00022dfc      0x1ed ./Drivers/STM32F4xx_HAL_Driver/Src/stm32f4xx_hal_gpio.o
 .debug_macro   0x00022fe9      0x235 ./Drivers/STM32F4xx_HAL_Driver/Src/stm32f4xx_hal_i2c.o
 .debug_macro   0x0002321e      0x20b ./Drivers/STM32F4xx_HAL_Driver/Src/stm32f4xx_hal_rcc.o
 .debug_macro   0x00023429      0x1e7 ./Drivers/STM32F4xx_HAL_Driver/Src/stm32f4xx_hal_rcc_ex.o
 .debug_macro   0x00023610      0x1e8 ./Drivers/STM32F4xx_HAL_Driver/Src/stm32f4xx_hal_tim.o
 .debug_macro   0x000237f8      0x1e7 ./Drivers/STM32F4xx_HAL_Driver/Src/stm32f4xx_hal_tim_ex.o
 .debug_macro   0x000239df      0x1e8 ./Drivers/STM32F4xx_HAL_Driver/Src/stm32f4xx_hal_uart.o

.debug_line     0x00000000    0x17e4b
 .debug_line    0x00000000      0xb26 ./Core/Src/circular_buffer.o
 .debug_line    0x00000b26      0x3e9 ./Core/Src/crc16.o
 .debug_line    0x00000f0f      0x70a ./Core/Src/dma.o